Archive member included to satisfy reference by file (symbol)

c:/program files (x86)/gnu arm embedded toolchain/10 2020-q4-major/bin/../lib/gcc/arm-none-eabi/10.2.1/../../../../arm-none-eabi/lib/thumb/v7e-m/nofp\libstdc++.a(del_ops.o)
                              Libraries/FEHIO.o (operator delete(void*, unsigned int))
c:/program files (x86)/gnu arm embedded toolchain/10 2020-q4-major/bin/../lib/gcc/arm-none-eabi/10.2.1/../../../../arm-none-eabi/lib/thumb/v7e-m/nofp\libstdc++.a(new_op.o)
                              Libraries/FEHIO.o (operator new(unsigned int))
c:/program files (x86)/gnu arm embedded toolchain/10 2020-q4-major/bin/../lib/gcc/arm-none-eabi/10.2.1/../../../../arm-none-eabi/lib/thumb/v7e-m/nofp\libstdc++.a(bad_alloc.o)
                              c:/program files (x86)/gnu arm embedded toolchain/10 2020-q4-major/bin/../lib/gcc/arm-none-eabi/10.2.1/../../../../arm-none-eabi/lib/thumb/v7e-m/nofp\libstdc++.a(new_op.o) (std::bad_alloc::~bad_alloc())
c:/program files (x86)/gnu arm embedded toolchain/10 2020-q4-major/bin/../lib/gcc/arm-none-eabi/10.2.1/../../../../arm-none-eabi/lib/thumb/v7e-m/nofp\libstdc++.a(del_op.o)
                              c:/program files (x86)/gnu arm embedded toolchain/10 2020-q4-major/bin/../lib/gcc/arm-none-eabi/10.2.1/../../../../arm-none-eabi/lib/thumb/v7e-m/nofp\libstdc++.a(del_ops.o) (operator delete(void*))
c:/program files (x86)/gnu arm embedded toolchain/10 2020-q4-major/bin/../lib/gcc/arm-none-eabi/10.2.1/../../../../arm-none-eabi/lib/thumb/v7e-m/nofp\libstdc++.a(eh_alloc.o)
                              c:/program files (x86)/gnu arm embedded toolchain/10 2020-q4-major/bin/../lib/gcc/arm-none-eabi/10.2.1/../../../../arm-none-eabi/lib/thumb/v7e-m/nofp\libstdc++.a(new_op.o) (__cxa_allocate_exception)
c:/program files (x86)/gnu arm embedded toolchain/10 2020-q4-major/bin/../lib/gcc/arm-none-eabi/10.2.1/../../../../arm-none-eabi/lib/thumb/v7e-m/nofp\libstdc++.a(eh_exception.o)
                              c:/program files (x86)/gnu arm embedded toolchain/10 2020-q4-major/bin/../lib/gcc/arm-none-eabi/10.2.1/../../../../arm-none-eabi/lib/thumb/v7e-m/nofp\libstdc++.a(bad_alloc.o) (std::exception::~exception())
c:/program files (x86)/gnu arm embedded toolchain/10 2020-q4-major/bin/../lib/gcc/arm-none-eabi/10.2.1/../../../../arm-none-eabi/lib/thumb/v7e-m/nofp\libstdc++.a(eh_terminate.o)
                              c:/program files (x86)/gnu arm embedded toolchain/10 2020-q4-major/bin/../lib/gcc/arm-none-eabi/10.2.1/../../../../arm-none-eabi/lib/thumb/v7e-m/nofp\libstdc++.a(eh_alloc.o) (std::terminate())
c:/program files (x86)/gnu arm embedded toolchain/10 2020-q4-major/bin/../lib/gcc/arm-none-eabi/10.2.1/../../../../arm-none-eabi/lib/thumb/v7e-m/nofp\libstdc++.a(eh_throw.o)
                              c:/program files (x86)/gnu arm embedded toolchain/10 2020-q4-major/bin/../lib/gcc/arm-none-eabi/10.2.1/../../../../arm-none-eabi/lib/thumb/v7e-m/nofp\libstdc++.a(new_op.o) (__cxa_throw)
c:/program files (x86)/gnu arm embedded toolchain/10 2020-q4-major/bin/../lib/gcc/arm-none-eabi/10.2.1/../../../../arm-none-eabi/lib/thumb/v7e-m/nofp\libstdc++.a(eh_unex_handler.o)
                              c:/program files (x86)/gnu arm embedded toolchain/10 2020-q4-major/bin/../lib/gcc/arm-none-eabi/10.2.1/../../../../arm-none-eabi/lib/thumb/v7e-m/nofp\libstdc++.a(eh_terminate.o) (__cxxabiv1::__unexpected_handler)
c:/program files (x86)/gnu arm embedded toolchain/10 2020-q4-major/bin/../lib/gcc/arm-none-eabi/10.2.1/../../../../arm-none-eabi/lib/thumb/v7e-m/nofp\libstdc++.a(new_handler.o)
                              c:/program files (x86)/gnu arm embedded toolchain/10 2020-q4-major/bin/../lib/gcc/arm-none-eabi/10.2.1/../../../../arm-none-eabi/lib/thumb/v7e-m/nofp\libstdc++.a(new_op.o) (std::get_new_handler())
c:/program files (x86)/gnu arm embedded toolchain/10 2020-q4-major/bin/../lib/gcc/arm-none-eabi/10.2.1/../../../../arm-none-eabi/lib/thumb/v7e-m/nofp\libstdc++.a(pure.o)
                              c:/program files (x86)/gnu arm embedded toolchain/10 2020-q4-major/bin/../lib/gcc/arm-none-eabi/10.2.1/../../../../arm-none-eabi/lib/thumb/v7e-m/nofp\libstdc++.a(eh_exception.o) (__cxa_pure_virtual)
c:/program files (x86)/gnu arm embedded toolchain/10 2020-q4-major/bin/../lib/gcc/arm-none-eabi/10.2.1/../../../../arm-none-eabi/lib/thumb/v7e-m/nofp\libstdc++.a(si_class_type_info.o)
                              c:/program files (x86)/gnu arm embedded toolchain/10 2020-q4-major/bin/../lib/gcc/arm-none-eabi/10.2.1/../../../../arm-none-eabi/lib/thumb/v7e-m/nofp\libstdc++.a(bad_alloc.o) (vtable for __cxxabiv1::__si_class_type_info)
c:/program files (x86)/gnu arm embedded toolchain/10 2020-q4-major/bin/../lib/gcc/arm-none-eabi/10.2.1/../../../../arm-none-eabi/lib/thumb/v7e-m/nofp\libstdc++.a(tinfo.o)
[...]
Memory Configuration

Name             Origin             Length             Attributes
PROGRAM_FLASH    0x0000c000         0x00073c00         xr
SRAM_UPPER       0x20000000         0x00010000         xrw
SRAM_LOWER       0x1fff0000         0x00010000         xrw
*default*        0x00000000         0xffffffff

Linker script and memory map

LOAD c:/program files (x86)/gnu arm embedded toolchain/10 2020-q4-major/bin/../lib/gcc/arm-none-eabi/10.2.1/thumb/v7e-m/nofp/crti.o
LOAD c:/program files (x86)/gnu arm embedded toolchain/10 2020-q4-major/bin/../lib/gcc/arm-none-eabi/10.2.1/thumb/v7e-m/nofp/crtbegin.o
LOAD c:/program files (x86)/gnu arm embedded toolchain/10 2020-q4-major/bin/../lib/gcc/arm-none-eabi/10.2.1/../../../../arm-none-eabi/lib/thumb/v7e-m/nofp/crt0.o
LOAD ../main.o
LOAD Startup/startup_mk60d10.o
LOAD Libraries/FEHMotor.o
LOAD Drivers/mcg.o
LOAD Drivers/i2c.o
LOAD Drivers/spi.o
LOAD Drivers/uart.o
LOAD Drivers/ff.o
LOAD Drivers/SDHC.o
LOAD Drivers/lptmr.o
LOAD FEHProteus.o
LOAD Drivers/FEHPropeller.o
LOAD Libraries/FEHUtility.o
LOAD Libraries/FEHIO.o
LOAD Drivers/adc16.o
LOAD Libraries/FEHBuzzer.o
LOAD Libraries/FEHServo.o
LOAD Libraries/FEHLCD.o
LOAD Libraries/FEHAccel.o
LOAD Libraries/FEHBattery.o
LOAD Drivers/FEHXBee.o
LOAD Libraries/FEHRPS.o
LOAD Libraries/FEHSD.o
LOAD Libraries/FEHRandom.o
LOAD c:/program files (x86)/gnu arm embedded toolchain/10 2020-q4-major/bin/../lib/gcc/arm-none-eabi/10.2.1/../../../../arm-none-eabi/lib/thumb/v7e-m/nofp\libstdc++.a
LOAD c:/program files (x86)/gnu arm embedded toolchain/10 2020-q4-major/bin/../lib/gcc/arm-none-eabi/10.2.1/../../../../arm-none-eabi/lib/thumb/v7e-m/nofp\libm.a
START GROUP
LOAD c:/program files (x86)/gnu arm embedded toolchain/10 2020-q4-major/bin/../lib/gcc/arm-none-eabi/10.2.1/thumb/v7e-m/nofp\libgcc.a
LOAD c:/program files (x86)/gnu arm embedded toolchain/10 2020-q4-major/bin/../lib/gcc/arm-none-eabi/10.2.1/../../../../arm-none-eabi/lib/thumb/v7e-m/nofp\libg.a
LOAD c:/program files (x86)/gnu arm embedded toolchain/10 2020-q4-major/bin/../lib/gcc/arm-none-eabi/10.2.1/../../../../arm-none-eabi/lib/thumb/v7e-m/nofp\libc.a
END GROUP
START GROUP
LOAD c:/program files (x86)/gnu arm embedded toolchain/10 2020-q4-major/bin/../lib/gcc/arm-none-eabi/10.2.1/thumb/v7e-m/nofp\libgcc.a
LOAD c:/program files (x86)/gnu arm embedded toolchain/10 2020-q4-major/bin/../lib/gcc/arm-none-eabi/10.2.1/../../../../arm-none-eabi/lib/thumb/v7e-m/nofp\libc.a
LOAD c:/program files (x86)/gnu arm embedded toolchain/10 2020-q4-major/bin/../lib/gcc/arm-none-eabi/10.2.1/../../../../arm-none-eabi/lib/thumb/v7e-m/nofp\libnosys.a
END GROUP
LOAD c:/program files (x86)/gnu arm embedded toolchain/10 2020-q4-major/bin/../lib/gcc/arm-none-eabi/10.2.1/thumb/v7e-m/nofp/crtend.o
LOAD c:/program files (x86)/gnu arm embedded toolchain/10 2020-q4-major/bin/../lib/gcc/arm-none-eabi/10.2.1/thumb/v7e-m/nofp/crtn.o
                0x0000c000                __base_PROGRAM_FLASH = 0xc000
                0x0000c000                __base_Flash = 0xc000
                0x0007fc00                __top_PROGRAM_FLASH = 0x7fc00
                0x0007fc00                __top_Flash = 0x7fc00
                0x20000000                __base_SRAM_UPPER = 0x20000000
                0x20000000                __base_RAM = 0x20000000
                0x20010000                __top_SRAM_UPPER = 0x20010000
                0x20010000                __top_RAM = 0x20010000
                0x1fff0000                __base_SRAM_LOWER = 0x1fff0000
                0x1fff0000                __base_RAM2 = 0x1fff0000
                0x20000000                __top_SRAM_LOWER = 0x20000000
                0x20000000                __top_RAM2 = 0x20000000

.text           0x0000c000     0xfd9c
 FILL mask 0xff
                0x0000c000                __vectors_start__ = ABSOLUTE (.)
 *(.isr_vector)
 .isr_vector    0x0000c000      0x1bc Startup/startup_mk60d10.o
                0x0000c000                g_pfnVectors
                0x0000c000                __Vectors
                0x0000c1bc                . = ALIGN (0x4)
                0x0000c1bc                __section_table_start = .
                0x0000c1bc                __data_section_table = .
                0x0000c1bc        0x4 LONG 0x1bda4 LOADADDR (.data)
                0x0000c1c0        0x4 LONG 0x20000000 ADDR (.data)
                0x0000c1c4        0x4 LONG 0x16e0 SIZEOF (.data)
                0x0000c1c8        0x4 LONG 0x1bda4 LOADADDR (.data_RAM2)
                0x0000c1cc        0x4 LONG 0x1fff0000 ADDR (.data_RAM2)
                0x0000c1d0        0x4 LONG 0x0 SIZEOF (.data_RAM2)
                0x0000c1d4                __data_section_table_end = .
                0x0000c1d4                __bss_section_table = .
                0x0000c1d4        0x4 LONG 0x200016e0 ADDR (.bss)
                0x0000c1d8        0x4 LONG 0x4b8 SIZEOF (.bss)
                0x0000c1dc        0x4 LONG 0x1fff0000 ADDR (.bss_RAM2)
                0x0000c1e0        0x4 LONG 0x0 SIZEOF (.bss_RAM2)
                0x0000c1e4                __bss_section_table_end = .
                0x0000c1e4                __section_table_end = .
 *(.after_vectors*)
 .after_vectors.init_data
                0x0000c1e4       0x42 Startup/startup_mk60d10.o
                0x0000c1e4                data_init(unsigned int, unsigned int, unsigned int)
 .after_vectors.init_bss
                0x0000c226       0x36 Startup/startup_mk60d10.o
                0x0000c226                bss_init(unsigned int, unsigned int)
 .after_vectors.reset
                0x0000c25c       0xb4 Startup/startup_mk60d10.o
                0x0000c25c                ResetISR
 .after_vectors
                0x0000c310       0x3c Startup/startup_mk60d10.o
                0x0000c310                NMI_Handler
                0x0000c316                HardFault_Handler
                0x0000c31c                MemManage_Handler
                0x0000c322                BusFault_Handler
                0x0000c328                UsageFault_Handler
                0x0000c32e                SVC_Handler
                0x0000c334                DebugMon_Handler
                0x0000c33a                PendSV_Handler
                0x0000c340                SysTick_Handler
                0x0000c346                DMA_Error_DriverIRQHandler
                0x0000c346                LPTMR0_DriverIRQHandler
                0x0000c346                FTM1_DriverIRQHandler
                0x0000c346                FTM2_DriverIRQHandler
                0x0000c346                PIT2_DriverIRQHandler
                0x0000c346                SDHC_DriverIRQHandler
                0x0000c346                I2S0_Tx_DriverIRQHandler
                0x0000c346                TSI0_DriverIRQHandler
                0x0000c346                RTC_Seconds_DriverIRQHandler
                0x0000c346                Reserved109_DriverIRQHandler
                0x0000c346                DMA6_DriverIRQHandler
                0x0000c346                LLWU_DriverIRQHandler
                0x0000c346                MCM_DriverIRQHandler
                0x0000c346                MCG_DriverIRQHandler
                0x0000c346                ENET_1588_Timer_DriverIRQHandler
                0x0000c346                DAC1_DriverIRQHandler
                0x0000c346                SPI1_DriverIRQHandler
                0x0000c346                CMP1_DriverIRQHandler
                0x0000c346                UART5_RX_TX_DriverIRQHandler
                0x0000c346                FTM0_DriverIRQHandler
                0x0000c346                IntDefaultHandler
                0x0000c346                USB0_DriverIRQHandler
                0x0000c346                UART5_ERR_DriverIRQHandler
                0x0000c346                DMA11_DriverIRQHandler
                0x0000c346                DAC0_DriverIRQHandler
                0x0000c346                DMA10_DriverIRQHandler
                0x0000c346                CMP2_DriverIRQHandler
                0x0000c346                UART2_ERR_DriverIRQHandler
                0x0000c346                SPI2_DriverIRQHandler
                0x0000c346                LVD_LVW_DriverIRQHandler
                0x0000c346                RNG_DriverIRQHandler
                0x0000c346                DMA12_DriverIRQHandler
                0x0000c346                DMA4_DriverIRQHandler
                0x0000c346                UART2_RX_TX_DriverIRQHandler
                0x0000c346                USBDCD_DriverIRQHandler
                0x0000c346                UART3_ERR_DriverIRQHandler
                0x0000c346                DMA3_DriverIRQHandler
                0x0000c346                DMA8_DriverIRQHandler
                0x0000c346                DMA9_DriverIRQHandler
                0x0000c346                UART0_ERR_DriverIRQHandler
                0x0000c346                CMT_DriverIRQHandler
                0x0000c346                ADC1_DriverIRQHandler
                0x0000c346                DMA14_DriverIRQHandler
                0x0000c346                PIT3_DriverIRQHandler
                0x0000c346                PIT1_DriverIRQHandler
                0x0000c346                WDOG_EWM_DriverIRQHandler
                0x0000c346                PDB0_DriverIRQHandler
                0x0000c346                Reserved95_DriverIRQHandler
                0x0000c346                RTC_DriverIRQHandler
                0x0000c346                I2S0_Rx_DriverIRQHandler
                0x0000c346                Read_Collision_DriverIRQHandler
                0x0000c346                SWI_DriverIRQHandler
                0x0000c346                UART4_RX_TX_DriverIRQHandler
                0x0000c346                UART4_ERR_DriverIRQHandler
                0x0000c346                DMA0_DriverIRQHandler
                0x0000c346                UART0_LON_DriverIRQHandler
                0x0000c346                Reserved102_DriverIRQHandler
                0x0000c346                DMA1_DriverIRQHandler
                0x0000c346                I2C1_DriverIRQHandler
                0x0000c346                UART3_RX_TX_DriverIRQHandler
                0x0000c346                ENET_Receive_DriverIRQHandler
                0x0000c346                DMA13_DriverIRQHandler
                0x0000c346                ENET_Error_DriverIRQHandler
                0x0000c346                DMA15_DriverIRQHandler
                0x0000c346                SPI0_DriverIRQHandler
                0x0000c346                ADC0_DriverIRQHandler
                0x0000c346                FTFL_DriverIRQHandler
                0x0000c346                CMP0_DriverIRQHandler
                0x0000c346                CAN0_DriverIRQHandler
                0x0000c346                Reserved59_DriverIRQHandler
                0x0000c346                DMA5_DriverIRQHandler
                0x0000c346                UART1_ERR_DriverIRQHandler
                0x0000c346                DMA2_DriverIRQHandler
                0x0000c346                ENET_Transmit_DriverIRQHandler
                0x0000c346                I2C0_DriverIRQHandler
                0x0000c346                CAN1_DriverIRQHandler
                0x0000c346                DMA7_DriverIRQHandler
                0x0000c346                UART1_RX_TX_DriverIRQHandler
                0x0000c346                Reserved108_DriverIRQHandler
                0x00000400                . = 0x400
 *fill*         0x0000c34c       0xb4 ff
                0x0000c400                PROVIDE (__FLASH_CONFIG_START__ = .)
 *(.FlashConfig)
 .FlashConfig   0x0000c400       0x10 Startup/startup_mk60d10.o
                0x0000c410                PROVIDE (__FLASH_CONFIG_END__ = .)
                0x00000001                ASSERT (! ((__FLASH_CONFIG_START__ == __FLASH_CONFIG_END__)), Linker Flash Config Support Enabled, but no .FlashConfig section provided within application)
 *(.text*)
 .text          0x0000c410       0x40 c:/program files (x86)/gnu arm embedded toolchain/10 2020-q4-major/bin/../lib/gcc/arm-none-eabi/10.2.1/thumb/v7e-m/nofp/crtbegin.o
 .text._Z10setUpServov
                0x0000c450       0x74 ../main.o
                0x0000c450                setUpServo()
 .text._Z13moveUpRampPT4v
                0x0000c4c4       0xec ../main.o
                0x0000c4c4                moveUpRampPT4()
 .text._Z9leverFlipi
                0x0000c5b0      0x3d4 ../main.o
                0x0000c5b0                leverFlip(int)
 *fill*         0x0000c984        0x4 ff
 .text._Z21iceCreamToFinalButtonv
                0x0000c988      0x2f0 ../main.o
                0x0000c988                iceCreamToFinalButton()
 .text.main     0x0000cc78       0x54 ../main.o
                0x0000cc78                main
 .text._Z9senseLinev
                0x0000cccc       0x80 ../main.o
                0x0000cccc                senseLine()
 .text._Z10senseLightv
                0x0000cd4c       0x40 ../main.o
                0x0000cd4c                senseLight()
 .text._Z12move_forwardii
                0x0000cd8c       0xb4 ../main.o
                0x0000cd8c                move_forward(int, int)
 .text._Z16move_forwardTimeif
                0x0000ce40       0x50 ../main.o
                0x0000ce40                move_forwardTime(int, float)
 .text._Z15move_forwardPT4ii
                0x0000ce90       0xd4 ../main.o
                0x0000ce90                move_forwardPT4(int, int)
 .text._Z10turn_rightii
                0x0000cf64       0xb8 ../main.o
                0x0000cf64                turn_right(int, int)
 .text._Z9turn_leftii
                0x0000d01c       0xb0 ../main.o
                0x0000d01c                turn_left(int, int)
 .text._Z41__static_initialization_and_destruction_0ii
                0x0000d0cc       0xec ../main.o
 .text._GLOBAL__sub_I_right_opt
                0x0000d1b8       0x10 ../main.o
 .text.PORTD_IRQHandler
                0x0000d1c8       0x50 Startup/startup_mk60d10.o
                0x0000d1c8                PORTD_IRQHandler
 .text._Z15InitPowerButtonv
                0x0000d218       0x60 Startup/startup_mk60d10.o
                0x0000d218                InitPowerButton()
 .text._ZL11pll_init_blv
                0x0000d278       0xe0 Startup/startup_mk60d10.o
 .text._Z14InitFEHProteusv
                0x0000d358       0xec Startup/startup_mk60d10.o
                0x0000d358                InitFEHProteus()
 .text.DMA0_IRQHandler
                0x0000d444        0xc Startup/startup_mk60d10.o
                0x0000d444                DMA0_IRQHandler
 .text.DMA1_IRQHandler
                0x0000d450        0xc Startup/startup_mk60d10.o
                0x0000d450                DMA1_IRQHandler
 .text.DMA2_IRQHandler
                0x0000d45c        0xc Startup/startup_mk60d10.o
                0x0000d45c                DMA2_IRQHandler
 .text.DMA3_IRQHandler
                0x0000d468        0xc Startup/startup_mk60d10.o
                0x0000d468                DMA3_IRQHandler
 .text.DMA4_IRQHandler
                0x0000d474        0xc Startup/startup_mk60d10.o
                0x0000d474                DMA4_IRQHandler
 .text.DMA5_IRQHandler
                0x0000d480        0xc Startup/startup_mk60d10.o
                0x0000d480                DMA5_IRQHandler
 .text.DMA6_IRQHandler
                0x0000d48c        0xc Startup/startup_mk60d10.o
                0x0000d48c                DMA6_IRQHandler
 .text.DMA7_IRQHandler
                0x0000d498        0xc Startup/startup_mk60d10.o
                0x0000d498                DMA7_IRQHandler
 .text.DMA8_IRQHandler
                0x0000d4a4        0xc Startup/startup_mk60d10.o
                0x0000d4a4                DMA8_IRQHandler
 .text.DMA9_IRQHandler
                0x0000d4b0        0xc Startup/startup_mk60d10.o
                0x0000d4b0                DMA9_IRQHandler
 .text.DMA10_IRQHandler
                0x0000d4bc        0xc Startup/startup_mk60d10.o
                0x0000d4bc                DMA10_IRQHandler
 .text.DMA11_IRQHandler
                0x0000d4c8        0xc Startup/startup_mk60d10.o
                0x0000d4c8                DMA11_IRQHandler
 .text.DMA12_IRQHandler
                0x0000d4d4        0xc Startup/startup_mk60d10.o
                0x0000d4d4                DMA12_IRQHandler
 .text.DMA13_IRQHandler
                0x0000d4e0        0xc Startup/startup_mk60d10.o
                0x0000d4e0                DMA13_IRQHandler
 .text.DMA14_IRQHandler
                0x0000d4ec        0xc Startup/startup_mk60d10.o
                0x0000d4ec                DMA14_IRQHandler
 .text.DMA15_IRQHandler
                0x0000d4f8        0xc Startup/startup_mk60d10.o
                0x0000d4f8                DMA15_IRQHandler
 .text.DMA_Error_IRQHandler
                0x0000d504        0xc Startup/startup_mk60d10.o
                0x0000d504                DMA_Error_IRQHandler
 .text.MCM_IRQHandler
                0x0000d510        0xc Startup/startup_mk60d10.o
                0x0000d510                MCM_IRQHandler
 .text.FTFL_IRQHandler
                0x0000d51c        0xc Startup/startup_mk60d10.o
                0x0000d51c                FTFL_IRQHandler
 .text.Read_Collision_IRQHandler
                0x0000d528        0xc Startup/startup_mk60d10.o
                0x0000d528                Read_Collision_IRQHandler
 .text.LVD_LVW_IRQHandler
                0x0000d534        0xc Startup/startup_mk60d10.o
                0x0000d534                LVD_LVW_IRQHandler
 .text.LLWU_IRQHandler
                0x0000d540        0xc Startup/startup_mk60d10.o
                0x0000d540                LLWU_IRQHandler
 .text.WDOG_EWM_IRQHandler
                0x0000d54c        0xc Startup/startup_mk60d10.o
                0x0000d54c                WDOG_EWM_IRQHandler
 .text.RNG_IRQHandler
                0x0000d558        0xc Startup/startup_mk60d10.o
                0x0000d558                RNG_IRQHandler
 .text.I2C0_IRQHandler
                0x0000d564        0xc Startup/startup_mk60d10.o
                0x0000d564                I2C0_IRQHandler
 .text.I2C1_IRQHandler
                0x0000d570        0xc Startup/startup_mk60d10.o
                0x0000d570                I2C1_IRQHandler
 .text.SPI0_IRQHandler
                0x0000d57c        0xc Startup/startup_mk60d10.o
                0x0000d57c                SPI0_IRQHandler
 .text.SPI1_IRQHandler
                0x0000d588        0xc Startup/startup_mk60d10.o
                0x0000d588                SPI1_IRQHandler
 .text.SPI2_IRQHandler
                0x0000d594        0xc Startup/startup_mk60d10.o
                0x0000d594                SPI2_IRQHandler
 .text.CAN0_ORed_Message_buffer_IRQHandler
                0x0000d5a0        0xc Startup/startup_mk60d10.o
                0x0000d5a0                CAN0_ORed_Message_buffer_IRQHandler
 .text.CAN0_Bus_Off_IRQHandler
                0x0000d5ac        0xc Startup/startup_mk60d10.o
                0x0000d5ac                CAN0_Bus_Off_IRQHandler
 .text.CAN0_Error_IRQHandler
                0x0000d5b8        0xc Startup/startup_mk60d10.o
                0x0000d5b8                CAN0_Error_IRQHandler
 .text.CAN0_Tx_Warning_IRQHandler
                0x0000d5c4        0xc Startup/startup_mk60d10.o
                0x0000d5c4                CAN0_Tx_Warning_IRQHandler
 .text.CAN0_Rx_Warning_IRQHandler
                0x0000d5d0        0xc Startup/startup_mk60d10.o
                0x0000d5d0                CAN0_Rx_Warning_IRQHandler
 .text.CAN0_Wake_Up_IRQHandler
                0x0000d5dc        0xc Startup/startup_mk60d10.o
                0x0000d5dc                CAN0_Wake_Up_IRQHandler
 .text.I2S0_Tx_IRQHandler
                0x0000d5e8        0xc Startup/startup_mk60d10.o
                0x0000d5e8                I2S0_Tx_IRQHandler
 .text.I2S0_Rx_IRQHandler
                0x0000d5f4        0xc Startup/startup_mk60d10.o
                0x0000d5f4                I2S0_Rx_IRQHandler
 .text.CAN1_ORed_Message_buffer_IRQHandler
                0x0000d600        0xc Startup/startup_mk60d10.o
                0x0000d600                CAN1_ORed_Message_buffer_IRQHandler
 .text.CAN1_Bus_Off_IRQHandler
                0x0000d60c        0xc Startup/startup_mk60d10.o
                0x0000d60c                CAN1_Bus_Off_IRQHandler
 .text.CAN1_Error_IRQHandler
                0x0000d618        0xc Startup/startup_mk60d10.o
                0x0000d618                CAN1_Error_IRQHandler
 .text.CAN1_Tx_Warning_IRQHandler
                0x0000d624        0xc Startup/startup_mk60d10.o
                0x0000d624                CAN1_Tx_Warning_IRQHandler
 .text.CAN1_Rx_Warning_IRQHandler
                0x0000d630        0xc Startup/startup_mk60d10.o
                0x0000d630                CAN1_Rx_Warning_IRQHandler
 .text.CAN1_Wake_Up_IRQHandler
                0x0000d63c        0xc Startup/startup_mk60d10.o
                0x0000d63c                CAN1_Wake_Up_IRQHandler
 .text.Reserved59_IRQHandler
                0x0000d648        0xc Startup/startup_mk60d10.o
                0x0000d648                Reserved59_IRQHandler
 .text.UART0_LON_IRQHandler
                0x0000d654        0xc Startup/startup_mk60d10.o
                0x0000d654                UART0_LON_IRQHandler
 .text.UART0_ERR_IRQHandler
                0x0000d660        0xc Startup/startup_mk60d10.o
                0x0000d660                UART0_ERR_IRQHandler
 .text.UART1_RX_TX_IRQHandler
                0x0000d66c        0xc Startup/startup_mk60d10.o
                0x0000d66c                UART1_RX_TX_IRQHandler
 .text.UART1_ERR_IRQHandler
                0x0000d678        0xc Startup/startup_mk60d10.o
                0x0000d678                UART1_ERR_IRQHandler
 .text.UART2_RX_TX_IRQHandler
                0x0000d684        0xc Startup/startup_mk60d10.o
                0x0000d684                UART2_RX_TX_IRQHandler
 .text.UART2_ERR_IRQHandler
                0x0000d690        0xc Startup/startup_mk60d10.o
                0x0000d690                UART2_ERR_IRQHandler
 .text.UART3_RX_TX_IRQHandler
                0x0000d69c        0xc Startup/startup_mk60d10.o
                0x0000d69c                UART3_RX_TX_IRQHandler
 .text.UART3_ERR_IRQHandler
                0x0000d6a8        0xc Startup/startup_mk60d10.o
                0x0000d6a8                UART3_ERR_IRQHandler
 .text.UART4_RX_TX_IRQHandler
                0x0000d6b4        0xc Startup/startup_mk60d10.o
                0x0000d6b4                UART4_RX_TX_IRQHandler
 .text.UART4_ERR_IRQHandler
                0x0000d6c0        0xc Startup/startup_mk60d10.o
                0x0000d6c0                UART4_ERR_IRQHandler
 .text.UART5_RX_TX_IRQHandler
                0x0000d6cc        0xc Startup/startup_mk60d10.o
                0x0000d6cc                UART5_RX_TX_IRQHandler
 .text.UART5_ERR_IRQHandler
                0x0000d6d8        0xc Startup/startup_mk60d10.o
                0x0000d6d8                UART5_ERR_IRQHandler
 .text.ADC0_IRQHandler
                0x0000d6e4        0xc Startup/startup_mk60d10.o
                0x0000d6e4                ADC0_IRQHandler
 .text.ADC1_IRQHandler
                0x0000d6f0        0xc Startup/startup_mk60d10.o
                0x0000d6f0                ADC1_IRQHandler
 .text.CMP0_IRQHandler
                0x0000d6fc        0xc Startup/startup_mk60d10.o
                0x0000d6fc                CMP0_IRQHandler
 .text.CMP1_IRQHandler
                0x0000d708        0xc Startup/startup_mk60d10.o
                0x0000d708                CMP1_IRQHandler
 .text.CMP2_IRQHandler
                0x0000d714        0xc Startup/startup_mk60d10.o
                0x0000d714                CMP2_IRQHandler
 .text.FTM0_IRQHandler
                0x0000d720        0xc Startup/startup_mk60d10.o
                0x0000d720                FTM0_IRQHandler
 .text.FTM1_IRQHandler
                0x0000d72c        0xc Startup/startup_mk60d10.o
                0x0000d72c                FTM1_IRQHandler
 .text.FTM2_IRQHandler
                0x0000d738        0xc Startup/startup_mk60d10.o
                0x0000d738                FTM2_IRQHandler
 .text.CMT_IRQHandler
                0x0000d744        0xc Startup/startup_mk60d10.o
                0x0000d744                CMT_IRQHandler
 .text.RTC_IRQHandler
                0x0000d750        0xc Startup/startup_mk60d10.o
                0x0000d750                RTC_IRQHandler
 .text.RTC_Seconds_IRQHandler
                0x0000d75c        0xc Startup/startup_mk60d10.o
                0x0000d75c                RTC_Seconds_IRQHandler
 .text.PIT1_IRQHandler
                0x0000d768        0xc Startup/startup_mk60d10.o
                0x0000d768                PIT1_IRQHandler
 .text.PIT2_IRQHandler
                0x0000d774        0xc Startup/startup_mk60d10.o
                0x0000d774                PIT2_IRQHandler
 .text.PIT3_IRQHandler
                0x0000d780        0xc Startup/startup_mk60d10.o
                0x0000d780                PIT3_IRQHandler
 .text.PDB0_IRQHandler
                0x0000d78c        0xc Startup/startup_mk60d10.o
                0x0000d78c                PDB0_IRQHandler
 .text.USB0_IRQHandler
                0x0000d798        0xc Startup/startup_mk60d10.o
                0x0000d798                USB0_IRQHandler
 .text.USBDCD_IRQHandler
                0x0000d7a4        0xc Startup/startup_mk60d10.o
                0x0000d7a4                USBDCD_IRQHandler
 .text.ENET_1588_Timer_IRQHandler
                0x0000d7b0        0xc Startup/startup_mk60d10.o
                0x0000d7b0                ENET_1588_Timer_IRQHandler
 .text.ENET_Transmit_IRQHandler
                0x0000d7bc        0xc Startup/startup_mk60d10.o
                0x0000d7bc                ENET_Transmit_IRQHandler
 .text.ENET_Receive_IRQHandler
                0x0000d7c8        0xc Startup/startup_mk60d10.o
                0x0000d7c8                ENET_Receive_IRQHandler
 .text.ENET_Error_IRQHandler
                0x0000d7d4        0xc Startup/startup_mk60d10.o
                0x0000d7d4                ENET_Error_IRQHandler
 .text.Reserved95_IRQHandler
                0x0000d7e0        0xc Startup/startup_mk60d10.o
                0x0000d7e0                Reserved95_IRQHandler
 .text.SDHC_IRQHandler
                0x0000d7ec        0xc Startup/startup_mk60d10.o
                0x0000d7ec                SDHC_IRQHandler
 .text.DAC0_IRQHandler
                0x0000d7f8        0xc Startup/startup_mk60d10.o
                0x0000d7f8                DAC0_IRQHandler
 .text.DAC1_IRQHandler
                0x0000d804        0xc Startup/startup_mk60d10.o
                0x0000d804                DAC1_IRQHandler
 .text.TSI0_IRQHandler
                0x0000d810        0xc Startup/startup_mk60d10.o
                0x0000d810                TSI0_IRQHandler
 .text.MCG_IRQHandler
                0x0000d81c        0xc Startup/startup_mk60d10.o
                0x0000d81c                MCG_IRQHandler
 .text.LPTMR0_IRQHandler
                0x0000d828        0xc Startup/startup_mk60d10.o
                0x0000d828                LPTMR0_IRQHandler
 .text.Reserved102_IRQHandler
                0x0000d834        0xc Startup/startup_mk60d10.o
                0x0000d834                Reserved102_IRQHandler
 .text.Reserved108_IRQHandler
                0x0000d840        0xc Startup/startup_mk60d10.o
                0x0000d840                Reserved108_IRQHandler
 .text.Reserved109_IRQHandler
                0x0000d84c        0xc Startup/startup_mk60d10.o
                0x0000d84c                Reserved109_IRQHandler
 .text.SWI_IRQHandler
                0x0000d858        0xc Startup/startup_mk60d10.o
                0x0000d858                SWI_IRQHandler
 *fill*         0x0000d864        0x4 ff
 .text._ZN8FEHMotorC2ENS_12FEHMotorPortEf
                0x0000d868       0x7c Libraries/FEHMotor.o
                0x0000d868                FEHMotor::FEHMotor(FEHMotor::FEHMotorPort, float)
                0x0000d868                FEHMotor::FEHMotor(FEHMotor::FEHMotorPort, float)
 .text._ZN8FEHMotor4StopEv
                0x0000d8e4       0x30 Libraries/FEHMotor.o
                0x0000d8e4                FEHMotor::Stop()
 .text._ZN8FEHMotor8SetPowerEi
                0x0000d914       0x54 Libraries/FEHMotor.o
                0x0000d914                FEHMotor::SetPower(int)
 .text._ZN8FEHMotor10SetPercentEf
                0x0000d968       0xf8 Libraries/FEHMotor.o
                0x0000d968                FEHMotor::SetPercent(float)
 .text._Z21IIC_StartTransmissionhh
                0x0000da60       0x6c Drivers/i2c.o
                0x0000da60                IIC_StartTransmission(unsigned char, unsigned char)
 .text._Z5Pausev
                0x0000dacc       0x24 Drivers/i2c.o
                0x0000dacc                Pause()
 .text._Z21MMA8451QWriteRegisterhh
                0x0000daf0       0x68 Drivers/i2c.o
                0x0000daf0                MMA8451QWriteRegister(unsigned char, unsigned char)
 .text._Z8i2c_Waitv
                0x0000db58       0x6c Drivers/i2c.o
                0x0000db58                i2c_Wait()
 .text._Z12SPI_SendCharh
                0x0000dbc4       0x1a Drivers/spi.o
                0x0000dbc4                SPI_SendChar(unsigned char)
 .text._Z16SPI_WriteCommandhh
                0x0000dbde       0x34 Drivers/spi.o
                0x0000dbde                SPI_WriteCommand(unsigned char, unsigned char)
 .text._Z11SPI_GetCharv
                0x0000dc12       0x10 Drivers/spi.o
                0x0000dc12                SPI_GetChar()
 .text._Z15SPI_ReadCommandh
                0x0000dc22       0x38 Drivers/spi.o
                0x0000dc22                SPI_ReadCommand(unsigned char)
 *fill*         0x0000dc5a        0x2 ff
 .text._Z13SPI_CS_Assertv
                0x0000dc5c       0x1c Drivers/spi.o
                0x0000dc5c                SPI_CS_Assert()
 .text._Z15SPI_CS_Deassertv
                0x0000dc78       0x1c Drivers/spi.o
                0x0000dc78                SPI_CS_Deassert()
 .text._Z12SPI_Transferh
                0x0000dc94       0x6c Drivers/spi.o
                0x0000dc94                SPI_Transfer(unsigned char)
 .text._Z8SPI_Initv
                0x0000dd00       0xa0 Drivers/spi.o
                0x0000dd00                SPI_Init()
 .text._Z9uart_initPV11UART_MemMapii
                0x0000dda0      0x174 Drivers/uart.o
                0x0000dda0                uart_init(UART_MemMap volatile*, int, int)
 .text._Z12uart_getcharPV11UART_MemMap
                0x0000df14       0x32 Drivers/uart.o
                0x0000df14                uart_getchar(UART_MemMap volatile*)
 .text._Z12uart_putcharPV11UART_MemMapc
                0x0000df46       0x32 Drivers/uart.o
                0x0000df46                uart_putchar(UART_MemMap volatile*, char)
 .text._ZL7mem_setPvij
                0x0000df78       0x3c Drivers/ff.o
 .text._ZL11move_windowP5FATFSm
                0x0000dfb4       0xc8 Drivers/ff.o
 .text._ZL4syncP5FATFS
                0x0000e07c      0x14c Drivers/ff.o
 .text._ZL8validateP5FATFSt
                0x0000e1c8       0x54 Drivers/ff.o
 .text._Z6f_syncP3FIL
                0x0000e21c      0x186 Drivers/ff.o
                0x0000e21c                f_sync(FIL*)
 .text._Z7f_closeP3FIL
                0x0000e3a2       0x28 Drivers/ff.o
                0x0000e3a2                f_close(FIL*)
 *fill*         0x0000e3ca        0x2 ff
 .text._ZL17SDHC_set_baudratemm
                0x0000e3cc       0xe8 Drivers/SDHC.o
 .text._Z9SDHC_initP17esdhc_info_structPK17esdhc_init_struct
                0x0000e4b4      0x130 Drivers/SDHC.o
                0x0000e4b4                SDHC_init(esdhc_info_struct*, esdhc_init_struct const*)
 .text._ZL15SDHC_is_runningv
                0x0000e5e4       0x24 Drivers/SDHC.o
 .text._ZL16SDHC_status_waitm
                0x0000e608       0x2c Drivers/SDHC.o
 .text._ZL17SDHC_send_commandP20esdhc_command_struct
                0x0000e634      0x1f8 Drivers/SDHC.o
 .text._Z10SDHC_ioctlmPv
                0x0000e82c      0x6f0 Drivers/SDHC.o
                0x0000e82c                SDHC_ioctl(unsigned long, void*)
 .text._ZL14rcvr_datablockPhm
                0x0000ef1c       0xf0 Drivers/SDHC.o
 .text._Z9disk_readhPhmh
                0x0000f00c      0x124 Drivers/SDHC.o
                0x0000f00c                disk_read(unsigned char, unsigned char*, unsigned long, unsigned char)
 .text._ZL14xmit_datablockPKhm
                0x0000f130       0xa4 Drivers/SDHC.o
 .text._Z10disk_writehPKhmh
                0x0000f1d4      0x198 Drivers/SDHC.o
                0x0000f1d4                disk_write(unsigned char, unsigned char const*, unsigned long, unsigned char)
 .text._Z10disk_ioctlhhPv
                0x0000f36c      0x104 Drivers/SDHC.o
                0x0000f36c                disk_ioctl(unsigned char, unsigned char, void*)
 .text._Z11disk_statush
                0x0000f470       0x28 Drivers/SDHC.o
                0x0000f470                disk_status(unsigned char)
 .text._Z13time_delay_msm
                0x0000f498       0x6c Drivers/lptmr.o
                0x0000f498                time_delay_ms(unsigned long)
 .text._Z41__static_initialization_and_destruction_0ii
                0x0000f504       0x2c FEHProteus.o
 .text._GLOBAL__sub_I_Propeller
                0x0000f530       0x10 FEHProteus.o
 .text._ZN12FEHPropellerC2Ev
                0x0000f540       0x1a Drivers/FEHPropeller.o
                0x0000f540                FEHPropeller::FEHPropeller()
                0x0000f540                FEHPropeller::FEHPropeller()
 *fill*         0x0000f55a        0x2 ff
 .text._ZN12FEHPropeller10InitializeEv
                0x0000f55c       0x74 Drivers/FEHPropeller.o
                0x0000f55c                FEHPropeller::Initialize()
 .text._ZN12FEHPropeller12SetMotorRateEhhh
                0x0000f5d0       0x5c Drivers/FEHPropeller.o
                0x0000f5d0                FEHPropeller::SetMotorRate(unsigned char, unsigned char, unsigned char)
 .text._ZL5Delaymjj
                0x0000f62c       0x94 Libraries/FEHUtility.o
 .text._Z5Sleepi
                0x0000f6c0       0x2c Libraries/FEHUtility.o
                0x0000f6c0                Sleep(int)
 .text._Z5Sleepf
                0x0000f6ec       0x40 Libraries/FEHUtility.o
                0x0000f6ec                Sleep(float)
 .text._Z5Sleepd
                0x0000f72c       0x4c Libraries/FEHUtility.o
                0x0000f72c                Sleep(double)
 .text._Z11TimeNowMSecv
                0x0000f778       0x38 Libraries/FEHUtility.o
                0x0000f778                TimeNowMSec()
 .text._ZN15DigitalInputPinC2EN5FEHIO8FEHIOPinE
                0x0000f7b0       0x20 Libraries/FEHIO.o
                0x0000f7b0                DigitalInputPin::DigitalInputPin(FEHIO::FEHIOPin)
                0x0000f7b0                DigitalInputPin::DigitalInputPin(FEHIO::FEHIOPin)
 .text._ZN15DigitalInputPin10InitializeEN5FEHIO8FEHIOPinE
                0x0000f7d0      0x198 Libraries/FEHIO.o
                0x0000f7d0                DigitalInputPin::Initialize(FEHIO::FEHIOPin)
 .text._ZN15DigitalInputPin5ValueEv
                0x0000f968      0x108 Libraries/FEHIO.o
                0x0000f968                DigitalInputPin::Value()
 .text._ZN14DigitalEncoderC2EN5FEHIO8FEHIOPinE
                0x0000fa70       0x26 Libraries/FEHIO.o
                0x0000fa70                DigitalEncoder::DigitalEncoder(FEHIO::FEHIOPin)
                0x0000fa70                DigitalEncoder::DigitalEncoder(FEHIO::FEHIOPin)
 *fill*         0x0000fa96        0x2 ff
 .text._Z10enable_irqi
                0x0000fa98      0x11c Libraries/FEHIO.o
                0x0000fa98                enable_irq(int)
 .text._ZN14DigitalEncoder10InitializeEN5FEHIO8FEHIOPinENS0_21FEHIOInterruptTriggerE
                0x0000fbb4      0x1a8 Libraries/FEHIO.o
                0x0000fbb4                DigitalEncoder::Initialize(FEHIO::FEHIOPin, FEHIO::FEHIOInterruptTrigger)
 .text._Z16PORTB_IRQHandlerv
                0x0000fd5c       0xa0 Libraries/FEHIO.o
                0x0000fd5c                PORTB_IRQHandler()
 .text._Z16PORTC_IRQHandlerv
                0x0000fdfc       0xa0 Libraries/FEHIO.o
                0x0000fdfc                PORTC_IRQHandler()
 .text._Z16PORTA_IRQHandlerv
                0x0000fe9c       0xa4 Libraries/FEHIO.o
                0x0000fe9c                PORTA_IRQHandler()
 .text._Z16PORTE_IRQHandlerv
                0x0000ff40       0x9c Libraries/FEHIO.o
                0x0000ff40                PORTE_IRQHandler()
 .text._ZN14DigitalEncoder6CountsEv
                0x0000ffdc       0x24 Libraries/FEHIO.o
                0x0000ffdc                DigitalEncoder::Counts()
 .text._ZN14DigitalEncoder11ResetCountsEv
                0x00010000       0x24 Libraries/FEHIO.o
                0x00010000                DigitalEncoder::ResetCounts()
 .text._ZN14AnalogInputPinC2EN5FEHIO8FEHIOPinE
                0x00010024       0x1e Libraries/FEHIO.o
                0x00010024                AnalogInputPin::AnalogInputPin(FEHIO::FEHIOPin)
                0x00010024                AnalogInputPin::AnalogInputPin(FEHIO::FEHIOPin)
 *fill*         0x00010042        0x6 ff
 .text._ZN14AnalogInputPin5ValueEv
                0x00010048      0x120 Libraries/FEHIO.o
                0x00010048                AnalogInputPin::Value()
 .text._ZN13AnalogEncoder12EncoderValueEv
                0x00010168       0xb0 Libraries/FEHIO.o
                0x00010168                AnalogEncoder::EncoderValue()
 .text._ZN14AnalogInputPin8InitADCsEv
                0x00010218       0x98 Libraries/FEHIO.o
                0x00010218                AnalogInputPin::InitADCs()
 .text._Z15PIT0_IRQHandlerv
                0x000102b0       0x28 Libraries/FEHIO.o
                0x000102b0                PIT0_IRQHandler()
 .text._ZN13AnalogEncoder4InitEv
                0x000102d8       0x44 Libraries/FEHIO.o
                0x000102d8                AnalogEncoder::Init()
 .text._ZN13AnalogEncoder14SetCounterInitEj
                0x0001031c       0x20 Libraries/FEHIO.o
                0x0001031c                AnalogEncoder::SetCounterInit(unsigned int)
 .text._ZN13AnalogEncoder10ProcessIntEv
                0x0001033c       0x68 Libraries/FEHIO.o
                0x0001033c                AnalogEncoder::ProcessInt()
 .text._ZN13AnalogEncoder14ProcessIntSelfEv
                0x000103a4       0x6e Libraries/FEHIO.o
                0x000103a4                AnalogEncoder::ProcessIntSelf()
 .text._Z7ADC_CalPV10ADC_MemMap
                0x00010412      0x13e Drivers/adc16.o
                0x00010412                ADC_Cal(ADC_MemMap volatile*)
 .text._Z14ADC_Config_AltPV10ADC_MemMapP7adc_cfg
                0x00010550       0x6c Drivers/adc16.o
                0x00010550                ADC_Config_Alt(ADC_MemMap volatile*, adc_cfg*)
 .text._ZN9FEHBuzzerC2Ev
                0x000105bc       0x14 Libraries/FEHBuzzer.o
                0x000105bc                FEHBuzzer::FEHBuzzer()
                0x000105bc                FEHBuzzer::FEHBuzzer()
 .text._Z41__static_initialization_and_destruction_0ii
                0x000105d0       0x2c Libraries/FEHBuzzer.o
 .text._GLOBAL__sub_I_Buzzer
                0x000105fc       0x10 Libraries/FEHBuzzer.o
 .text._ZN8FEHServoC2ENS_12FEHServoPortE
                0x0001060c       0x38 Libraries/FEHServo.o
                0x0001060c                FEHServo::FEHServo(FEHServo::FEHServoPort)
                0x0001060c                FEHServo::FEHServo(FEHServo::FEHServoPort)
 .text._ZN8FEHServo6SetMinEi
                0x00010644       0x3a Libraries/FEHServo.o
                0x00010644                FEHServo::SetMin(int)
 .text._ZN8FEHServo6SetMaxEi
                0x0001067e       0x3a Libraries/FEHServo.o
                0x0001067e                FEHServo::SetMax(int)
 .text._ZN8FEHServo9SetDegreeEf
                0x000106b8       0xf8 Libraries/FEHServo.o
                0x000106b8                FEHServo::SetDegree(float)
 .text._ZN6FEHLCD11_InitializeEv
                0x000107b0      0x410 Libraries/FEHLCD.o
                0x000107b0                FEHLCD::_Initialize()
 .text._ZN6FEHLCDC2Ev
                0x00010bc0       0x50 Libraries/FEHLCD.o
                0x00010bc0                FEHLCD::FEHLCD()
                0x00010bc0                FEHLCD::FEHLCD()
 .text._ZN6FEHLCD10InitializeEv
                0x00010c10       0x28 Libraries/FEHLCD.o
                0x00010c10                FEHLCD::Initialize()
 .text._ZN6FEHLCD10PrintImageEii
                0x00010c38       0xbc Libraries/FEHLCD.o
                0x00010c38                FEHLCD::PrintImage(int, int)
 .text._ZN6FEHLCD9PrintLogoEii
                0x00010cf4       0xbc Libraries/FEHLCD.o
                0x00010cf4                FEHLCD::PrintLogo(int, int)
 .text._ZN6FEHLCD22ConvertFEHColorTo24BitENS_11FEHLCDColorE
                0x00010db0       0x78 Libraries/FEHLCD.o
                0x00010db0                FEHLCD::ConvertFEHColorTo24Bit(FEHLCD::FEHLCDColor)
 .text._ZN6FEHLCD24Convert24BitColorTo16BitEj
                0x00010e28       0x30 Libraries/FEHLCD.o
                0x00010e28                FEHLCD::Convert24BitColorTo16Bit(unsigned int)
 .text._ZN6FEHLCD22ConvertRGBColorTo16BitEhhh
                0x00010e58       0x4a Libraries/FEHLCD.o
                0x00010e58                FEHLCD::ConvertRGBColorTo16Bit(unsigned char, unsigned char, unsigned char)
 .text._ZN6FEHLCD5ClearENS_11FEHLCDColorE
                0x00010ea2       0x28 Libraries/FEHLCD.o
                0x00010ea2                FEHLCD::Clear(FEHLCD::FEHLCDColor)
 .text._ZN6FEHLCD5ClearEj
                0x00010eca       0x2c Libraries/FEHLCD.o
                0x00010eca                FEHLCD::Clear(unsigned int)
 .text._ZN6FEHLCD5ClearEv
                0x00010ef6       0x16 Libraries/FEHLCD.o
                0x00010ef6                FEHLCD::Clear()
 .text._ZN6FEHLCD18SetBackgroundColorENS_11FEHLCDColorE
                0x00010f0c       0x28 Libraries/FEHLCD.o
                0x00010f0c                FEHLCD::SetBackgroundColor(FEHLCD::FEHLCDColor)
 .text._ZN6FEHLCD18SetBackgroundColorEj
                0x00010f34       0x26 Libraries/FEHLCD.o
                0x00010f34                FEHLCD::SetBackgroundColor(unsigned int)
 .text._ZN6FEHLCD12SetFontColorENS_11FEHLCDColorE
                0x00010f5a       0x28 Libraries/FEHLCD.o
                0x00010f5a                FEHLCD::SetFontColor(FEHLCD::FEHLCDColor)
 .text._ZN6FEHLCD12SetFontColorEj
                0x00010f82       0x26 Libraries/FEHLCD.o
                0x00010f82                FEHLCD::SetFontColor(unsigned int)
 .text._ZN6FEHLCD7WriteAtEPKcii
                0x00010fa8       0x46 Libraries/FEHLCD.o
                0x00010fa8                FEHLCD::WriteAt(char const*, int, int)
 .text._ZN6FEHLCD11TS_SPI_InitEv
                0x00010fee       0x7c Libraries/FEHLCD.o
                0x00010fee                FEHLCD::TS_SPI_Init()
 *fill*         0x0001106a        0x6 ff
 .text._ZN6FEHLCD5TouchEPfS0_
                0x00011070      0x1fc Libraries/FEHLCD.o
                0x00011070                FEHLCD::Touch(float*, float*)
 .text._ZN6FEHLCD3absEi
                0x0001126c       0x22 Libraries/FEHLCD.o
                0x0001126c                FEHLCD::abs(int)
 .text._ZN6FEHLCD5WriteEPKc
                0x0001128e       0x4e Libraries/FEHLCD.o
                0x0001128e                FEHLCD::Write(char const*)
 .text._ZN6FEHLCD5WriteEi
                0x000112dc       0x30 Libraries/FEHLCD.o
                0x000112dc                FEHLCD::Write(int)
 .text._ZN6FEHLCD5WriteEf
                0x0001130c       0xc0 Libraries/FEHLCD.o
                0x0001130c                FEHLCD::Write(float)
 .text._ZN6FEHLCD5WriteEb
                0x000113cc       0x34 Libraries/FEHLCD.o
                0x000113cc                FEHLCD::Write(bool)
 .text._ZN6FEHLCD5WriteEc
                0x00011400       0x30 Libraries/FEHLCD.o
                0x00011400                FEHLCD::Write(char)
 .text._ZN6FEHLCD9WriteLineEPKc
                0x00011430       0x26 Libraries/FEHLCD.o
                0x00011430                FEHLCD::WriteLine(char const*)
 .text._ZN6FEHLCD9WriteLineEi
                0x00011456       0x26 Libraries/FEHLCD.o
                0x00011456                FEHLCD::WriteLine(int)
 .text._ZN6FEHLCD9WriteLineEf
                0x0001147c       0x26 Libraries/FEHLCD.o
                0x0001147c                FEHLCD::WriteLine(float)
 .text._ZN6FEHLCD9WriteLineEb
                0x000114a2       0x2a Libraries/FEHLCD.o
                0x000114a2                FEHLCD::WriteLine(bool)
 .text._ZN6FEHLCD9WriteLineEc
                0x000114cc       0x2a Libraries/FEHLCD.o
                0x000114cc                FEHLCD::WriteLine(char)
 *fill*         0x000114f6        0x2 ff
 .text._ZN6FEHLCD10WriteIndexEh
                0x000114f8      0x14c Libraries/FEHLCD.o
                0x000114f8                FEHLCD::WriteIndex(unsigned char)
 .text._ZN6FEHLCD14WriteParameterEh
                0x00011644      0x130 Libraries/FEHLCD.o
                0x00011644                FEHLCD::WriteParameter(unsigned char)
 .text._ZN6FEHLCD6_ClearEv
                0x00011774      0x15c Libraries/FEHLCD.o
                0x00011774                FEHLCD::_Clear()
 .text._ZN6FEHLCD8NextLineEv
                0x000118d0       0x2a Libraries/FEHLCD.o
                0x000118d0                FEHLCD::NextLine()
 .text._ZN6FEHLCD9CheckLineEv
                0x000118fa       0x28 Libraries/FEHLCD.o
                0x000118fa                FEHLCD::CheckLine()
 .text._ZN6FEHLCD8NextCharEv
                0x00011922       0x32 Libraries/FEHLCD.o
                0x00011922                FEHLCD::NextChar()
 .text._ZN6FEHLCD9DrawPixelEii
                0x00011954       0x2a Libraries/FEHLCD.o
                0x00011954                FEHLCD::DrawPixel(int, int)
 .text._Z4SwapRiS_
                0x0001197e       0x28 Libraries/FEHLCD.o
                0x0001197e                Swap(int&, int&)
 .text._ZN6FEHLCD13DrawRectangleEiiii
                0x000119a6       0x7c Libraries/FEHLCD.o
                0x000119a6                FEHLCD::DrawRectangle(int, int, int, int)
 .text._ZN6FEHLCD13SetDrawRegionEiiii
                0x00011a22       0xfe Libraries/FEHLCD.o
                0x00011a22                FEHLCD::SetDrawRegion(int, int, int, int)
 .text._ZN6FEHLCD8DrawLineEiiii
                0x00011b20      0x14c Libraries/FEHLCD.o
                0x00011b20                FEHLCD::DrawLine(int, int, int, int)
 .text._ZN6FEHLCD9WriteCharEiic
                0x00011c6c       0x34 Libraries/FEHLCD.o
                0x00011c6c                FEHLCD::WriteChar(int, int, char)
 .text._ZN6FEHLCD11WriteCharAtEiic
                0x00011ca0      0x214 Libraries/FEHLCD.o
                0x00011ca0                FEHLCD::WriteCharAt(int, int, char)
 .text._ZN6FEHLCD11RepeatColorEv
                0x00011eb4       0x70 Libraries/FEHLCD.o
                0x00011eb4                FEHLCD::RepeatColor()
 .text._ZN6FEHLCD10_ForePixelEv
                0x00011f24       0xc4 Libraries/FEHLCD.o
                0x00011f24                FEHLCD::_ForePixel()
 .text._ZN6FEHLCD10_BackPixelEv
                0x00011fe8       0xc4 Libraries/FEHLCD.o
                0x00011fe8                FEHLCD::_BackPixel()
 .text._ZN6FEHLCD22SetRegisterColorValuesEv
                0x000120ac      0x336 Libraries/FEHLCD.o
                0x000120ac                FEHLCD::SetRegisterColorValues()
 .text._ZN7FEHIcon4IconC2Ev
                0x000123e2       0x14 Libraries/FEHLCD.o
                0x000123e2                FEHIcon::Icon::Icon()
                0x000123e2                FEHIcon::Icon::Icon()
 .text._ZN7FEHIcon4Icon13SetPropertiesEPciiiijj
                0x000123f6       0x6a Libraries/FEHLCD.o
                0x000123f6                FEHIcon::Icon::SetProperties(char*, int, int, int, int, unsigned int, unsigned int)
 .text._ZN7FEHIcon4Icon4DrawEv
                0x00012460       0x90 Libraries/FEHLCD.o
                0x00012460                FEHIcon::Icon::Draw()
 .text._ZN7FEHIcon4Icon6SelectEv
                0x000124f0       0x90 Libraries/FEHLCD.o
                0x000124f0                FEHIcon::Icon::Select()
 .text._ZN7FEHIcon4Icon8DeselectEv
                0x00012580       0x8c Libraries/FEHLCD.o
                0x00012580                FEHIcon::Icon::Deselect()
 .text._ZN7FEHIcon4Icon7PressedEffi
                0x0001260c      0x13c Libraries/FEHLCD.o
                0x0001260c                FEHIcon::Icon::Pressed(float, float, int)
 .text._ZN7FEHIcon4Icon12WhilePressedEff
                0x00012748       0x50 Libraries/FEHLCD.o
                0x00012748                FEHIcon::Icon::WhilePressed(float, float)
 .text._ZN7FEHIcon13DrawIconArrayEPNS_4IconEiiiiiiPA20_cjj
                0x00012798      0x168 Libraries/FEHLCD.o
                0x00012798                FEHIcon::DrawIconArray(FEHIcon::Icon*, int, int, int, int, int, int, char (*) [20], unsigned int, unsigned int)
 .text._Z41__static_initialization_and_destruction_0ii
                0x00012900       0x2c Libraries/FEHLCD.o
 .text._GLOBAL__sub_I_image
                0x0001292c       0x10 Libraries/FEHLCD.o
 .text._ZN8FEHAccelC2Ev
                0x0001293c       0x70 Libraries/FEHAccel.o
                0x0001293c                FEHAccel::FEHAccel()
                0x0001293c                FEHAccel::FEHAccel()
 .text._Z41__static_initialization_and_destruction_0ii
                0x000129ac       0x2c Libraries/FEHAccel.o
 .text._GLOBAL__sub_I_Accel
                0x000129d8       0x10 Libraries/FEHAccel.o
 .text._ZN10FEHBatteryC2EN5FEHIO8FEHIOPinE
                0x000129e8       0x22 Libraries/FEHBattery.o
                0x000129e8                FEHBattery::FEHBattery(FEHIO::FEHIOPin)
                0x000129e8                FEHBattery::FEHBattery(FEHIO::FEHIOPin)
 *fill*         0x00012a0a        0x2 ff
 .text._Z41__static_initialization_and_destruction_0ii
                0x00012a0c       0x30 Libraries/FEHBattery.o
 .text._GLOBAL__sub_I_Battery
                0x00012a3c       0x10 Libraries/FEHBattery.o
 .text._ZN7FEHXBeeC2Ev
                0x00012a4c       0x1a Drivers/FEHXBee.o
                0x00012a4c                FEHXBee::FEHXBee()
                0x00012a4c                FEHXBee::FEHXBee()
 *fill*         0x00012a66        0x2 ff
 .text._ZN7FEHXBee10InitializeEv
                0x00012a68       0xdc Drivers/FEHXBee.o
                0x00012a68                FEHXBee::Initialize()
 .text._ZN7FEHXBee13IsInitializedEv
                0x00012b44       0x16 Drivers/FEHXBee.o
                0x00012b44                FEHXBee::IsInitialized()
 *fill*         0x00012b5a        0x2 ff
 .text._ZN7FEHXBee17ReceiveDataSearchEPcjh
                0x00012b5c       0x8c Drivers/FEHXBee.o
                0x00012b5c                FEHXBee::ReceiveDataSearch(char*, unsigned int, unsigned char)
 .text._ZN7FEHXBee8SendDataEPcj
                0x00012be8       0x40 Drivers/FEHXBee.o
                0x00012be8                FEHXBee::SendData(char*, unsigned int)
 .text._ZN7FEHXBee17SetPacketCallBackEPFvPhhE
                0x00012c28       0x20 Drivers/FEHXBee.o
                0x00012c28                FEHXBee::SetPacketCallBack(void (*)(unsigned char*, unsigned char))
 .text._Z22UART0_RX_TX_IRQHandlerv
                0x00012c48       0xec Drivers/FEHXBee.o
                0x00012c48                UART0_RX_TX_IRQHandler()
 .text._ZN6FEHRPSC2Ev
                0x00012d34       0x74 Libraries/FEHRPS.o
                0x00012d34                FEHRPS::FEHRPS()
                0x00012d34                FEHRPS::FEHRPS()
 .text._ZN6FEHRPS10InitializeEi
                0x00012da8      0x664 Libraries/FEHRPS.o
                0x00012da8                FEHRPS::Initialize(int)
 .text._ZN6FEHRPS10InitializeEc
                0x0001340c       0x46 Libraries/FEHRPS.o
                0x0001340c                FEHRPS::Initialize(char)
 *fill*         0x00013452        0x2 ff
 .text._ZN6FEHRPS19InitializeTouchMenuEv
                0x00013454      0x41c Libraries/FEHRPS.o
                0x00013454                FEHRPS::InitializeTouchMenu()
 .text._ZN6FEHRPS19CurrentRegionLetterEv
                0x00013870       0x1c Libraries/FEHRPS.o
                0x00013870                FEHRPS::CurrentRegionLetter()
 .text._ZN6FEHRPS11GetIceCreamEv
                0x0001388c       0x1c Libraries/FEHRPS.o
                0x0001388c                FEHRPS::GetIceCream()
 .text._ZN6FEHRPS13WaitForPacketEv
                0x000138a8       0x58 Libraries/FEHRPS.o
                0x000138a8                FEHRPS::WaitForPacket()
 .text._Z14RPSDataProcessPhh
                0x00013900      0x148 Libraries/FEHRPS.o
                0x00013900                RPSDataProcess(unsigned char*, unsigned char)
 .text._Z41__static_initialization_and_destruction_0ii
                0x00013a48       0x2c Libraries/FEHRPS.o
 .text._GLOBAL__sub_I_RPS
                0x00013a74       0x10 Libraries/FEHRPS.o
 .text._ZN5FEHSDC2Ev
                0x00013a84       0x24 Libraries/FEHSD.o
                0x00013a84                FEHSD::FEHSD()
                0x00013a84                FEHSD::FEHSD()
 .text._ZN5FEHSD9FCloseAllEv
                0x00013aa8       0x6c Libraries/FEHSD.o
                0x00013aa8                FEHSD::FCloseAll()
 .text._Z41__static_initialization_and_destruction_0ii
                0x00013b14       0x2c Libraries/FEHSD.o
 .text._GLOBAL__sub_I_SD
                0x00013b40       0x10 Libraries/FEHSD.o
 .text._ZN9FEHRandom10InitializeEv
                0x00013b50       0x3c Libraries/FEHRandom.o
                0x00013b50                FEHRandom::Initialize()
 .text.startup._GLOBAL__sub_I__ZN9__gnu_cxx9__freeresEv
                0x00013b8c       0x28 c:/program files (x86)/gnu arm embedded toolchain/10 2020-q4-major/bin/../lib/gcc/arm-none-eabi/10.2.1/../../../../arm-none-eabi/lib/thumb/v7e-m/nofp\libstdc++.a(eh_alloc.o)
 .text          0x00013bb4      0x378 c:/program files (x86)/gnu arm embedded toolchain/10 2020-q4-major/bin/../lib/gcc/arm-none-eabi/10.2.1/thumb/v7e-m/nofp\libgcc.a(_arm_addsubdf3.o)
                0x00013bb4                __aeabi_drsub
                0x00013bbc                __aeabi_dsub
                0x00013bbc                __subdf3
                0x00013bc0                __aeabi_dadd
                0x00013bc0                __adddf3
                0x00013e38                __floatunsidf
                0x00013e38                __aeabi_ui2d
                0x00013e58                __floatsidf
                0x00013e58                __aeabi_i2d
                0x00013e7c                __aeabi_f2d
                0x00013e7c                __extendsfdf2
                0x00013ec0                __floatundidf
                0x00013ec0                __aeabi_ul2d
                0x00013ed0                __floatdidf
                0x00013ed0                __aeabi_l2d
 .text          0x00013f2c      0x424 c:/program files (x86)/gnu arm embedded toolchain/10 2020-q4-major/bin/../lib/gcc/arm-none-eabi/10.2.1/thumb/v7e-m/nofp\libgcc.a(_arm_muldivdf3.o)
                0x00013f2c                __aeabi_dmul
                0x00013f2c                __muldf3
                0x00014180                __divdf3
                0x00014180                __aeabi_ddiv
 .text          0x00014350      0x110 c:/program files (x86)/gnu arm embedded toolchain/10 2020-q4-major/bin/../lib/gcc/arm-none-eabi/10.2.1/thumb/v7e-m/nofp\libgcc.a(_arm_cmpdf2.o)
                0x00014350                __gtdf2
                0x00014350                __gedf2
                0x00014358                __ltdf2
                0x00014358                __ledf2
                0x00014360                __nedf2
                0x00014360                __eqdf2
                0x00014360                __cmpdf2
                0x000143dc                __aeabi_cdrcmple
                0x000143ec                __aeabi_cdcmpeq
                0x000143ec                __aeabi_cdcmple
                0x000143fc                __aeabi_dcmpeq
                0x00014410                __aeabi_dcmplt
                0x00014424                __aeabi_dcmple
                0x00014438                __aeabi_dcmpge
                0x0001444c                __aeabi_dcmpgt
 .text          0x00014460       0x50 c:/program files (x86)/gnu arm embedded toolchain/10 2020-q4-major/bin/../lib/gcc/arm-none-eabi/10.2.1/thumb/v7e-m/nofp\libgcc.a(_arm_fixdfsi.o)
                0x00014460                __aeabi_d2iz
                0x00014460                __fixdfsi
 .text          0x000144b0       0x40 c:/program files (x86)/gnu arm embedded toolchain/10 2020-q4-major/bin/../lib/gcc/arm-none-eabi/10.2.1/thumb/v7e-m/nofp\libgcc.a(_arm_fixunsdfsi.o)
                0x000144b0                __aeabi_d2uiz
                0x000144b0                __fixunsdfsi
 .text          0x000144f0       0xa0 c:/program files (x86)/gnu arm embedded toolchain/10 2020-q4-major/bin/../lib/gcc/arm-none-eabi/10.2.1/thumb/v7e-m/nofp\libgcc.a(_arm_truncdfsf2.o)
                0x000144f0                __truncdfsf2
                0x000144f0                __aeabi_d2f
 .text          0x00014590      0x21c c:/program files (x86)/gnu arm embedded toolchain/10 2020-q4-major/bin/../lib/gcc/arm-none-eabi/10.2.1/thumb/v7e-m/nofp\libgcc.a(_arm_addsubsf3.o)
                0x00014590                __aeabi_frsub
                0x00014598                __subsf3
                0x00014598                __aeabi_fsub
                0x0001459c                __aeabi_fadd
                0x0001459c                __addsf3
                0x000146fc                __aeabi_ui2f
                0x000146fc                __floatunsisf
                0x00014704                __aeabi_i2f
                0x00014704                __floatsisf
                0x00014720                __aeabi_ul2f
                0x00014720                __floatundisf
                0x00014730                __aeabi_l2f
                0x00014730                __floatdisf
 .text          0x000147ac      0x2a0 c:/program files (x86)/gnu arm embedded toolchain/10 2020-q4-major/bin/../lib/gcc/arm-none-eabi/10.2.1/thumb/v7e-m/nofp\libgcc.a(_arm_muldivsf3.o)
                0x000147ac                __mulsf3
                0x000147ac                __aeabi_fmul
                0x00014914                __aeabi_fdiv
                0x00014914                __divsf3
 .text          0x00014a4c       0xec c:/program files (x86)/gnu arm embedded toolchain/10 2020-q4-major/bin/../lib/gcc/arm-none-eabi/10.2.1/thumb/v7e-m/nofp\libgcc.a(_arm_cmpsf2.o)
                0x00014a4c                __gesf2
                0x00014a4c                __gtsf2
                0x00014a54                __lesf2
                0x00014a54                __ltsf2
                0x00014a5c                __nesf2
                0x00014a5c                __eqsf2
                0x00014a5c                __cmpsf2
                0x00014abc                __aeabi_cfrcmple
                0x00014ac4                __aeabi_cfcmpeq
                0x00014ac4                __aeabi_cfcmple
                0x00014ad4                __aeabi_fcmpeq
                0x00014ae8                __aeabi_fcmplt
                0x00014afc                __aeabi_fcmple
                0x00014b10                __aeabi_fcmpge
                0x00014b24                __aeabi_fcmpgt
 .text          0x00014b38       0x4c c:/program files (x86)/gnu arm embedded toolchain/10 2020-q4-major/bin/../lib/gcc/arm-none-eabi/10.2.1/thumb/v7e-m/nofp\libgcc.a(_arm_fixsfsi.o)
                0x00014b38                __aeabi_f2iz
                0x00014b38                __fixsfsi
 .text          0x00014b84       0x40 c:/program files (x86)/gnu arm embedded toolchain/10 2020-q4-major/bin/../lib/gcc/arm-none-eabi/10.2.1/thumb/v7e-m/nofp\libgcc.a(_arm_fixunssfsi.o)
                0x00014b84                __fixunssfsi
                0x00014b84                __aeabi_f2uiz
 .text.abort    0x00014bc4       0x10 c:/program files (x86)/gnu arm embedded toolchain/10 2020-q4-major/bin/../lib/gcc/arm-none-eabi/10.2.1/../../../../arm-none-eabi/lib/thumb/v7e-m/nofp\libg.a(lib_a-abort.o)
                0x00014bc4                abort
 .text.__sfvwrite_r
                0x00014bd4      0x2e8 c:/program files (x86)/gnu arm embedded toolchain/10 2020-q4-major/bin/../lib/gcc/arm-none-eabi/10.2.1/../../../../arm-none-eabi/lib/thumb/v7e-m/nofp\libg.a(lib_a-fvwrite.o)
                0x00014bd4                __sfvwrite_r
 .text.__libc_init_array
                0x00014ebc       0x48 c:/program files (x86)/gnu arm embedded toolchain/10 2020-q4-major/bin/../lib/gcc/arm-none-eabi/10.2.1/../../../../arm-none-eabi/lib/thumb/v7e-m/nofp\libg.a(lib_a-init.o)
                0x00014ebc                __libc_init_array
 .text.__retarget_lock_init_recursive
                0x00014f04        0x4 c:/program files (x86)/gnu arm embedded toolchain/10 2020-q4-major/bin/../lib/gcc/arm-none-eabi/10.2.1/../../../../arm-none-eabi/lib/thumb/v7e-m/nofp\libg.a(lib_a-lock.o)
                0x00014f04                __retarget_lock_init_recursive
 .text.__retarget_lock_close_recursive
                0x00014f08        0x4 c:/program files (x86)/gnu arm embedded toolchain/10 2020-q4-major/bin/../lib/gcc/arm-none-eabi/10.2.1/../../../../arm-none-eabi/lib/thumb/v7e-m/nofp\libg.a(lib_a-lock.o)
                0x00014f08                __retarget_lock_close_recursive
 .text.__retarget_lock_acquire_recursive
                0x00014f0c        0x4 c:/program files (x86)/gnu arm embedded toolchain/10 2020-q4-major/bin/../lib/gcc/arm-none-eabi/10.2.1/../../../../arm-none-eabi/lib/thumb/v7e-m/nofp\libg.a(lib_a-lock.o)
                0x00014f0c                __retarget_lock_acquire_recursive
 .text.__retarget_lock_release_recursive
                0x00014f10        0x4 c:/program files (x86)/gnu arm embedded toolchain/10 2020-q4-major/bin/../lib/gcc/arm-none-eabi/10.2.1/../../../../arm-none-eabi/lib/thumb/v7e-m/nofp\libg.a(lib_a-lock.o)
                0x00014f10                __retarget_lock_release_recursive
 .text.malloc   0x00014f14       0x10 c:/program files (x86)/gnu arm embedded toolchain/10 2020-q4-major/bin/../lib/gcc/arm-none-eabi/10.2.1/../../../../arm-none-eabi/lib/thumb/v7e-m/nofp\libg.a(lib_a-malloc.o)
                0x00014f14                malloc
 .text._malloc_r
                0x00014f24      0x560 c:/program files (x86)/gnu arm embedded toolchain/10 2020-q4-major/bin/../lib/gcc/arm-none-eabi/10.2.1/../../../../arm-none-eabi/lib/thumb/v7e-m/nofp\libg.a(lib_a-mallocr.o)
                0x00014f24                _malloc_r
 *fill*         0x00015484        0xc ff
 .text          0x00015490       0xa0 c:/program files (x86)/gnu arm embedded toolchain/10 2020-q4-major/bin/../lib/gcc/arm-none-eabi/10.2.1/../../../../arm-none-eabi/lib/thumb/v7e-m/nofp\libg.a(lib_a-memchr.o)
                0x00015490                memchr
 .text          0x00015530      0x134 c:/program files (x86)/gnu arm embedded toolchain/10 2020-q4-major/bin/../lib/gcc/arm-none-eabi/10.2.1/../../../../arm-none-eabi/lib/thumb/v7e-m/nofp\libg.a(lib_a-memcpy.o)
                0x00015530                memcpy
 .text.memmove  0x00015664       0xf8 c:/program files (x86)/gnu arm embedded toolchain/10 2020-q4-major/bin/../lib/gcc/arm-none-eabi/10.2.1/../../../../arm-none-eabi/lib/thumb/v7e-m/nofp\libg.a(lib_a-memmove.o)
                0x00015664                memmove
 .text.memset   0x0001575c       0xa4 c:/program files (x86)/gnu arm embedded toolchain/10 2020-q4-major/bin/../lib/gcc/arm-none-eabi/10.2.1/../../../../arm-none-eabi/lib/thumb/v7e-m/nofp\libg.a(lib_a-memset.o)
                0x0001575c                memset
 .text.__malloc_lock
                0x00015800        0xc c:/program files (x86)/gnu arm embedded toolchain/10 2020-q4-major/bin/../lib/gcc/arm-none-eabi/10.2.1/../../../../arm-none-eabi/lib/thumb/v7e-m/nofp\libg.a(lib_a-mlock.o)
                0x00015800                __malloc_lock
 .text.__malloc_unlock
                0x0001580c        0xc c:/program files (x86)/gnu arm embedded toolchain/10 2020-q4-major/bin/../lib/gcc/arm-none-eabi/10.2.1/../../../../arm-none-eabi/lib/thumb/v7e-m/nofp\libg.a(lib_a-mlock.o)
                0x0001580c                __malloc_unlock
 .text._realloc_r
                0x00015818      0x3d8 c:/program files (x86)/gnu arm embedded toolchain/10 2020-q4-major/bin/../lib/gcc/arm-none-eabi/10.2.1/../../../../arm-none-eabi/lib/thumb/v7e-m/nofp\libg.a(lib_a-reallocr.o)
                0x00015818                _realloc_r
 .text._sbrk_r  0x00015bf0       0x24 c:/program files (x86)/gnu arm embedded toolchain/10 2020-q4-major/bin/../lib/gcc/arm-none-eabi/10.2.1/../../../../arm-none-eabi/lib/thumb/v7e-m/nofp\libg.a(lib_a-sbrkr.o)
                0x00015bf0                _sbrk_r
 .text.raise    0x00015c14       0x5c c:/program files (x86)/gnu arm embedded toolchain/10 2020-q4-major/bin/../lib/gcc/arm-none-eabi/10.2.1/../../../../arm-none-eabi/lib/thumb/v7e-m/nofp\libg.a(lib_a-signal.o)
                0x00015c14                raise
 .text._kill_r  0x00015c70       0x2c c:/program files (x86)/gnu arm embedded toolchain/10 2020-q4-major/bin/../lib/gcc/arm-none-eabi/10.2.1/../../../../arm-none-eabi/lib/thumb/v7e-m/nofp\libg.a(lib_a-signalr.o)
                0x00015c70                _kill_r
 .text._getpid_r
                0x00015c9c        0x4 c:/program files (x86)/gnu arm embedded toolchain/10 2020-q4-major/bin/../lib/gcc/arm-none-eabi/10.2.1/../../../../arm-none-eabi/lib/thumb/v7e-m/nofp\libg.a(lib_a-signalr.o)
                0x00015c9c                _getpid_r
 .text.sprintf  0x00015ca0       0x40 c:/program files (x86)/gnu arm embedded toolchain/10 2020-q4-major/bin/../lib/gcc/arm-none-eabi/10.2.1/../../../../arm-none-eabi/lib/thumb/v7e-m/nofp\libg.a(lib_a-sprintf.o)
                0x00015ca0                sprintf
 .text.strcpy   0x00015ce0       0xbc c:/program files (x86)/gnu arm embedded toolchain/10 2020-q4-major/bin/../lib/gcc/arm-none-eabi/10.2.1/../../../../arm-none-eabi/lib/thumb/v7e-m/nofp\libg.a(lib_a-strcpy.o)
                0x00015ce0                strcpy
 *fill*         0x00015d9c       0x24 ff
 .text          0x00015dc0       0xdc c:/program files (x86)/gnu arm embedded toolchain/10 2020-q4-major/bin/../lib/gcc/arm-none-eabi/10.2.1/../../../../arm-none-eabi/lib/thumb/v7e-m/nofp\libg.a(lib_a-strlen.o)
                0x00015dc0                strlen
 .text._svfprintf_r
                0x00015e9c     0x1a3c c:/program files (x86)/gnu arm embedded toolchain/10 2020-q4-major/bin/../lib/gcc/arm-none-eabi/10.2.1/../../../../arm-none-eabi/lib/thumb/v7e-m/nofp\libg.a(lib_a-svfprintf.o)
                0x00015e9c                _svfprintf_r
 .text.__swbuf_r
                0x000178d8       0xb0 c:/program files (x86)/gnu arm embedded toolchain/10 2020-q4-major/bin/../lib/gcc/arm-none-eabi/10.2.1/../../../../arm-none-eabi/lib/thumb/v7e-m/nofp\libg.a(lib_a-wbuf.o)
                0x000178d8                __swbuf_r
 .text._write_r
                0x00017988       0x2c c:/program files (x86)/gnu arm embedded toolchain/10 2020-q4-major/bin/../lib/gcc/arm-none-eabi/10.2.1/../../../../arm-none-eabi/lib/thumb/v7e-m/nofp\libg.a(lib_a-writer.o)
                0x00017988                _write_r
 .text.__swsetup_r
                0x000179b4       0xd4 c:/program files (x86)/gnu arm embedded toolchain/10 2020-q4-major/bin/../lib/gcc/arm-none-eabi/10.2.1/../../../../arm-none-eabi/lib/thumb/v7e-m/nofp\libg.a(lib_a-wsetup.o)
                0x000179b4                __swsetup_r
 .text.startup.register_fini
                0x00017a88       0x14 c:/program files (x86)/gnu arm embedded toolchain/10 2020-q4-major/bin/../lib/gcc/arm-none-eabi/10.2.1/../../../../arm-none-eabi/lib/thumb/v7e-m/nofp\libg.a(lib_a-__call_atexit.o)
 .text.atexit   0x00017a9c        0xc c:/program files (x86)/gnu arm embedded toolchain/10 2020-q4-major/bin/../lib/gcc/arm-none-eabi/10.2.1/../../../../arm-none-eabi/lib/thumb/v7e-m/nofp\libg.a(lib_a-atexit.o)
                0x00017a9c                atexit
 .text.quorem   0x00017aa8      0x124 c:/program files (x86)/gnu arm embedded toolchain/10 2020-q4-major/bin/../lib/gcc/arm-none-eabi/10.2.1/../../../../arm-none-eabi/lib/thumb/v7e-m/nofp\libg.a(lib_a-dtoa.o)
 *fill*         0x00017bcc        0x4 ff
 .text._dtoa_r  0x00017bd0      0xec4 c:/program files (x86)/gnu arm embedded toolchain/10 2020-q4-major/bin/../lib/gcc/arm-none-eabi/10.2.1/../../../../arm-none-eabi/lib/thumb/v7e-m/nofp\libg.a(lib_a-dtoa.o)
                0x00017bd0                _dtoa_r
 .text.__sflush_r
                0x00018a94      0x120 c:/program files (x86)/gnu arm embedded toolchain/10 2020-q4-major/bin/../lib/gcc/arm-none-eabi/10.2.1/../../../../arm-none-eabi/lib/thumb/v7e-m/nofp\libg.a(lib_a-fflush.o)
                0x00018a94                __sflush_r
 .text._fflush_r
                0x00018bb4       0x5c c:/program files (x86)/gnu arm embedded toolchain/10 2020-q4-major/bin/../lib/gcc/arm-none-eabi/10.2.1/../../../../arm-none-eabi/lib/thumb/v7e-m/nofp\libg.a(lib_a-fflush.o)
                0x00018bb4                _fflush_r
 .text._cleanup_r
                0x00018c10        0xc c:/program files (x86)/gnu arm embedded toolchain/10 2020-q4-major/bin/../lib/gcc/arm-none-eabi/10.2.1/../../../../arm-none-eabi/lib/thumb/v7e-m/nofp\libg.a(lib_a-findfp.o)
                0x00018c10                _cleanup_r
 .text.__sinit  0x00018c1c      0x10c c:/program files (x86)/gnu arm embedded toolchain/10 2020-q4-major/bin/../lib/gcc/arm-none-eabi/10.2.1/../../../../arm-none-eabi/lib/thumb/v7e-m/nofp\libg.a(lib_a-findfp.o)
                0x00018c1c                __sinit
 .text.__sfp_lock_acquire
                0x00018d28        0xc c:/program files (x86)/gnu arm embedded toolchain/10 2020-q4-major/bin/../lib/gcc/arm-none-eabi/10.2.1/../../../../arm-none-eabi/lib/thumb/v7e-m/nofp\libg.a(lib_a-findfp.o)
                0x00018d28                __sfp_lock_acquire
 .text.__sfp_lock_release
                0x00018d34        0xc c:/program files (x86)/gnu arm embedded toolchain/10 2020-q4-major/bin/../lib/gcc/arm-none-eabi/10.2.1/../../../../arm-none-eabi/lib/thumb/v7e-m/nofp\libg.a(lib_a-findfp.o)
                0x00018d34                __sfp_lock_release
 .text.__libc_fini_array
                0x00018d40       0x2c c:/program files (x86)/gnu arm embedded toolchain/10 2020-q4-major/bin/../lib/gcc/arm-none-eabi/10.2.1/../../../../arm-none-eabi/lib/thumb/v7e-m/nofp\libg.a(lib_a-fini.o)
                0x00018d40                __libc_fini_array
 .text._malloc_trim_r
                0x00018d6c       0xa0 c:/program files (x86)/gnu arm embedded toolchain/10 2020-q4-major/bin/../lib/gcc/arm-none-eabi/10.2.1/../../../../arm-none-eabi/lib/thumb/v7e-m/nofp\libg.a(lib_a-freer.o)
                0x00018d6c                _malloc_trim_r
 .text._free_r  0x00018e0c      0x20c c:/program files (x86)/gnu arm embedded toolchain/10 2020-q4-major/bin/../lib/gcc/arm-none-eabi/10.2.1/../../../../arm-none-eabi/lib/thumb/v7e-m/nofp\libg.a(lib_a-freer.o)
                0x00018e0c                _free_r
 .text._fwalk_reent
                0x00019018       0x48 c:/program files (x86)/gnu arm embedded toolchain/10 2020-q4-major/bin/../lib/gcc/arm-none-eabi/10.2.1/../../../../arm-none-eabi/lib/thumb/v7e-m/nofp\libg.a(lib_a-fwalk.o)
                0x00019018                _fwalk_reent
 .text._localeconv_r
                0x00019060        0x8 c:/program files (x86)/gnu arm embedded toolchain/10 2020-q4-major/bin/../lib/gcc/arm-none-eabi/10.2.1/../../../../arm-none-eabi/lib/thumb/v7e-m/nofp\libg.a(lib_a-localeconv.o)
                0x00019060                _localeconv_r
 .text.__smakebuf_r
                0x00019068       0xe0 c:/program files (x86)/gnu arm embedded toolchain/10 2020-q4-major/bin/../lib/gcc/arm-none-eabi/10.2.1/../../../../arm-none-eabi/lib/thumb/v7e-m/nofp\libg.a(lib_a-makebuf.o)
                0x00019068                __smakebuf_r
 .text._Balloc  0x00019148       0x4c c:/program files (x86)/gnu arm embedded toolchain/10 2020-q4-major/bin/../lib/gcc/arm-none-eabi/10.2.1/../../../../arm-none-eabi/lib/thumb/v7e-m/nofp\libg.a(lib_a-mprec.o)
                0x00019148                _Balloc
 .text._Bfree   0x00019194       0x14 c:/program files (x86)/gnu arm embedded toolchain/10 2020-q4-major/bin/../lib/gcc/arm-none-eabi/10.2.1/../../../../arm-none-eabi/lib/thumb/v7e-m/nofp\libg.a(lib_a-mprec.o)
                0x00019194                _Bfree
 .text.__multadd
                0x000191a8       0xa0 c:/program files (x86)/gnu arm embedded toolchain/10 2020-q4-major/bin/../lib/gcc/arm-none-eabi/10.2.1/../../../../arm-none-eabi/lib/thumb/v7e-m/nofp\libg.a(lib_a-mprec.o)
                0x000191a8                __multadd
 .text.__hi0bits
                0x00019248       0x40 c:/program files (x86)/gnu arm embedded toolchain/10 2020-q4-major/bin/../lib/gcc/arm-none-eabi/10.2.1/../../../../arm-none-eabi/lib/thumb/v7e-m/nofp\libg.a(lib_a-mprec.o)
                0x00019248                __hi0bits
 .text.__lo0bits
                0x00019288       0x5c c:/program files (x86)/gnu arm embedded toolchain/10 2020-q4-major/bin/../lib/gcc/arm-none-eabi/10.2.1/../../../../arm-none-eabi/lib/thumb/v7e-m/nofp\libg.a(lib_a-mprec.o)
                0x00019288                __lo0bits
 .text.__i2b    0x000192e4       0x5c c:/program files (x86)/gnu arm embedded toolchain/10 2020-q4-major/bin/../lib/gcc/arm-none-eabi/10.2.1/../../../../arm-none-eabi/lib/thumb/v7e-m/nofp\libg.a(lib_a-mprec.o)
                0x000192e4                __i2b
 .text.__multiply
                0x00019340      0x15c c:/program files (x86)/gnu arm embedded toolchain/10 2020-q4-major/bin/../lib/gcc/arm-none-eabi/10.2.1/../../../../arm-none-eabi/lib/thumb/v7e-m/nofp\libg.a(lib_a-mprec.o)
                0x00019340                __multiply
 .text.__pow5mult
                0x0001949c       0xc0 c:/program files (x86)/gnu arm embedded toolchain/10 2020-q4-major/bin/../lib/gcc/arm-none-eabi/10.2.1/../../../../arm-none-eabi/lib/thumb/v7e-m/nofp\libg.a(lib_a-mprec.o)
                0x0001949c                __pow5mult
 .text.__lshift
                0x0001955c       0xf0 c:/program files (x86)/gnu arm embedded toolchain/10 2020-q4-major/bin/../lib/gcc/arm-none-eabi/10.2.1/../../../../arm-none-eabi/lib/thumb/v7e-m/nofp\libg.a(lib_a-mprec.o)
                0x0001955c                __lshift
 .text.__mcmp   0x0001964c       0x40 c:/program files (x86)/gnu arm embedded toolchain/10 2020-q4-major/bin/../lib/gcc/arm-none-eabi/10.2.1/../../../../arm-none-eabi/lib/thumb/v7e-m/nofp\libg.a(lib_a-mprec.o)
                0x0001964c                __mcmp
 .text.__mdiff  0x0001968c      0x14c c:/program files (x86)/gnu arm embedded toolchain/10 2020-q4-major/bin/../lib/gcc/arm-none-eabi/10.2.1/../../../../arm-none-eabi/lib/thumb/v7e-m/nofp\libg.a(lib_a-mprec.o)
                0x0001968c                __mdiff
 .text.__d2b    0x000197d8       0xc4 c:/program files (x86)/gnu arm embedded toolchain/10 2020-q4-major/bin/../lib/gcc/arm-none-eabi/10.2.1/../../../../arm-none-eabi/lib/thumb/v7e-m/nofp\libg.a(lib_a-mprec.o)
                0x000197d8                __d2b
 .text.frexp    0x0001989c       0x70 c:/program files (x86)/gnu arm embedded toolchain/10 2020-q4-major/bin/../lib/gcc/arm-none-eabi/10.2.1/../../../../arm-none-eabi/lib/thumb/v7e-m/nofp\libg.a(lib_a-s_frexp.o)
                0x0001989c                frexp
 .text.__sread  0x0001990c       0x24 c:/program files (x86)/gnu arm embedded toolchain/10 2020-q4-major/bin/../lib/gcc/arm-none-eabi/10.2.1/../../../../arm-none-eabi/lib/thumb/v7e-m/nofp\libg.a(lib_a-stdio.o)
                0x0001990c                __sread
 .text.__swrite
                0x00019930       0x40 c:/program files (x86)/gnu arm embedded toolchain/10 2020-q4-major/bin/../lib/gcc/arm-none-eabi/10.2.1/../../../../arm-none-eabi/lib/thumb/v7e-m/nofp\libg.a(lib_a-stdio.o)
                0x00019930                __swrite
 .text.__sseek  0x00019970       0x20 c:/program files (x86)/gnu arm embedded toolchain/10 2020-q4-major/bin/../lib/gcc/arm-none-eabi/10.2.1/../../../../arm-none-eabi/lib/thumb/v7e-m/nofp\libg.a(lib_a-stdio.o)
                0x00019970                __sseek
 .text.__sclose
                0x00019990        0x8 c:/program files (x86)/gnu arm embedded toolchain/10 2020-q4-major/bin/../lib/gcc/arm-none-eabi/10.2.1/../../../../arm-none-eabi/lib/thumb/v7e-m/nofp\libg.a(lib_a-stdio.o)
                0x00019990                __sclose
 .text.strncpy  0x00019998       0x64 c:/program files (x86)/gnu arm embedded toolchain/10 2020-q4-major/bin/../lib/gcc/arm-none-eabi/10.2.1/../../../../arm-none-eabi/lib/thumb/v7e-m/nofp\libg.a(lib_a-strncpy.o)
                0x00019998                strncpy
 .text.__ssprint_r
                0x000199fc       0xf8 c:/program files (x86)/gnu arm embedded toolchain/10 2020-q4-major/bin/../lib/gcc/arm-none-eabi/10.2.1/../../../../arm-none-eabi/lib/thumb/v7e-m/nofp\libg.a(lib_a-svfiprintf.o)
                0x000199fc                __ssprint_r
 .text.__register_exitproc
                0x00019af4       0x8c c:/program files (x86)/gnu arm embedded toolchain/10 2020-q4-major/bin/../lib/gcc/arm-none-eabi/10.2.1/../../../../arm-none-eabi/lib/thumb/v7e-m/nofp\libg.a(lib_a-__atexit.o)
                0x00019af4                __register_exitproc
 .text.__assert_func
                0x00019b80       0x40 c:/program files (x86)/gnu arm embedded toolchain/10 2020-q4-major/bin/../lib/gcc/arm-none-eabi/10.2.1/../../../../arm-none-eabi/lib/thumb/v7e-m/nofp\libg.a(lib_a-assert.o)
                0x00019b80                __assert_func
 .text._calloc_r
                0x00019bc0       0x60 c:/program files (x86)/gnu arm embedded toolchain/10 2020-q4-major/bin/../lib/gcc/arm-none-eabi/10.2.1/../../../../arm-none-eabi/lib/thumb/v7e-m/nofp\libg.a(lib_a-callocr.o)
                0x00019bc0                _calloc_r
 .text._close_r
                0x00019c20       0x24 c:/program files (x86)/gnu arm embedded toolchain/10 2020-q4-major/bin/../lib/gcc/arm-none-eabi/10.2.1/../../../../arm-none-eabi/lib/thumb/v7e-m/nofp\libg.a(lib_a-closer.o)
                0x00019c20                _close_r
 .text._fclose_r
                0x00019c44       0xcc c:/program files (x86)/gnu arm embedded toolchain/10 2020-q4-major/bin/../lib/gcc/arm-none-eabi/10.2.1/../../../../arm-none-eabi/lib/thumb/v7e-m/nofp\libg.a(lib_a-fclose.o)
                0x00019c44                _fclose_r
 .text.fiprintf
                0x00019d10       0x28 c:/program files (x86)/gnu arm embedded toolchain/10 2020-q4-major/bin/../lib/gcc/arm-none-eabi/10.2.1/../../../../arm-none-eabi/lib/thumb/v7e-m/nofp\libg.a(lib_a-fiprintf.o)
                0x00019d10                fiprintf
 .text._fstat_r
                0x00019d38       0x2c c:/program files (x86)/gnu arm embedded toolchain/10 2020-q4-major/bin/../lib/gcc/arm-none-eabi/10.2.1/../../../../arm-none-eabi/lib/thumb/v7e-m/nofp\libg.a(lib_a-fstatr.o)
                0x00019d38                _fstat_r
 .text._isatty_r
                0x00019d64       0x24 c:/program files (x86)/gnu arm embedded toolchain/10 2020-q4-major/bin/../lib/gcc/arm-none-eabi/10.2.1/../../../../arm-none-eabi/lib/thumb/v7e-m/nofp\libg.a(lib_a-isattyr.o)
                0x00019d64                _isatty_r
 .text.__locale_mb_cur_max
                0x00019d88        0xc c:/program files (x86)/gnu arm embedded toolchain/10 2020-q4-major/bin/../lib/gcc/arm-none-eabi/10.2.1/../../../../arm-none-eabi/lib/thumb/v7e-m/nofp\libg.a(lib_a-locale.o)
                0x00019d88                __locale_mb_cur_max
 .text._lseek_r
                0x00019d94       0x2c c:/program files (x86)/gnu arm embedded toolchain/10 2020-q4-major/bin/../lib/gcc/arm-none-eabi/10.2.1/../../../../arm-none-eabi/lib/thumb/v7e-m/nofp\libg.a(lib_a-lseekr.o)
                0x00019d94                _lseek_r
 .text.__ascii_mbtowc
                0x00019dc0       0x2c c:/program files (x86)/gnu arm embedded toolchain/10 2020-q4-major/bin/../lib/gcc/arm-none-eabi/10.2.1/../../../../arm-none-eabi/lib/thumb/v7e-m/nofp\libg.a(lib_a-mbtowc_r.o)
                0x00019dc0                __ascii_mbtowc
 .text._read_r  0x00019dec       0x2c c:/program files (x86)/gnu arm embedded toolchain/10 2020-q4-major/bin/../lib/gcc/arm-none-eabi/10.2.1/../../../../arm-none-eabi/lib/thumb/v7e-m/nofp\libg.a(lib_a-readr.o)
                0x00019dec                _read_r
 .text.__sprint_r.part.0
                0x00019e18       0x78 c:/program files (x86)/gnu arm embedded toolchain/10 2020-q4-major/bin/../lib/gcc/arm-none-eabi/10.2.1/../../../../arm-none-eabi/lib/thumb/v7e-m/nofp\libg.a(lib_a-vfiprintf.o)
 .text._vfiprintf_r
                0x00019e90      0xd94 c:/program files (x86)/gnu arm embedded toolchain/10 2020-q4-major/bin/../lib/gcc/arm-none-eabi/10.2.1/../../../../arm-none-eabi/lib/thumb/v7e-m/nofp\libg.a(lib_a-vfiprintf.o)
                0x00019e90                _vfiprintf_r
 .text.__sbprintf
                0x0001ac24       0x80 c:/program files (x86)/gnu arm embedded toolchain/10 2020-q4-major/bin/../lib/gcc/arm-none-eabi/10.2.1/../../../../arm-none-eabi/lib/thumb/v7e-m/nofp\libg.a(lib_a-vfiprintf.o)
 .text.__ascii_wctomb
                0x0001aca4       0x1c c:/program files (x86)/gnu arm embedded toolchain/10 2020-q4-major/bin/../lib/gcc/arm-none-eabi/10.2.1/../../../../arm-none-eabi/lib/thumb/v7e-m/nofp\libg.a(lib_a-wctomb_r.o)
                0x0001aca4                __ascii_wctomb
 .text.__fputwc
                0x0001acc0       0xa8 c:/program files (x86)/gnu arm embedded toolchain/10 2020-q4-major/bin/../lib/gcc/arm-none-eabi/10.2.1/../../../../arm-none-eabi/lib/thumb/v7e-m/nofp\libg.a(lib_a-fputwc.o)
                0x0001acc0                __fputwc
 .text._fputwc_r
                0x0001ad68       0x68 c:/program files (x86)/gnu arm embedded toolchain/10 2020-q4-major/bin/../lib/gcc/arm-none-eabi/10.2.1/../../../../arm-none-eabi/lib/thumb/v7e-m/nofp\libg.a(lib_a-fputwc.o)
                0x0001ad68                _fputwc_r
 .text._wcrtomb_r
                0x0001add0       0x3c c:/program files (x86)/gnu arm embedded toolchain/10 2020-q4-major/bin/../lib/gcc/arm-none-eabi/10.2.1/../../../../arm-none-eabi/lib/thumb/v7e-m/nofp\libg.a(lib_a-wcrtomb.o)
                0x0001add0                _wcrtomb_r
 .text          0x0001ae0c       0x2c c:/program files (x86)/gnu arm embedded toolchain/10 2020-q4-major/bin/../lib/gcc/arm-none-eabi/10.2.1/thumb/v7e-m/nofp\libgcc.a(_arm_unorddf2.o)
                0x0001ae0c                __unorddf2
                0x0001ae0c                __aeabi_dcmpun
 .text          0x0001ae38       0x30 c:/program files (x86)/gnu arm embedded toolchain/10 2020-q4-major/bin/../lib/gcc/arm-none-eabi/10.2.1/thumb/v7e-m/nofp\libgcc.a(_aeabi_uldivmod.o)
                0x0001ae38                __aeabi_uldivmod
 .text          0x0001ae68      0x2d0 c:/program files (x86)/gnu arm embedded toolchain/10 2020-q4-major/bin/../lib/gcc/arm-none-eabi/10.2.1/thumb/v7e-m/nofp\libgcc.a(_udivmoddi4.o)
                0x0001ae68                __udivmoddi4
 .text          0x0001b138        0x4 c:/program files (x86)/gnu arm embedded toolchain/10 2020-q4-major/bin/../lib/gcc/arm-none-eabi/10.2.1/thumb/v7e-m/nofp\libgcc.a(_dvmd_tls.o)
                0x0001b138                __aeabi_idiv0
                0x0001b138                __aeabi_ldiv0
 .text._close   0x0001b13c       0x10 c:/program files (x86)/gnu arm embedded toolchain/10 2020-q4-major/bin/../lib/gcc/arm-none-eabi/10.2.1/../../../../arm-none-eabi/lib/thumb/v7e-m/nofp\libnosys.a(close.o)
                0x0001b13c                _close
 .text._fstat   0x0001b14c       0x10 c:/program files (x86)/gnu arm embedded toolchain/10 2020-q4-major/bin/../lib/gcc/arm-none-eabi/10.2.1/../../../../arm-none-eabi/lib/thumb/v7e-m/nofp\libnosys.a(fstat.o)
                0x0001b14c                _fstat
 .text._getpid  0x0001b15c       0x10 c:/program files (x86)/gnu arm embedded toolchain/10 2020-q4-major/bin/../lib/gcc/arm-none-eabi/10.2.1/../../../../arm-none-eabi/lib/thumb/v7e-m/nofp\libnosys.a(getpid.o)
                0x0001b15c                _getpid
 .text._isatty  0x0001b16c       0x10 c:/program files (x86)/gnu arm embedded toolchain/10 2020-q4-major/bin/../lib/gcc/arm-none-eabi/10.2.1/../../../../arm-none-eabi/lib/thumb/v7e-m/nofp\libnosys.a(isatty.o)
                0x0001b16c                _isatty
 .text._kill    0x0001b17c       0x10 c:/program files (x86)/gnu arm embedded toolchain/10 2020-q4-major/bin/../lib/gcc/arm-none-eabi/10.2.1/../../../../arm-none-eabi/lib/thumb/v7e-m/nofp\libnosys.a(kill.o)
                0x0001b17c                _kill
 .text._lseek   0x0001b18c       0x10 c:/program files (x86)/gnu arm embedded toolchain/10 2020-q4-major/bin/../lib/gcc/arm-none-eabi/10.2.1/../../../../arm-none-eabi/lib/thumb/v7e-m/nofp\libnosys.a(lseek.o)
                0x0001b18c                _lseek
 .text._read    0x0001b19c       0x10 c:/program files (x86)/gnu arm embedded toolchain/10 2020-q4-major/bin/../lib/gcc/arm-none-eabi/10.2.1/../../../../arm-none-eabi/lib/thumb/v7e-m/nofp\libnosys.a(read.o)
                0x0001b19c                _read
 .text._sbrk    0x0001b1ac       0x1c c:/program files (x86)/gnu arm embedded toolchain/10 2020-q4-major/bin/../lib/gcc/arm-none-eabi/10.2.1/../../../../arm-none-eabi/lib/thumb/v7e-m/nofp\libnosys.a(sbrk.o)
                0x0001b1ac                _sbrk
 .text._write   0x0001b1c8       0x10 c:/program files (x86)/gnu arm embedded toolchain/10 2020-q4-major/bin/../lib/gcc/arm-none-eabi/10.2.1/../../../../arm-none-eabi/lib/thumb/v7e-m/nofp\libnosys.a(write.o)
                0x0001b1c8                _write
 .text._exit    0x0001b1d8        0x4 c:/program files (x86)/gnu arm embedded toolchain/10 2020-q4-major/bin/../lib/gcc/arm-none-eabi/10.2.1/../../../../arm-none-eabi/lib/thumb/v7e-m/nofp\libnosys.a(_exit.o)
                0x0001b1d8                _exit
 *(.rodata .rodata.* .constdata .constdata.*)
 .rodata        0x0001b1dc      0x193 ../main.o
 *fill*         0x0001b36f        0x1 ff
 .rodata.K60_SDHC0_init
                0x0001b370        0xc Drivers/SDHC.o
                0x0001b370                K60_SDHC0_init
 .rodata._ZL21ESDHC_COMMAND_XFERTYP
                0x0001b37c      0x100 Drivers/SDHC.o
 .rodata._ZL9GPIOPorts
                0x0001b47c       0x20 Libraries/FEHIO.o
 .rodata._ZL10ADCNumbers
                0x0001b49c       0x21 Libraries/FEHIO.o
 *fill*         0x0001b4bd        0x3 ff
 .rodata._ZL14GPIOPinNumbers
                0x0001b4c0       0x80 Libraries/FEHIO.o
 .rodata._ZL16AnalogPinNumbers
                0x0001b540       0x84 Libraries/FEHIO.o
 .rodata        0x0001b5c4       0x78 Libraries/FEHIO.o
 .rodata        0x0001b63c       0x32 Libraries/FEHLCD.o
 *fill*         0x0001b66e        0x2 ff
 .rodata        0x0001b670      0x2ec Libraries/FEHRPS.o
 .rodata._global_impure_ptr
                0x0001b95c        0x4 c:/program files (x86)/gnu arm embedded toolchain/10 2020-q4-major/bin/../lib/gcc/arm-none-eabi/10.2.1/../../../../arm-none-eabi/lib/thumb/v7e-m/nofp\libg.a(lib_a-impure.o)
                0x0001b95c                _global_impure_ptr
 .rodata._svfprintf_r.str1.4
                0x0001b960       0x42 c:/program files (x86)/gnu arm embedded toolchain/10 2020-q4-major/bin/../lib/gcc/arm-none-eabi/10.2.1/../../../../arm-none-eabi/lib/thumb/v7e-m/nofp\libg.a(lib_a-svfprintf.o)
 *fill*         0x0001b9a2        0x2 ff
 .rodata.blanks.1
                0x0001b9a4       0x10 c:/program files (x86)/gnu arm embedded toolchain/10 2020-q4-major/bin/../lib/gcc/arm-none-eabi/10.2.1/../../../../arm-none-eabi/lib/thumb/v7e-m/nofp\libg.a(lib_a-svfprintf.o)
 .rodata.zeroes.0
                0x0001b9b4       0x10 c:/program files (x86)/gnu arm embedded toolchain/10 2020-q4-major/bin/../lib/gcc/arm-none-eabi/10.2.1/../../../../arm-none-eabi/lib/thumb/v7e-m/nofp\libg.a(lib_a-svfprintf.o)
 .rodata._dtoa_r.str1.4
                0x0001b9c4       0xa1 c:/program files (x86)/gnu arm embedded toolchain/10 2020-q4-major/bin/../lib/gcc/arm-none-eabi/10.2.1/../../../../arm-none-eabi/lib/thumb/v7e-m/nofp\libg.a(lib_a-dtoa.o)
                                 0xa5 (size before relaxing)
 *fill*         0x0001ba65        0x3 ff
 .rodata.__multadd.str1.4
                0x0001ba68       0x7e c:/program files (x86)/gnu arm embedded toolchain/10 2020-q4-major/bin/../lib/gcc/arm-none-eabi/10.2.1/../../../../arm-none-eabi/lib/thumb/v7e-m/nofp\libg.a(lib_a-mprec.o)
                                 0x92 (size before relaxing)
 *fill*         0x0001bae6        0x2 ff
 .rodata.__mprec_bigtens
                0x0001bae8       0x28 c:/program files (x86)/gnu arm embedded toolchain/10 2020-q4-major/bin/../lib/gcc/arm-none-eabi/10.2.1/../../../../arm-none-eabi/lib/thumb/v7e-m/nofp\libg.a(lib_a-mprec.o)
                0x0001bae8                __mprec_bigtens
 .rodata.__mprec_tens
                0x0001bb10       0xc8 c:/program files (x86)/gnu arm embedded toolchain/10 2020-q4-major/bin/../lib/gcc/arm-none-eabi/10.2.1/../../../../arm-none-eabi/lib/thumb/v7e-m/nofp\libg.a(lib_a-mprec.o)
                0x0001bb10                __mprec_tens
 .rodata.p05.0  0x0001bbd8        0xc c:/program files (x86)/gnu arm embedded toolchain/10 2020-q4-major/bin/../lib/gcc/arm-none-eabi/10.2.1/../../../../arm-none-eabi/lib/thumb/v7e-m/nofp\libg.a(lib_a-mprec.o)
 .rodata.__assert_func.str1.4
                0x0001bbe4       0x3f c:/program files (x86)/gnu arm embedded toolchain/10 2020-q4-major/bin/../lib/gcc/arm-none-eabi/10.2.1/../../../../arm-none-eabi/lib/thumb/v7e-m/nofp\libg.a(lib_a-assert.o)
                                 0x43 (size before relaxing)
 *fill*         0x0001bc23        0x1 ff
 .rodata._ctype_
                0x0001bc24      0x101 c:/program files (x86)/gnu arm embedded toolchain/10 2020-q4-major/bin/../lib/gcc/arm-none-eabi/10.2.1/../../../../arm-none-eabi/lib/thumb/v7e-m/nofp\libg.a(lib_a-ctype_.o)
                0x0001bc24                _ctype_
 *fill*         0x0001bd25        0x3 ff
 .rodata._setlocale_r.str1.4
                0x0001bd28        0xa c:/program files (x86)/gnu arm embedded toolchain/10 2020-q4-major/bin/../lib/gcc/arm-none-eabi/10.2.1/../../../../arm-none-eabi/lib/thumb/v7e-m/nofp\libg.a(lib_a-locale.o)
                                  0xd (size before relaxing)
 *fill*         0x0001bd32        0x2 ff
 .rodata.str1.4
                0x0001bd34        0x2 c:/program files (x86)/gnu arm embedded toolchain/10 2020-q4-major/bin/../lib/gcc/arm-none-eabi/10.2.1/../../../../arm-none-eabi/lib/thumb/v7e-m/nofp\libg.a(lib_a-locale.o)
 .rodata._vfiprintf_r.str1.4
                0x0001bd36       0x2f c:/program files (x86)/gnu arm embedded toolchain/10 2020-q4-major/bin/../lib/gcc/arm-none-eabi/10.2.1/../../../../arm-none-eabi/lib/thumb/v7e-m/nofp\libg.a(lib_a-vfiprintf.o)
 *fill*         0x0001bd36        0x2 ff
 .rodata.blanks.1
                0x0001bd38       0x10 c:/program files (x86)/gnu arm embedded toolchain/10 2020-q4-major/bin/../lib/gcc/arm-none-eabi/10.2.1/../../../../arm-none-eabi/lib/thumb/v7e-m/nofp\libg.a(lib_a-vfiprintf.o)
 .rodata.zeroes.0
                0x0001bd48       0x10 c:/program files (x86)/gnu arm embedded toolchain/10 2020-q4-major/bin/../lib/gcc/arm-none-eabi/10.2.1/../../../../arm-none-eabi/lib/thumb/v7e-m/nofp\libg.a(lib_a-vfiprintf.o)
                0x0001bd58                . = ALIGN (0x4)
                0x0001bd58                . = ALIGN (0x4)
 *(.init)
 .init          0x0001bd58        0x4 c:/program files (x86)/gnu arm embedded toolchain/10 2020-q4-major/bin/../lib/gcc/arm-none-eabi/10.2.1/thumb/v7e-m/nofp/crti.o
                0x0001bd58                _init
 .init          0x0001bd5c        0x8 c:/program files (x86)/gnu arm embedded toolchain/10 2020-q4-major/bin/../lib/gcc/arm-none-eabi/10.2.1/thumb/v7e-m/nofp/crtn.o
                0x0001bd64                . = ALIGN (0x4)
                0x0001bd64                __preinit_array_start = .
 *(.preinit_array)
                0x0001bd64                __preinit_array_end = .
                0x0001bd64                . = ALIGN (0x4)
                0x0001bd64                __init_array_start = .
 *(SORT_BY_NAME(.init_array.*))
 .init_array.00000
                0x0001bd64        0x4 c:/program files (x86)/gnu arm embedded toolchain/10 2020-q4-major/bin/../lib/gcc/arm-none-eabi/10.2.1/../../../../arm-none-eabi/lib/thumb/v7e-m/nofp\libg.a(lib_a-__call_atexit.o)
 *(.init_array)
 .init_array    0x0001bd68        0x4 c:/program files (x86)/gnu arm embedded toolchain/10 2020-q4-major/bin/../lib/gcc/arm-none-eabi/10.2.1/thumb/v7e-m/nofp/crtbegin.o
 .init_array    0x0001bd6c        0x4 ../main.o
 .init_array    0x0001bd70        0x4 FEHProteus.o
 .init_array    0x0001bd74        0x4 Libraries/FEHBuzzer.o
 .init_array    0x0001bd78        0x4 Libraries/FEHLCD.o
 .init_array    0x0001bd7c        0x4 Libraries/FEHAccel.o
 .init_array    0x0001bd80        0x4 Libraries/FEHBattery.o
 .init_array    0x0001bd84        0x4 Libraries/FEHRPS.o
 .init_array    0x0001bd88        0x4 Libraries/FEHSD.o
 .init_array    0x0001bd8c        0x4 c:/program files (x86)/gnu arm embedded toolchain/10 2020-q4-major/bin/../lib/gcc/arm-none-eabi/10.2.1/../../../../arm-none-eabi/lib/thumb/v7e-m/nofp\libstdc++.a(eh_alloc.o)
                0x0001bd90                __init_array_end = .
 *(.fini)
 .fini          0x0001bd90        0x4 c:/program files (x86)/gnu arm embedded toolchain/10 2020-q4-major/bin/../lib/gcc/arm-none-eabi/10.2.1/thumb/v7e-m/nofp/crti.o
                0x0001bd90                _fini
 .fini          0x0001bd94        0x8 c:/program files (x86)/gnu arm embedded toolchain/10 2020-q4-major/bin/../lib/gcc/arm-none-eabi/10.2.1/thumb/v7e-m/nofp/crtn.o
                0x0001bd9c                . = ALIGN (0x4)
 *crtbegin.o(.ctors)
 *(EXCLUDE_FILE(*crtend.o) .ctors)
 *(SORT_BY_NAME(.ctors.*))
 *crtend.o(.ctors)
                0x0001bd9c                . = ALIGN (0x4)
 *crtbegin.o(.dtors)
 *(EXCLUDE_FILE(*crtend.o) .dtors)
 *(SORT_BY_NAME(.dtors.*))
 *crtend.o(.dtors)
                0x0001bd9c                . = ALIGN (0x4)

.glue_7         0x0001bd9c        0x0
 .glue_7        0x0001bd9c        0x0 linker stubs

.glue_7t        0x0001bd9c        0x0