Archive member included to satisfy reference by file (symbol)

c:/program files (x86)/gnu arm embedded toolchain/10 2020-q4-major/bin/../lib/gcc/arm-none-eabi/10.2.1/../../../../arm-none-eabi/lib/thumb/v7e-m/nofp\libstdc++.a(del_ops.o)
                              Libraries/FEHIO.o (operator delete(void*, unsigned int))
c:/program files (x86)/gnu arm embedded toolchain/10 2020-q4-major/bin/../lib/gcc/arm-none-eabi/10.2.1/../../../../arm-none-eabi/lib/thumb/v7e-m/nofp\libstdc++.a(new_op.o)
                              Libraries/FEHIO.o (operator new(unsigned int))
c:/program files (x86)/gnu arm embedded toolchain/10 2020-q4-major/bin/../lib/gcc/arm-none-eabi/10.2.1/../../../../arm-none-eabi/lib/thumb/v7e-m/nofp\libstdc++.a(bad_alloc.o)
                              c:/program files (x86)/gnu arm embedded toolchain/10 2020-q4-major/bin/../lib/gcc/arm-none-eabi/10.2.1/../../../../arm-none-eabi/lib/thumb/v7e-m/nofp\libstdc++.a(new_op.o) (std::bad_alloc::~bad_alloc())
c:/program files (x86)/gnu arm embedded toolchain/10 2020-q4-major/bin/../lib/gcc/arm-none-eabi/10.2.1/../../../../arm-none-eabi/lib/thumb/v7e-m/nofp\libstdc++.a(del_op.o)
                              c:/program files (x86)/gnu arm embedded toolchain/10 2020-q4-major/bin/../lib/gcc/arm-none-eabi/10.2.1/../../../../arm-none-eabi/lib/thumb/v7e-m/nofp\libstdc++.a(del_ops.o) (operator delete(void*))
c:/program files (x86)/gnu arm embedded toolchain/10 2020-q4-major/bin/../lib/gcc/arm-none-eabi/10.2.1/../../../../arm-none-eabi/lib/thumb/v7e-m/nofp\libstdc++.a(eh_alloc.o)
                              c:/program files (x86)/gnu arm embedded toolchain/10 2020-q4-major/bin/../lib/gcc/arm-none-eabi/10.2.1/../../../../arm-none-eabi/lib/thumb/v7e-m/nofp\libstdc++.a(new_op.o) (__cxa_allocate_exception)
c:/program files (x86)/gnu arm embedded toolchain/10 2020-q4-major/bin/../lib/gcc/arm-none-eabi/10.2.1/../../../../arm-none-eabi/lib/thumb/v7e-m/nofp\libstdc++.a(eh_exception.o)
                              c:/program files (x86)/gnu arm embedded toolchain/10 2020-q4-major/bin/../lib/gcc/arm-none-eabi/10.2.1/../../../../arm-none-eabi/lib/thumb/v7e-m/nofp\libstdc++.a(bad_alloc.o) (std::exception::~exception())
c:/program files (x86)/gnu arm embedded toolchain/10 2020-q4-major/bin/../lib/gcc/arm-none-eabi/10.2.1/../../../../arm-none-eabi/lib/thumb/v7e-m/nofp\libstdc++.a(eh_terminate.o)
                              c:/program files (x86)/gnu arm embedded toolchain/10 2020-q4-major/bin/../lib/gcc/arm-none-eabi/10.2.1/../../../../arm-none-eabi/lib/thumb/v7e-m/nofp\libstdc++.a(eh_alloc.o) (std::terminate())
c:/program files (x86)/gnu arm embedded toolchain/10 2020-q4-major/bin/../lib/gcc/arm-none-eabi/10.2.1/../../../../arm-none-eabi/lib/thumb/v7e-m/nofp\libstdc++.a(eh_throw.o)
                              c:/program files (x86)/gnu arm embedded toolchain/10 2020-q4-major/bin/../lib/gcc/arm-none-eabi/10.2.1/../../../../arm-none-eabi/lib/thumb/v7e-m/nofp\libstdc++.a(new_op.o) (__cxa_throw)
c:/program files (x86)/gnu arm embedded toolchain/10 2020-q4-major/bin/../lib/gcc/arm-none-eabi/10.2.1/../../../../arm-none-eabi/lib/thumb/v7e-m/nofp\libstdc++.a(eh_unex_handler.o)
                              c:/program files (x86)/gnu arm embedded toolchain/10 2020-q4-major/bin/../lib/gcc/arm-none-eabi/10.2.1/../../../../arm-none-eabi/lib/thumb/v7e-m/nofp\libstdc++.a(eh_terminate.o) (__cxxabiv1::__unexpected_handler)
c:/program files (x86)/gnu arm embedded toolchain/10 2020-q4-major/bin/../lib/gcc/arm-none-eabi/10.2.1/../../../../arm-none-eabi/lib/thumb/v7e-m/nofp\libstdc++.a(new_handler.o)
                              c:/program files (x86)/gnu arm embedded toolchain/10 2020-q4-major/bin/../lib/gcc/arm-none-eabi/10.2.1/../../../../arm-none-eabi/lib/thumb/v7e-m/nofp\libstdc++.a(new_op.o) (std::get_new_handler())
c:/program files (x86)/gnu arm embedded toolchain/10 2020-q4-major/bin/../lib/gcc/arm-none-eabi/10.2.1/../../../../arm-none-eabi/lib/thumb/v7e-m/nofp\libstdc++.a(pure.o)
                              c:/program files (x86)/gnu arm embedded toolchain/10 2020-q4-major/bin/../lib/gcc/arm-none-eabi/10.2.1/../../../../arm-none-eabi/lib/thumb/v7e-m/nofp\libstdc++.a(eh_exception.o) (__cxa_pure_virtual)
c:/program files (x86)/gnu arm embedded toolchain/10 2020-q4-major/bin/../lib/gcc/arm-none-eabi/10.2.1/../../../../arm-none-eabi/lib/thumb/v7e-m/nofp\libstdc++.a(si_class_type_info.o)
                              c:/program files (x86)/gnu arm embedded toolchain/10 2020-q4-major/bin/../lib/gcc/arm-none-eabi/10.2.1/../../../../arm-none-eabi/lib/thumb/v7e-m/nofp\libstdc++.a(bad_alloc.o) (vtable for __cxxabiv1::__si_class_type_info)
c:/program files (x86)/gnu arm embedded toolchain/10 2020-q4-major/bin/../lib/gcc/arm-none-eabi/10.2.1/../../../../arm-none-eabi/lib/thumb/v7e-m/nofp\libstdc++.a(tinfo.o)
[...]
Memory Configuration

Name             Origin             Length             Attributes
PROGRAM_FLASH    0x0000c000         0x00073c00         xr
SRAM_UPPER       0x20000000         0x00010000         xrw
SRAM_LOWER       0x1fff0000         0x00010000         xrw
*default*        0x00000000         0xffffffff

Linker script and memory map

LOAD c:/program files (x86)/gnu arm embedded toolchain/10 2020-q4-major/bin/../lib/gcc/arm-none-eabi/10.2.1/thumb/v7e-m/nofp/crti.o
LOAD c:/program files (x86)/gnu arm embedded toolchain/10 2020-q4-major/bin/../lib/gcc/arm-none-eabi/10.2.1/thumb/v7e-m/nofp/crtbegin.o
LOAD c:/program files (x86)/gnu arm embedded toolchain/10 2020-q4-major/bin/../lib/gcc/arm-none-eabi/10.2.1/../../../../arm-none-eabi/lib/thumb/v7e-m/nofp/crt0.o
LOAD ../main.o
LOAD Startup/startup_mk60d10.o
LOAD Libraries/FEHMotor.o
LOAD Drivers/mcg.o
LOAD Drivers/i2c.o
LOAD Drivers/spi.o
LOAD Drivers/uart.o
LOAD Drivers/ff.o
LOAD Drivers/SDHC.o
LOAD Drivers/lptmr.o
LOAD FEHProteus.o
LOAD Drivers/FEHPropeller.o
LOAD Libraries/FEHUtility.o
LOAD Libraries/FEHIO.o
LOAD Drivers/adc16.o
LOAD Libraries/FEHBuzzer.o
LOAD Libraries/FEHServo.o
LOAD Libraries/FEHLCD.o
LOAD Libraries/FEHAccel.o
LOAD Libraries/FEHBattery.o
LOAD Drivers/FEHXBee.o
LOAD Libraries/FEHRPS.o
LOAD Libraries/FEHSD.o
LOAD Libraries/FEHRandom.o
LOAD c:/program files (x86)/gnu arm embedded toolchain/10 2020-q4-major/bin/../lib/gcc/arm-none-eabi/10.2.1/../../../../arm-none-eabi/lib/thumb/v7e-m/nofp\libstdc++.a
LOAD c:/program files (x86)/gnu arm embedded toolchain/10 2020-q4-major/bin/../lib/gcc/arm-none-eabi/10.2.1/../../../../arm-none-eabi/lib/thumb/v7e-m/nofp\libm.a
START GROUP
LOAD c:/program files (x86)/gnu arm embedded toolchain/10 2020-q4-major/bin/../lib/gcc/arm-none-eabi/10.2.1/thumb/v7e-m/nofp\libgcc.a
LOAD c:/program files (x86)/gnu arm embedded toolchain/10 2020-q4-major/bin/../lib/gcc/arm-none-eabi/10.2.1/../../../../arm-none-eabi/lib/thumb/v7e-m/nofp\libg.a
LOAD c:/program files (x86)/gnu arm embedded toolchain/10 2020-q4-major/bin/../lib/gcc/arm-none-eabi/10.2.1/../../../../arm-none-eabi/lib/thumb/v7e-m/nofp\libc.a
END GROUP
START GROUP
LOAD c:/program files (x86)/gnu arm embedded toolchain/10 2020-q4-major/bin/../lib/gcc/arm-none-eabi/10.2.1/thumb/v7e-m/nofp\libgcc.a
LOAD c:/program files (x86)/gnu arm embedded toolchain/10 2020-q4-major/bin/../lib/gcc/arm-none-eabi/10.2.1/../../../../arm-none-eabi/lib/thumb/v7e-m/nofp\libc.a
LOAD c:/program files (x86)/gnu arm embedded toolchain/10 2020-q4-major/bin/../lib/gcc/arm-none-eabi/10.2.1/../../../../arm-none-eabi/lib/thumb/v7e-m/nofp\libnosys.a
END GROUP
LOAD c:/program files (x86)/gnu arm embedded toolchain/10 2020-q4-major/bin/../lib/gcc/arm-none-eabi/10.2.1/thumb/v7e-m/nofp/crtend.o
LOAD c:/program files (x86)/gnu arm embedded toolchain/10 2020-q4-major/bin/../lib/gcc/arm-none-eabi/10.2.1/thumb/v7e-m/nofp/crtn.o
                0x0000c000                __base_PROGRAM_FLASH = 0xc000
                0x0000c000                __base_Flash = 0xc000
                0x0007fc00                __top_PROGRAM_FLASH = 0x7fc00
                0x0007fc00                __top_Flash = 0x7fc00
                0x20000000                __base_SRAM_UPPER = 0x20000000
                0x20000000                __base_RAM = 0x20000000
                0x20010000                __top_SRAM_UPPER = 0x20010000
                0x20010000                __top_RAM = 0x20010000
                0x1fff0000                __base_SRAM_LOWER = 0x1fff0000
                0x1fff0000                __base_RAM2 = 0x1fff0000
                0x20000000                __top_SRAM_LOWER = 0x20000000
                0x20000000                __top_RAM2 = 0x20000000

.text           0x0000c000    0x21a30
 FILL mask 0xff
                0x0000c000                __vectors_start__ = ABSOLUTE (.)
 *(.isr_vector)
 .isr_vector    0x0000c000      0x1bc Startup/startup_mk60d10.o
                0x0000c000                g_pfnVectors
                0x0000c000                __Vectors
                0x0000c1bc                . = ALIGN (0x4)
                0x0000c1bc                __section_table_start = .
                0x0000c1bc                __data_section_table = .
                0x0000c1bc        0x4 LONG 0x2dcb0 LOADADDR (.data)
                0x0000c1c0        0x4 LONG 0x20000000 ADDR (.data)
                0x0000c1c4        0x4 LONG 0x16fc SIZEOF (.data)
                0x0000c1c8        0x4 LONG 0x2dcb0 LOADADDR (.data_RAM2)
                0x0000c1cc        0x4 LONG 0x1fff0000 ADDR (.data_RAM2)
                0x0000c1d0        0x4 LONG 0x0 SIZEOF (.data_RAM2)
                0x0000c1d4                __data_section_table_end = .
                0x0000c1d4                __bss_section_table = .
                0x0000c1d4        0x4 LONG 0x200016fc ADDR (.bss)
                0x0000c1d8        0x4 LONG 0x710 SIZEOF (.bss)
                0x0000c1dc        0x4 LONG 0x1fff0000 ADDR (.bss_RAM2)
                0x0000c1e0        0x4 LONG 0x0 SIZEOF (.bss_RAM2)
                0x0000c1e4                __bss_section_table_end = .
                0x0000c1e4                __section_table_end = .
 *(.after_vectors*)
 .after_vectors.init_data
                0x0000c1e4       0x42 Startup/startup_mk60d10.o
                0x0000c1e4                data_init(unsigned int, unsigned int, unsigned int)
 .after_vectors.init_bss
                0x0000c226       0x36 Startup/startup_mk60d10.o
                0x0000c226                bss_init(unsigned int, unsigned int)
 .after_vectors.reset
                0x0000c25c       0xb4 Startup/startup_mk60d10.o
                0x0000c25c                ResetISR
 .after_vectors
                0x0000c310       0x3c Startup/startup_mk60d10.o
                0x0000c310                NMI_Handler
                0x0000c316                HardFault_Handler
                0x0000c31c                MemManage_Handler
                0x0000c322                BusFault_Handler
                0x0000c328                UsageFault_Handler
                0x0000c32e                SVC_Handler
                0x0000c334                DebugMon_Handler
                0x0000c33a                PendSV_Handler
                0x0000c340                SysTick_Handler
                0x0000c346                DMA_Error_DriverIRQHandler
                0x0000c346                LPTMR0_DriverIRQHandler
                0x0000c346                FTM1_DriverIRQHandler
                0x0000c346                FTM2_DriverIRQHandler
                0x0000c346                PIT2_DriverIRQHandler
                0x0000c346                SDHC_DriverIRQHandler
                0x0000c346                I2S0_Tx_DriverIRQHandler
                0x0000c346                TSI0_DriverIRQHandler
                0x0000c346                RTC_Seconds_DriverIRQHandler
                0x0000c346                Reserved109_DriverIRQHandler
                0x0000c346                DMA6_DriverIRQHandler
                0x0000c346                LLWU_DriverIRQHandler
                0x0000c346                MCM_DriverIRQHandler
                0x0000c346                MCG_DriverIRQHandler
                0x0000c346                ENET_1588_Timer_DriverIRQHandler
                0x0000c346                DAC1_DriverIRQHandler
                0x0000c346                SPI1_DriverIRQHandler
                0x0000c346                CMP1_DriverIRQHandler
                0x0000c346                UART5_RX_TX_DriverIRQHandler
                0x0000c346                FTM0_DriverIRQHandler
                0x0000c346                IntDefaultHandler
                0x0000c346                USB0_DriverIRQHandler
                0x0000c346                UART5_ERR_DriverIRQHandler
                0x0000c346                DMA11_DriverIRQHandler
                0x0000c346                DAC0_DriverIRQHandler
                0x0000c346                DMA10_DriverIRQHandler
                0x0000c346                CMP2_DriverIRQHandler
                0x0000c346                UART2_ERR_DriverIRQHandler
                0x0000c346                SPI2_DriverIRQHandler
                0x0000c346                LVD_LVW_DriverIRQHandler
                0x0000c346                RNG_DriverIRQHandler
                0x0000c346                DMA12_DriverIRQHandler
                0x0000c346                DMA4_DriverIRQHandler
                0x0000c346                UART2_RX_TX_DriverIRQHandler
                0x0000c346                USBDCD_DriverIRQHandler
                0x0000c346                UART3_ERR_DriverIRQHandler
                0x0000c346                DMA3_DriverIRQHandler
                0x0000c346                DMA8_DriverIRQHandler
                0x0000c346                DMA9_DriverIRQHandler
                0x0000c346                UART0_ERR_DriverIRQHandler
                0x0000c346                CMT_DriverIRQHandler
                0x0000c346                ADC1_DriverIRQHandler
                0x0000c346                DMA14_DriverIRQHandler
                0x0000c346                PIT3_DriverIRQHandler
                0x0000c346                PIT1_DriverIRQHandler
                0x0000c346                WDOG_EWM_DriverIRQHandler
                0x0000c346                PDB0_DriverIRQHandler
                0x0000c346                Reserved95_DriverIRQHandler
                0x0000c346                RTC_DriverIRQHandler
                0x0000c346                I2S0_Rx_DriverIRQHandler
                0x0000c346                Read_Collision_DriverIRQHandler
                0x0000c346                SWI_DriverIRQHandler
                0x0000c346                UART4_RX_TX_DriverIRQHandler
                0x0000c346                UART4_ERR_DriverIRQHandler
                0x0000c346                DMA0_DriverIRQHandler
                0x0000c346                UART0_LON_DriverIRQHandler
                0x0000c346                Reserved102_DriverIRQHandler
                0x0000c346                DMA1_DriverIRQHandler
                0x0000c346                I2C1_DriverIRQHandler
                0x0000c346                UART3_RX_TX_DriverIRQHandler
                0x0000c346                ENET_Receive_DriverIRQHandler
                0x0000c346                DMA13_DriverIRQHandler
                0x0000c346                ENET_Error_DriverIRQHandler
                0x0000c346                DMA15_DriverIRQHandler
                0x0000c346                SPI0_DriverIRQHandler
                0x0000c346                ADC0_DriverIRQHandler
                0x0000c346                FTFL_DriverIRQHandler
                0x0000c346                CMP0_DriverIRQHandler
                0x0000c346                CAN0_DriverIRQHandler
                0x0000c346                Reserved59_DriverIRQHandler
                0x0000c346                DMA5_DriverIRQHandler
                0x0000c346                UART1_ERR_DriverIRQHandler
                0x0000c346                DMA2_DriverIRQHandler
                0x0000c346                ENET_Transmit_DriverIRQHandler
                0x0000c346                I2C0_DriverIRQHandler
                0x0000c346                CAN1_DriverIRQHandler
                0x0000c346                DMA7_DriverIRQHandler
                0x0000c346                UART1_RX_TX_DriverIRQHandler
                0x0000c346                Reserved108_DriverIRQHandler
                0x00000400                . = 0x400
 *fill*         0x0000c34c       0xb4 ff
                0x0000c400                PROVIDE (__FLASH_CONFIG_START__ = .)
 *(.FlashConfig)
 .FlashConfig   0x0000c400       0x10 Startup/startup_mk60d10.o
                0x0000c410                PROVIDE (__FLASH_CONFIG_END__ = .)
                0x00000001                ASSERT (! ((__FLASH_CONFIG_START__ == __FLASH_CONFIG_END__)), Linker Flash Config Support Enabled, but no .FlashConfig section provided within application)
 *(.text*)
 .text          0x0000c410       0x40 c:/program files (x86)/gnu arm embedded toolchain/10 2020-q4-major/bin/../lib/gcc/arm-none-eabi/10.2.1/thumb/v7e-m/nofp/crtbegin.o
 .text._Z8setUpRPSv
                0x0000c450      0x248 ../main.o
                0x0000c450                setUpRPS()
 .text._Z10setUpServov
                0x0000c698       0x74 ../main.o
                0x0000c698                setUpServo()
 *fill*         0x0000c70c        0x4 ff
 .text._Z11trayDepositv
                0x0000c710      0x10c ../main.o
                0x0000c710                trayDeposit()
 *fill*         0x0000c81c        0x4 ff
 .text._Z17trayToTicketSlidef
                0x0000c820      0x13c ../main.o
                0x0000c820                trayToTicketSlide(float)
 .text._Z12sliderToFlipf
                0x0000c95c       0xb0 ../main.o
                0x0000c95c                sliderToFlip(float)
 *fill*         0x0000ca0c        0x4 ff
 .text._Z13moveUpRampPT4f
                0x0000ca10      0x15c ../main.o
                0x0000ca10                moveUpRampPT4(float)
 .text._Z10burgerFlipf
                0x0000cb6c       0xc0 ../main.o
                0x0000cb6c                burgerFlip(float)
 .text._Z9leverFlipi
                0x0000cc2c      0x298 ../main.o
                0x0000cc2c                leverFlip(int)
 .text._Z13burgerToLeverv
                0x0000cec4      0x11c ../main.o
                0x0000cec4                burgerToLever()
 .text._Z14leverToJukeboxf
                0x0000cfe0      0x1d0 ../main.o
                0x0000cfe0                leverToJukebox(float)
 .text._Z13jukeBoxButtonv
                0x0000d1b0      0x25c ../main.o
                0x0000d1b0                jukeBoxButton()
 .text._Z11finalButtonv
                0x0000d40c       0xa8 ../main.o
                0x0000d40c                finalButton()
 .text._Z9senseLinev
                0x0000d4b4      0x108 ../main.o
                0x0000d4b4                senseLine()
 .text._Z10senseLightv
                0x0000d5bc       0x40 ../main.o
                0x0000d5bc                senseLight()
 .text._Z12moveTillLinev
                0x0000d5fc       0x60 ../main.o
                0x0000d5fc                moveTillLine()
 .text._Z17moveTillCollisioni
                0x0000d65c      0x290 ../main.o
                0x0000d65c                moveTillCollision(int)
 .text._Z16move_forwardTimeif
                0x0000d8ec       0x84 ../main.o
                0x0000d8ec                move_forwardTime(int, float)
 .text._Z15move_forwardPT4ii
                0x0000d970       0xd4 ../main.o
                0x0000d970                move_forwardPT4(int, int)
 .text._Z10turn_rightii
                0x0000da44       0xb8 ../main.o
                0x0000da44                turn_right(int, int)
 .text._Z9turn_leftii
                0x0000dafc       0xb0 ../main.o
                0x0000dafc                turn_left(int, int)
 *fill*         0x0000dbac        0x4 ff
 .text._Z13check_headingf
                0x0000dbb0      0x170 ../main.o
                0x0000dbb0                check_heading(float)
 .text._Z22pulse_counterclockwiseif
                0x0000dd20       0x4c ../main.o
                0x0000dd20                pulse_counterclockwise(int, float)
 .text.main     0x0000dd6c       0x60 ../main.o
                0x0000dd6c                main
 .text._Z41__static_initialization_and_destruction_0ii
                0x0000ddcc       0xec ../main.o
 .text._GLOBAL__sub_I_right_opt
                0x0000deb8       0x10 ../main.o
 .text.PORTD_IRQHandler
                0x0000dec8       0x50 Startup/startup_mk60d10.o
                0x0000dec8                PORTD_IRQHandler
 .text._Z15InitPowerButtonv
                0x0000df18       0x60 Startup/startup_mk60d10.o
                0x0000df18                InitPowerButton()
 .text._ZL11pll_init_blv
                0x0000df78       0xe0 Startup/startup_mk60d10.o
 .text._Z14InitFEHProteusv
                0x0000e058       0xec Startup/startup_mk60d10.o
                0x0000e058                InitFEHProteus()
 .text.DMA0_IRQHandler
                0x0000e144        0xc Startup/startup_mk60d10.o
                0x0000e144                DMA0_IRQHandler
 .text.DMA1_IRQHandler
                0x0000e150        0xc Startup/startup_mk60d10.o
                0x0000e150                DMA1_IRQHandler
 .text.DMA2_IRQHandler
                0x0000e15c        0xc Startup/startup_mk60d10.o
                0x0000e15c                DMA2_IRQHandler
 .text.DMA3_IRQHandler
                0x0000e168        0xc Startup/startup_mk60d10.o
                0x0000e168                DMA3_IRQHandler
 .text.DMA4_IRQHandler
                0x0000e174        0xc Startup/startup_mk60d10.o
                0x0000e174                DMA4_IRQHandler
 .text.DMA5_IRQHandler
                0x0000e180        0xc Startup/startup_mk60d10.o
                0x0000e180                DMA5_IRQHandler
 .text.DMA6_IRQHandler
                0x0000e18c        0xc Startup/startup_mk60d10.o
                0x0000e18c                DMA6_IRQHandler
 .text.DMA7_IRQHandler
                0x0000e198        0xc Startup/startup_mk60d10.o
                0x0000e198                DMA7_IRQHandler
 .text.DMA8_IRQHandler
                0x0000e1a4        0xc Startup/startup_mk60d10.o
                0x0000e1a4                DMA8_IRQHandler
 .text.DMA9_IRQHandler
                0x0000e1b0        0xc Startup/startup_mk60d10.o
                0x0000e1b0                DMA9_IRQHandler
 .text.DMA10_IRQHandler
                0x0000e1bc        0xc Startup/startup_mk60d10.o
                0x0000e1bc                DMA10_IRQHandler
 .text.DMA11_IRQHandler
                0x0000e1c8        0xc Startup/startup_mk60d10.o
                0x0000e1c8                DMA11_IRQHandler
 .text.DMA12_IRQHandler
                0x0000e1d4        0xc Startup/startup_mk60d10.o
                0x0000e1d4                DMA12_IRQHandler
 .text.DMA13_IRQHandler
                0x0000e1e0        0xc Startup/startup_mk60d10.o
                0x0000e1e0                DMA13_IRQHandler
 .text.DMA14_IRQHandler
                0x0000e1ec        0xc Startup/startup_mk60d10.o
                0x0000e1ec                DMA14_IRQHandler
 .text.DMA15_IRQHandler
                0x0000e1f8        0xc Startup/startup_mk60d10.o
                0x0000e1f8                DMA15_IRQHandler
 .text.DMA_Error_IRQHandler
                0x0000e204        0xc Startup/startup_mk60d10.o
                0x0000e204                DMA_Error_IRQHandler
 .text.MCM_IRQHandler
                0x0000e210        0xc Startup/startup_mk60d10.o
                0x0000e210                MCM_IRQHandler
 .text.FTFL_IRQHandler
                0x0000e21c        0xc Startup/startup_mk60d10.o
                0x0000e21c                FTFL_IRQHandler
 .text.Read_Collision_IRQHandler
                0x0000e228        0xc Startup/startup_mk60d10.o
                0x0000e228                Read_Collision_IRQHandler
 .text.LVD_LVW_IRQHandler
                0x0000e234        0xc Startup/startup_mk60d10.o
                0x0000e234                LVD_LVW_IRQHandler
 .text.LLWU_IRQHandler
                0x0000e240        0xc Startup/startup_mk60d10.o
                0x0000e240                LLWU_IRQHandler
 .text.WDOG_EWM_IRQHandler
                0x0000e24c        0xc Startup/startup_mk60d10.o
                0x0000e24c                WDOG_EWM_IRQHandler
 .text.RNG_IRQHandler
                0x0000e258        0xc Startup/startup_mk60d10.o
                0x0000e258                RNG_IRQHandler
 .text.I2C0_IRQHandler
                0x0000e264        0xc Startup/startup_mk60d10.o
                0x0000e264                I2C0_IRQHandler
 .text.I2C1_IRQHandler
                0x0000e270        0xc Startup/startup_mk60d10.o
                0x0000e270                I2C1_IRQHandler
 .text.SPI0_IRQHandler
                0x0000e27c        0xc Startup/startup_mk60d10.o
                0x0000e27c                SPI0_IRQHandler
 .text.SPI1_IRQHandler
                0x0000e288        0xc Startup/startup_mk60d10.o
                0x0000e288                SPI1_IRQHandler
 .text.SPI2_IRQHandler
                0x0000e294        0xc Startup/startup_mk60d10.o
                0x0000e294                SPI2_IRQHandler
 .text.CAN0_ORed_Message_buffer_IRQHandler
                0x0000e2a0        0xc Startup/startup_mk60d10.o
                0x0000e2a0                CAN0_ORed_Message_buffer_IRQHandler
 .text.CAN0_Bus_Off_IRQHandler
                0x0000e2ac        0xc Startup/startup_mk60d10.o
                0x0000e2ac                CAN0_Bus_Off_IRQHandler
 .text.CAN0_Error_IRQHandler
                0x0000e2b8        0xc Startup/startup_mk60d10.o
                0x0000e2b8                CAN0_Error_IRQHandler
 .text.CAN0_Tx_Warning_IRQHandler
                0x0000e2c4        0xc Startup/startup_mk60d10.o
                0x0000e2c4                CAN0_Tx_Warning_IRQHandler
 .text.CAN0_Rx_Warning_IRQHandler
                0x0000e2d0        0xc Startup/startup_mk60d10.o
                0x0000e2d0                CAN0_Rx_Warning_IRQHandler
 .text.CAN0_Wake_Up_IRQHandler
                0x0000e2dc        0xc Startup/startup_mk60d10.o
                0x0000e2dc                CAN0_Wake_Up_IRQHandler
 .text.I2S0_Tx_IRQHandler
                0x0000e2e8        0xc Startup/startup_mk60d10.o
                0x0000e2e8                I2S0_Tx_IRQHandler
 .text.I2S0_Rx_IRQHandler
                0x0000e2f4        0xc Startup/startup_mk60d10.o
                0x0000e2f4                I2S0_Rx_IRQHandler
 .text.CAN1_ORed_Message_buffer_IRQHandler
                0x0000e300        0xc Startup/startup_mk60d10.o
                0x0000e300                CAN1_ORed_Message_buffer_IRQHandler
 .text.CAN1_Bus_Off_IRQHandler
                0x0000e30c        0xc Startup/startup_mk60d10.o
                0x0000e30c                CAN1_Bus_Off_IRQHandler
 .text.CAN1_Error_IRQHandler
                0x0000e318        0xc Startup/startup_mk60d10.o
                0x0000e318                CAN1_Error_IRQHandler
 .text.CAN1_Tx_Warning_IRQHandler
                0x0000e324        0xc Startup/startup_mk60d10.o
                0x0000e324                CAN1_Tx_Warning_IRQHandler
 .text.CAN1_Rx_Warning_IRQHandler
                0x0000e330        0xc Startup/startup_mk60d10.o
                0x0000e330                CAN1_Rx_Warning_IRQHandler
 .text.CAN1_Wake_Up_IRQHandler
                0x0000e33c        0xc Startup/startup_mk60d10.o
                0x0000e33c                CAN1_Wake_Up_IRQHandler
 .text.Reserved59_IRQHandler
                0x0000e348        0xc Startup/startup_mk60d10.o
                0x0000e348                Reserved59_IRQHandler
 .text.UART0_LON_IRQHandler
                0x0000e354        0xc Startup/startup_mk60d10.o
                0x0000e354                UART0_LON_IRQHandler
 .text.UART0_ERR_IRQHandler
                0x0000e360        0xc Startup/startup_mk60d10.o
                0x0000e360                UART0_ERR_IRQHandler
 .text.UART1_RX_TX_IRQHandler
                0x0000e36c        0xc Startup/startup_mk60d10.o
                0x0000e36c                UART1_RX_TX_IRQHandler
 .text.UART1_ERR_IRQHandler
                0x0000e378        0xc Startup/startup_mk60d10.o
                0x0000e378                UART1_ERR_IRQHandler
 .text.UART2_RX_TX_IRQHandler
                0x0000e384        0xc Startup/startup_mk60d10.o
                0x0000e384                UART2_RX_TX_IRQHandler
 .text.UART2_ERR_IRQHandler
                0x0000e390        0xc Startup/startup_mk60d10.o
                0x0000e390                UART2_ERR_IRQHandler
 .text.UART3_RX_TX_IRQHandler
                0x0000e39c        0xc Startup/startup_mk60d10.o
                0x0000e39c                UART3_RX_TX_IRQHandler
 .text.UART3_ERR_IRQHandler
                0x0000e3a8        0xc Startup/startup_mk60d10.o
                0x0000e3a8                UART3_ERR_IRQHandler
 .text.UART4_RX_TX_IRQHandler
                0x0000e3b4        0xc Startup/startup_mk60d10.o
                0x0000e3b4                UART4_RX_TX_IRQHandler
 .text.UART4_ERR_IRQHandler
                0x0000e3c0        0xc Startup/startup_mk60d10.o
                0x0000e3c0                UART4_ERR_IRQHandler
 .text.UART5_RX_TX_IRQHandler
                0x0000e3cc        0xc Startup/startup_mk60d10.o
                0x0000e3cc                UART5_RX_TX_IRQHandler
 .text.UART5_ERR_IRQHandler
                0x0000e3d8        0xc Startup/startup_mk60d10.o
                0x0000e3d8                UART5_ERR_IRQHandler
 .text.ADC0_IRQHandler
                0x0000e3e4        0xc Startup/startup_mk60d10.o
                0x0000e3e4                ADC0_IRQHandler
 .text.ADC1_IRQHandler
                0x0000e3f0        0xc Startup/startup_mk60d10.o
                0x0000e3f0                ADC1_IRQHandler
 .text.CMP0_IRQHandler
                0x0000e3fc        0xc Startup/startup_mk60d10.o
                0x0000e3fc                CMP0_IRQHandler
 .text.CMP1_IRQHandler
                0x0000e408        0xc Startup/startup_mk60d10.o
                0x0000e408                CMP1_IRQHandler
 .text.CMP2_IRQHandler
                0x0000e414        0xc Startup/startup_mk60d10.o
                0x0000e414                CMP2_IRQHandler
 .text.FTM0_IRQHandler
                0x0000e420        0xc Startup/startup_mk60d10.o
                0x0000e420                FTM0_IRQHandler
 .text.FTM1_IRQHandler
                0x0000e42c        0xc Startup/startup_mk60d10.o
                0x0000e42c                FTM1_IRQHandler
 .text.FTM2_IRQHandler
                0x0000e438        0xc Startup/startup_mk60d10.o
                0x0000e438                FTM2_IRQHandler
 .text.CMT_IRQHandler
                0x0000e444        0xc Startup/startup_mk60d10.o
                0x0000e444                CMT_IRQHandler
 .text.RTC_IRQHandler
                0x0000e450        0xc Startup/startup_mk60d10.o
                0x0000e450                RTC_IRQHandler
 .text.RTC_Seconds_IRQHandler
                0x0000e45c        0xc Startup/startup_mk60d10.o
                0x0000e45c                RTC_Seconds_IRQHandler
 .text.PIT1_IRQHandler
                0x0000e468        0xc Startup/startup_mk60d10.o
                0x0000e468                PIT1_IRQHandler
 .text.PIT2_IRQHandler
                0x0000e474        0xc Startup/startup_mk60d10.o
                0x0000e474                PIT2_IRQHandler
 .text.PIT3_IRQHandler
                0x0000e480        0xc Startup/startup_mk60d10.o
                0x0000e480                PIT3_IRQHandler
 .text.PDB0_IRQHandler
                0x0000e48c        0xc Startup/startup_mk60d10.o
                0x0000e48c                PDB0_IRQHandler
 .text.USB0_IRQHandler
                0x0000e498        0xc Startup/startup_mk60d10.o
                0x0000e498                USB0_IRQHandler
 .text.USBDCD_IRQHandler
                0x0000e4a4        0xc Startup/startup_mk60d10.o
                0x0000e4a4                USBDCD_IRQHandler
 .text.ENET_1588_Timer_IRQHandler
                0x0000e4b0        0xc Startup/startup_mk60d10.o
                0x0000e4b0                ENET_1588_Timer_IRQHandler
 .text.ENET_Transmit_IRQHandler
                0x0000e4bc        0xc Startup/startup_mk60d10.o
                0x0000e4bc                ENET_Transmit_IRQHandler
 .text.ENET_Receive_IRQHandler
                0x0000e4c8        0xc Startup/startup_mk60d10.o
                0x0000e4c8                ENET_Receive_IRQHandler
 .text.ENET_Error_IRQHandler
                0x0000e4d4        0xc Startup/startup_mk60d10.o
                0x0000e4d4                ENET_Error_IRQHandler
 .text.Reserved95_IRQHandler
                0x0000e4e0        0xc Startup/startup_mk60d10.o
                0x0000e4e0                Reserved95_IRQHandler
 .text.SDHC_IRQHandler
                0x0000e4ec        0xc Startup/startup_mk60d10.o
                0x0000e4ec                SDHC_IRQHandler
 .text.DAC0_IRQHandler
                0x0000e4f8        0xc Startup/startup_mk60d10.o
                0x0000e4f8                DAC0_IRQHandler
 .text.DAC1_IRQHandler
                0x0000e504        0xc Startup/startup_mk60d10.o
                0x0000e504                DAC1_IRQHandler
 .text.TSI0_IRQHandler
                0x0000e510        0xc Startup/startup_mk60d10.o
                0x0000e510                TSI0_IRQHandler
 .text.MCG_IRQHandler
                0x0000e51c        0xc Startup/startup_mk60d10.o
                0x0000e51c                MCG_IRQHandler
 .text.LPTMR0_IRQHandler
                0x0000e528        0xc Startup/startup_mk60d10.o
                0x0000e528                LPTMR0_IRQHandler
 .text.Reserved102_IRQHandler
                0x0000e534        0xc Startup/startup_mk60d10.o
                0x0000e534                Reserved102_IRQHandler
 .text.Reserved108_IRQHandler
                0x0000e540        0xc Startup/startup_mk60d10.o
                0x0000e540                Reserved108_IRQHandler
 .text.Reserved109_IRQHandler
                0x0000e54c        0xc Startup/startup_mk60d10.o
                0x0000e54c                Reserved109_IRQHandler
 .text.SWI_IRQHandler
                0x0000e558        0xc Startup/startup_mk60d10.o
                0x0000e558                SWI_IRQHandler
 *fill*         0x0000e564        0x4 ff
 .text._ZN8FEHMotorC2ENS_12FEHMotorPortEf
                0x0000e568       0x7c Libraries/FEHMotor.o
                0x0000e568                FEHMotor::FEHMotor(FEHMotor::FEHMotorPort, float)
                0x0000e568                FEHMotor::FEHMotor(FEHMotor::FEHMotorPort, float)
 .text._ZN8FEHMotor4StopEv
                0x0000e5e4       0x30 Libraries/FEHMotor.o
                0x0000e5e4                FEHMotor::Stop()
 .text._ZN8FEHMotor8SetPowerEi
                0x0000e614       0x54 Libraries/FEHMotor.o
                0x0000e614                FEHMotor::SetPower(int)
 .text._ZN8FEHMotor10SetPercentEf
                0x0000e668       0xf8 Libraries/FEHMotor.o
                0x0000e668                FEHMotor::SetPercent(float)
 .text._Z21IIC_StartTransmissionhh
                0x0000e760       0x6c Drivers/i2c.o
                0x0000e760                IIC_StartTransmission(unsigned char, unsigned char)
 .text._Z5Pausev
                0x0000e7cc       0x24 Drivers/i2c.o
                0x0000e7cc                Pause()
 .text._Z21MMA8451QWriteRegisterhh
                0x0000e7f0       0x68 Drivers/i2c.o
                0x0000e7f0                MMA8451QWriteRegister(unsigned char, unsigned char)
 .text._Z8i2c_Waitv
                0x0000e858       0x6c Drivers/i2c.o
                0x0000e858                i2c_Wait()
 .text._Z12SPI_SendCharh
                0x0000e8c4       0x1a Drivers/spi.o
                0x0000e8c4                SPI_SendChar(unsigned char)
 .text._Z16SPI_WriteCommandhh
                0x0000e8de       0x34 Drivers/spi.o
                0x0000e8de                SPI_WriteCommand(unsigned char, unsigned char)
 .text._Z11SPI_GetCharv
                0x0000e912       0x10 Drivers/spi.o
                0x0000e912                SPI_GetChar()
 .text._Z15SPI_ReadCommandh
                0x0000e922       0x38 Drivers/spi.o
                0x0000e922                SPI_ReadCommand(unsigned char)
 *fill*         0x0000e95a        0x2 ff
 .text._Z13SPI_CS_Assertv
                0x0000e95c       0x1c Drivers/spi.o
                0x0000e95c                SPI_CS_Assert()
 .text._Z15SPI_CS_Deassertv
                0x0000e978       0x1c Drivers/spi.o
                0x0000e978                SPI_CS_Deassert()
 .text._Z12SPI_Transferh
                0x0000e994       0x6c Drivers/spi.o
                0x0000e994                SPI_Transfer(unsigned char)
 .text._Z8SPI_Initv
                0x0000ea00       0xa0 Drivers/spi.o
                0x0000ea00                SPI_Init()
 .text._Z9uart_initPV11UART_MemMapii
                0x0000eaa0      0x174 Drivers/uart.o
                0x0000eaa0                uart_init(UART_MemMap volatile*, int, int)
 .text._Z12uart_getcharPV11UART_MemMap
                0x0000ec14       0x32 Drivers/uart.o
                0x0000ec14                uart_getchar(UART_MemMap volatile*)
 .text._Z12uart_putcharPV11UART_MemMapc
                0x0000ec46       0x32 Drivers/uart.o
                0x0000ec46                uart_putchar(UART_MemMap volatile*, char)
 .text._ZL7mem_cpyPvPKvj
                0x0000ec78       0x44 Drivers/ff.o
 .text._ZL7mem_setPvij
                0x0000ecbc       0x3c Drivers/ff.o
 .text._ZL7mem_cmpPKvS0_j
                0x0000ecf8       0x56 Drivers/ff.o
 .text._ZL7chk_chrPKci
                0x0000ed4e       0x34 Drivers/ff.o
 .text._ZL11move_windowP5FATFSm
                0x0000ed82       0xc8 Drivers/ff.o
 .text._ZL4syncP5FATFS
                0x0000ee4a      0x14c Drivers/ff.o
 .text._Z10clust2sectP5FATFSm
                0x0000ef96       0x3c Drivers/ff.o
                0x0000ef96                clust2sect(FATFS*, unsigned long)
 .text._Z7get_fatP5FATFSm
                0x0000efd2      0x192 Drivers/ff.o
                0x0000efd2                get_fat(FATFS*, unsigned long)
 .text._Z7put_fatP5FATFSmm
                0x0000f164      0x20a Drivers/ff.o
                0x0000f164                put_fat(FATFS*, unsigned long, unsigned long)
 .text._ZL12remove_chainP5FATFSm
                0x0000f36e       0x9c Drivers/ff.o
 .text._ZL12create_chainP5FATFSm
                0x0000f40a      0x112 Drivers/ff.o
 .text._ZL10clmt_clustP3FILm
                0x0000f51c       0x62 Drivers/ff.o
 .text._ZL7dir_sdiP3DIRt
                0x0000f57e      0x100 Drivers/ff.o
 .text._ZL8dir_nextP3DIRi
                0x0000f67e      0x1b6 Drivers/ff.o
 .text._ZL8dir_findP3DIR
                0x0000f834       0xa0 Drivers/ff.o
 .text._ZL12dir_registerP3DIR
                0x0000f8d4       0xae Drivers/ff.o
 *fill*         0x0000f982        0x2 ff
 .text._ZL11create_nameP3DIRPPKc
                0x0000f984      0x1f4 Drivers/ff.o
 .text._ZL11follow_pathP3DIRPKc
                0x0000fb78      0x12c Drivers/ff.o
 .text._ZL8check_fsP5FATFSm
                0x0000fca4       0xd8 Drivers/ff.o
 .text._ZL11chk_mountedPPKcPP5FATFSh
                0x0000fd7c      0x534 Drivers/ff.o
 .text._ZL8validateP5FATFSt
                0x000102b0       0x54 Drivers/ff.o
 .text._Z7f_mounthP5FATFS
                0x00010304       0x54 Drivers/ff.o
                0x00010304                f_mount(unsigned char, FATFS*)
 .text._Z6f_openP3FILPKch
                0x00010358      0x2de Drivers/ff.o
                0x00010358                f_open(FIL*, char const*, unsigned char)
 .text._Z6f_readP3FILPvjPj
                0x00010636      0x2dc Drivers/ff.o
                0x00010636                f_read(FIL*, void*, unsigned int, unsigned int*)
 .text._Z7f_writeP3FILPKvjPj
                0x00010912      0x33c Drivers/ff.o
                0x00010912                f_write(FIL*, void const*, unsigned int, unsigned int*)
 .text._Z6f_syncP3FIL
                0x00010c4e      0x186 Drivers/ff.o
                0x00010c4e                f_sync(FIL*)
 .text._Z7f_closeP3FIL
                0x00010dd4       0x28 Drivers/ff.o
                0x00010dd4                f_close(FIL*)
 .text._Z6f_getsPciP3FIL
                0x00010dfc       0x70 Drivers/ff.o
                0x00010dfc                f_gets(char*, int, FIL*)
 .text._Z6f_putccP3FIL
                0x00010e6c       0x3c Drivers/ff.o
                0x00010e6c                f_putc(char, FIL*)
 .text._Z6f_putsPKcP3FIL
                0x00010ea8       0x52 Drivers/ff.o
                0x00010ea8                f_puts(char const*, FIL*)
 .text._Z5powerii
                0x00010efa       0x3c Drivers/ff.o
                0x00010efa                power(int, int)
 *fill*         0x00010f36        0x2 ff
 .text._Z8f_printfP3FILPKcSt9__va_list
                0x00010f38      0x61c Drivers/ff.o
                0x00010f38                f_printf(FIL*, char const*, std::__va_list)
 .text._ZL17SDHC_set_baudratemm
                0x00011554       0xe8 Drivers/SDHC.o
 .text._Z9SDHC_initP17esdhc_info_structPK17esdhc_init_struct
                0x0001163c      0x130 Drivers/SDHC.o
                0x0001163c                SDHC_init(esdhc_info_struct*, esdhc_init_struct const*)
 .text._ZL15SDHC_is_runningv
                0x0001176c       0x24 Drivers/SDHC.o
 .text._ZL16SDHC_status_waitm
                0x00011790       0x2c Drivers/SDHC.o
 .text._ZL17SDHC_send_commandP20esdhc_command_struct
                0x000117bc      0x1f8 Drivers/SDHC.o
 .text._Z10SDHC_ioctlmPv
                0x000119b4      0x6f0 Drivers/SDHC.o
                0x000119b4                SDHC_ioctl(unsigned long, void*)
 .text._Z15disk_initializeh
                0x000120a4      0x384 Drivers/SDHC.o
                0x000120a4                disk_initialize(unsigned char)
 .text._ZL14rcvr_datablockPhm
                0x00012428       0xf0 Drivers/SDHC.o
 .text._Z9disk_readhPhmh
                0x00012518      0x124 Drivers/SDHC.o
                0x00012518                disk_read(unsigned char, unsigned char*, unsigned long, unsigned char)
 .text._ZL14xmit_datablockPKhm
                0x0001263c       0xa4 Drivers/SDHC.o
 .text._Z10disk_writehPKhmh
                0x000126e0      0x198 Drivers/SDHC.o
                0x000126e0                disk_write(unsigned char, unsigned char const*, unsigned long, unsigned char)
 .text._Z10disk_ioctlhhPv
                0x00012878      0x104 Drivers/SDHC.o
                0x00012878                disk_ioctl(unsigned char, unsigned char, void*)
 .text._Z11disk_statush
                0x0001297c       0x28 Drivers/SDHC.o
                0x0001297c                disk_status(unsigned char)
 .text._Z13time_delay_msm
                0x000129a4       0x6c Drivers/lptmr.o
                0x000129a4                time_delay_ms(unsigned long)
 .text._Z41__static_initialization_and_destruction_0ii
                0x00012a10       0x2c FEHProteus.o
 .text._GLOBAL__sub_I_Propeller
                0x00012a3c       0x10 FEHProteus.o
 .text._ZN12FEHPropellerC2Ev
                0x00012a4c       0x1a Drivers/FEHPropeller.o
                0x00012a4c                FEHPropeller::FEHPropeller()
                0x00012a4c                FEHPropeller::FEHPropeller()
 *fill*         0x00012a66        0x2 ff
 .text._ZN12FEHPropeller10InitializeEv
                0x00012a68       0x74 Drivers/FEHPropeller.o
                0x00012a68                FEHPropeller::Initialize()
 .text._ZN12FEHPropeller12SetMotorRateEhhh
                0x00012adc       0x5c Drivers/FEHPropeller.o
                0x00012adc                FEHPropeller::SetMotorRate(unsigned char, unsigned char, unsigned char)
 .text._ZL5Delaymjj
                0x00012b38       0x94 Libraries/FEHUtility.o
 .text._Z5Sleepi
                0x00012bcc       0x2c Libraries/FEHUtility.o
                0x00012bcc                Sleep(int)
 .text._Z5Sleepf
                0x00012bf8       0x40 Libraries/FEHUtility.o
                0x00012bf8                Sleep(float)
 .text._Z5Sleepd
                0x00012c38       0x4c Libraries/FEHUtility.o
                0x00012c38                Sleep(double)
 .text._Z7TimeNowv
                0x00012c84       0x5c Libraries/FEHUtility.o
                0x00012c84                TimeNow()
 .text._Z11TimeNowMSecv
                0x00012ce0       0x38 Libraries/FEHUtility.o
                0x00012ce0                TimeNowMSec()
 .text._ZN15DigitalInputPinC2EN5FEHIO8FEHIOPinE
                0x00012d18       0x20 Libraries/FEHIO.o
                0x00012d18                DigitalInputPin::DigitalInputPin(FEHIO::FEHIOPin)
                0x00012d18                DigitalInputPin::DigitalInputPin(FEHIO::FEHIOPin)
 .text._ZN15DigitalInputPin10InitializeEN5FEHIO8FEHIOPinE
                0x00012d38      0x198 Libraries/FEHIO.o
                0x00012d38                DigitalInputPin::Initialize(FEHIO::FEHIOPin)
 .text._ZN15DigitalInputPin5ValueEv
                0x00012ed0      0x108 Libraries/FEHIO.o
                0x00012ed0                DigitalInputPin::Value()
 .text._ZN14DigitalEncoderC2EN5FEHIO8FEHIOPinE
                0x00012fd8       0x26 Libraries/FEHIO.o
                0x00012fd8                DigitalEncoder::DigitalEncoder(FEHIO::FEHIOPin)
                0x00012fd8                DigitalEncoder::DigitalEncoder(FEHIO::FEHIOPin)
 *fill*         0x00012ffe        0x2 ff
 .text._Z10enable_irqi
                0x00013000      0x11c Libraries/FEHIO.o
                0x00013000                enable_irq(int)
 .text._ZN14DigitalEncoder10InitializeEN5FEHIO8FEHIOPinENS0_21FEHIOInterruptTriggerE
                0x0001311c      0x1a8 Libraries/FEHIO.o
                0x0001311c                DigitalEncoder::Initialize(FEHIO::FEHIOPin, FEHIO::FEHIOInterruptTrigger)
 .text._Z16PORTB_IRQHandlerv
                0x000132c4       0xa0 Libraries/FEHIO.o
                0x000132c4                PORTB_IRQHandler()
 .text._Z16PORTC_IRQHandlerv
                0x00013364       0xa0 Libraries/FEHIO.o
                0x00013364                PORTC_IRQHandler()
 .text._Z16PORTA_IRQHandlerv
                0x00013404       0xa4 Libraries/FEHIO.o
                0x00013404                PORTA_IRQHandler()
 .text._Z16PORTE_IRQHandlerv
                0x000134a8       0x9c Libraries/FEHIO.o
                0x000134a8                PORTE_IRQHandler()
 .text._ZN14DigitalEncoder6CountsEv
                0x00013544       0x24 Libraries/FEHIO.o
                0x00013544                DigitalEncoder::Counts()
 .text._ZN14DigitalEncoder11ResetCountsEv
                0x00013568       0x24 Libraries/FEHIO.o
                0x00013568                DigitalEncoder::ResetCounts()
 .text._ZN14AnalogInputPinC2EN5FEHIO8FEHIOPinE
                0x0001358c       0x1e Libraries/FEHIO.o
                0x0001358c                AnalogInputPin::AnalogInputPin(FEHIO::FEHIOPin)
                0x0001358c                AnalogInputPin::AnalogInputPin(FEHIO::FEHIOPin)
 *fill*         0x000135aa        0x6 ff
 .text._ZN14AnalogInputPin5ValueEv
                0x000135b0      0x120 Libraries/FEHIO.o
                0x000135b0                AnalogInputPin::Value()
 .text._ZN13AnalogEncoder12EncoderValueEv
                0x000136d0       0xb0 Libraries/FEHIO.o
                0x000136d0                AnalogEncoder::EncoderValue()
 .text._ZN14AnalogInputPin8InitADCsEv
                0x00013780       0x98 Libraries/FEHIO.o
                0x00013780                AnalogInputPin::InitADCs()
 .text._Z15PIT0_IRQHandlerv
                0x00013818       0x28 Libraries/FEHIO.o
                0x00013818                PIT0_IRQHandler()
 .text._ZN13AnalogEncoder4InitEv
                0x00013840       0x44 Libraries/FEHIO.o
                0x00013840                AnalogEncoder::Init()
 .text._ZN13AnalogEncoder14SetCounterInitEj
                0x00013884       0x20 Libraries/FEHIO.o
                0x00013884                AnalogEncoder::SetCounterInit(unsigned int)
 .text._ZN13AnalogEncoder10ProcessIntEv
                0x000138a4       0x68 Libraries/FEHIO.o
                0x000138a4                AnalogEncoder::ProcessInt()
 .text._ZN13AnalogEncoder14ProcessIntSelfEv
                0x0001390c       0x6e Libraries/FEHIO.o
                0x0001390c                AnalogEncoder::ProcessIntSelf()
 .text._Z7ADC_CalPV10ADC_MemMap
                0x0001397a      0x13e Drivers/adc16.o
                0x0001397a                ADC_Cal(ADC_MemMap volatile*)
 .text._Z14ADC_Config_AltPV10ADC_MemMapP7adc_cfg
                0x00013ab8       0x6c Drivers/adc16.o
                0x00013ab8                ADC_Config_Alt(ADC_MemMap volatile*, adc_cfg*)
 .text._ZN9FEHBuzzerC2Ev
                0x00013b24       0x14 Libraries/FEHBuzzer.o
                0x00013b24                FEHBuzzer::FEHBuzzer()
                0x00013b24                FEHBuzzer::FEHBuzzer()
 .text._Z41__static_initialization_and_destruction_0ii
                0x00013b38       0x2c Libraries/FEHBuzzer.o
 .text._GLOBAL__sub_I_Buzzer
                0x00013b64       0x10 Libraries/FEHBuzzer.o
 .text._ZN8FEHServoC2ENS_12FEHServoPortE
                0x00013b74       0x38 Libraries/FEHServo.o
                0x00013b74                FEHServo::FEHServo(FEHServo::FEHServoPort)
                0x00013b74                FEHServo::FEHServo(FEHServo::FEHServoPort)
 .text._ZN8FEHServo6SetMinEi
                0x00013bac       0x3a Libraries/FEHServo.o
                0x00013bac                FEHServo::SetMin(int)
 .text._ZN8FEHServo6SetMaxEi
                0x00013be6       0x3a Libraries/FEHServo.o
                0x00013be6                FEHServo::SetMax(int)
 .text._ZN8FEHServo9SetDegreeEf
                0x00013c20       0xf8 Libraries/FEHServo.o
                0x00013c20                FEHServo::SetDegree(float)
 .text._ZN8FEHServo14TouchCalibrateEv
                0x00013d18      0x88c Libraries/FEHServo.o
                0x00013d18                FEHServo::TouchCalibrate()
 .text._ZN6FEHLCD11_InitializeEv
                0x000145a4      0x410 Libraries/FEHLCD.o
                0x000145a4                FEHLCD::_Initialize()
 .text._ZN6FEHLCDC2Ev
                0x000149b4       0x50 Libraries/FEHLCD.o
                0x000149b4                FEHLCD::FEHLCD()
                0x000149b4                FEHLCD::FEHLCD()
 .text._ZN6FEHLCD10InitializeEv
                0x00014a04       0x28 Libraries/FEHLCD.o
                0x00014a04                FEHLCD::Initialize()
 .text._ZN6FEHLCD10PrintImageEii
                0x00014a2c       0xbc Libraries/FEHLCD.o
                0x00014a2c                FEHLCD::PrintImage(int, int)
 .text._ZN6FEHLCD9PrintLogoEii
                0x00014ae8       0xbc Libraries/FEHLCD.o
                0x00014ae8                FEHLCD::PrintLogo(int, int)
 .text._ZN6FEHLCD22ConvertFEHColorTo24BitENS_11FEHLCDColorE
                0x00014ba4       0x78 Libraries/FEHLCD.o
                0x00014ba4                FEHLCD::ConvertFEHColorTo24Bit(FEHLCD::FEHLCDColor)
 .text._ZN6FEHLCD24Convert24BitColorTo16BitEj
                0x00014c1c       0x30 Libraries/FEHLCD.o
                0x00014c1c                FEHLCD::Convert24BitColorTo16Bit(unsigned int)
 .text._ZN6FEHLCD22ConvertRGBColorTo16BitEhhh
                0x00014c4c       0x4a Libraries/FEHLCD.o
                0x00014c4c                FEHLCD::ConvertRGBColorTo16Bit(unsigned char, unsigned char, unsigned char)
 .text._ZN6FEHLCD5ClearENS_11FEHLCDColorE
                0x00014c96       0x28 Libraries/FEHLCD.o
                0x00014c96                FEHLCD::Clear(FEHLCD::FEHLCDColor)
 .text._ZN6FEHLCD5ClearEj
                0x00014cbe       0x2c Libraries/FEHLCD.o
                0x00014cbe                FEHLCD::Clear(unsigned int)
 .text._ZN6FEHLCD5ClearEv
                0x00014cea       0x16 Libraries/FEHLCD.o
                0x00014cea                FEHLCD::Clear()
 .text._ZN6FEHLCD18SetBackgroundColorENS_11FEHLCDColorE
                0x00014d00       0x28 Libraries/FEHLCD.o
                0x00014d00                FEHLCD::SetBackgroundColor(FEHLCD::FEHLCDColor)
 .text._ZN6FEHLCD18SetBackgroundColorEj
                0x00014d28       0x26 Libraries/FEHLCD.o
                0x00014d28                FEHLCD::SetBackgroundColor(unsigned int)
 .text._ZN6FEHLCD12SetFontColorENS_11FEHLCDColorE
                0x00014d4e       0x28 Libraries/FEHLCD.o
                0x00014d4e                FEHLCD::SetFontColor(FEHLCD::FEHLCDColor)
 .text._ZN6FEHLCD12SetFontColorEj
                0x00014d76       0x26 Libraries/FEHLCD.o
                0x00014d76                FEHLCD::SetFontColor(unsigned int)
 .text._ZN6FEHLCD7WriteAtEPKcii
                0x00014d9c       0x46 Libraries/FEHLCD.o
                0x00014d9c                FEHLCD::WriteAt(char const*, int, int)
 .text._ZN6FEHLCD11TS_SPI_InitEv
                0x00014de2       0x7c Libraries/FEHLCD.o
                0x00014de2                FEHLCD::TS_SPI_Init()
 *fill*         0x00014e5e        0x2 ff
 .text._ZN6FEHLCD5TouchEPfS0_
                0x00014e60      0x1fc Libraries/FEHLCD.o
                0x00014e60                FEHLCD::Touch(float*, float*)
 .text._ZN6FEHLCD3absEi
                0x0001505c       0x22 Libraries/FEHLCD.o
                0x0001505c                FEHLCD::abs(int)
 .text._ZN6FEHLCD5WriteEPKc
                0x0001507e       0x4e Libraries/FEHLCD.o
                0x0001507e                FEHLCD::Write(char const*)
 .text._ZN6FEHLCD5WriteEi
                0x000150cc       0x30 Libraries/FEHLCD.o
                0x000150cc                FEHLCD::Write(int)
 .text._ZN6FEHLCD5WriteEf
                0x000150fc       0xc0 Libraries/FEHLCD.o
                0x000150fc                FEHLCD::Write(float)
 .text._ZN6FEHLCD5WriteEb
                0x000151bc       0x34 Libraries/FEHLCD.o
                0x000151bc                FEHLCD::Write(bool)
 .text._ZN6FEHLCD5WriteEc
                0x000151f0       0x30 Libraries/FEHLCD.o
                0x000151f0                FEHLCD::Write(char)
 .text._ZN6FEHLCD9WriteLineEPKc
                0x00015220       0x26 Libraries/FEHLCD.o
                0x00015220                FEHLCD::WriteLine(char const*)
 .text._ZN6FEHLCD9WriteLineEi
                0x00015246       0x26 Libraries/FEHLCD.o
                0x00015246                FEHLCD::WriteLine(int)
 .text._ZN6FEHLCD9WriteLineEf
                0x0001526c       0x26 Libraries/FEHLCD.o
                0x0001526c                FEHLCD::WriteLine(float)
 .text._ZN6FEHLCD9WriteLineEb
                0x00015292       0x2a Libraries/FEHLCD.o
                0x00015292                FEHLCD::WriteLine(bool)
 .text._ZN6FEHLCD9WriteLineEc
                0x000152bc       0x2a Libraries/FEHLCD.o
                0x000152bc                FEHLCD::WriteLine(char)
 *fill*         0x000152e6        0x2 ff
 .text._ZN6FEHLCD10WriteIndexEh
                0x000152e8      0x14c Libraries/FEHLCD.o
                0x000152e8                FEHLCD::WriteIndex(unsigned char)
 .text._ZN6FEHLCD14WriteParameterEh
                0x00015434      0x130 Libraries/FEHLCD.o
                0x00015434                FEHLCD::WriteParameter(unsigned char)
 .text._ZN6FEHLCD6_ClearEv
                0x00015564      0x15c Libraries/FEHLCD.o
                0x00015564                FEHLCD::_Clear()
 .text._ZN6FEHLCD8NextLineEv
                0x000156c0       0x2a Libraries/FEHLCD.o
                0x000156c0                FEHLCD::NextLine()
 .text._ZN6FEHLCD9CheckLineEv
                0x000156ea       0x28 Libraries/FEHLCD.o
                0x000156ea                FEHLCD::CheckLine()
 .text._ZN6FEHLCD8NextCharEv
                0x00015712       0x32 Libraries/FEHLCD.o
                0x00015712                FEHLCD::NextChar()
 .text._ZN6FEHLCD9DrawPixelEii
                0x00015744       0x2a Libraries/FEHLCD.o
                0x00015744                FEHLCD::DrawPixel(int, int)
 .text._Z4SwapRiS_
                0x0001576e       0x28 Libraries/FEHLCD.o
                0x0001576e                Swap(int&, int&)
 .text._ZN6FEHLCD13DrawRectangleEiiii
                0x00015796       0x7c Libraries/FEHLCD.o
                0x00015796                FEHLCD::DrawRectangle(int, int, int, int)
 .text._ZN6FEHLCD13SetDrawRegionEiiii
                0x00015812       0xfe Libraries/FEHLCD.o
                0x00015812                FEHLCD::SetDrawRegion(int, int, int, int)
 .text._ZN6FEHLCD13FillRectangleEiiii
                0x00015910       0x4c Libraries/FEHLCD.o
                0x00015910                FEHLCD::FillRectangle(int, int, int, int)
 .text._ZN6FEHLCD8DrawLineEiiii
                0x0001595c      0x14c Libraries/FEHLCD.o
                0x0001595c                FEHLCD::DrawLine(int, int, int, int)
 .text._ZN6FEHLCD9WriteCharEiic
                0x00015aa8       0x34 Libraries/FEHLCD.o
                0x00015aa8                FEHLCD::WriteChar(int, int, char)
 .text._ZN6FEHLCD11WriteCharAtEiic
                0x00015adc      0x214 Libraries/FEHLCD.o
                0x00015adc                FEHLCD::WriteCharAt(int, int, char)
 .text._ZN6FEHLCD11RepeatColorEv
                0x00015cf0       0x70 Libraries/FEHLCD.o
                0x00015cf0                FEHLCD::RepeatColor()
 .text._ZN6FEHLCD10_ForePixelEv
                0x00015d60       0xc4 Libraries/FEHLCD.o
                0x00015d60                FEHLCD::_ForePixel()
 .text._ZN6FEHLCD10_BackPixelEv
                0x00015e24       0xc4 Libraries/FEHLCD.o
                0x00015e24                FEHLCD::_BackPixel()
 .text._ZN6FEHLCD22SetRegisterColorValuesEv
                0x00015ee8      0x336 Libraries/FEHLCD.o
                0x00015ee8                FEHLCD::SetRegisterColorValues()
 .text._ZN7FEHIcon4IconC2Ev
                0x0001621e       0x14 Libraries/FEHLCD.o
                0x0001621e                FEHIcon::Icon::Icon()
                0x0001621e                FEHIcon::Icon::Icon()
 .text._ZN7FEHIcon4Icon13SetPropertiesEPciiiijj
                0x00016232       0x6a Libraries/FEHLCD.o
                0x00016232                FEHIcon::Icon::SetProperties(char*, int, int, int, int, unsigned int, unsigned int)
 .text._ZN7FEHIcon4Icon4DrawEv
                0x0001629c       0x90 Libraries/FEHLCD.o
                0x0001629c                FEHIcon::Icon::Draw()
 .text._ZN7FEHIcon4Icon6SelectEv
                0x0001632c       0x90 Libraries/FEHLCD.o
                0x0001632c                FEHIcon::Icon::Select()
 .text._ZN7FEHIcon4Icon8DeselectEv
                0x000163bc       0x8c Libraries/FEHLCD.o
                0x000163bc                FEHIcon::Icon::Deselect()
 .text._ZN7FEHIcon4Icon7PressedEffi
                0x00016448      0x13c Libraries/FEHLCD.o
                0x00016448                FEHIcon::Icon::Pressed(float, float, int)
 .text._ZN7FEHIcon4Icon12WhilePressedEff
                0x00016584       0x50 Libraries/FEHLCD.o
                0x00016584                FEHIcon::Icon::WhilePressed(float, float)
 .text._ZN7FEHIcon4Icon17ChangeLabelStringEPKc
                0x000165d4       0x64 Libraries/FEHLCD.o
                0x000165d4                FEHIcon::Icon::ChangeLabelString(char const*)
 .text._ZN7FEHIcon4Icon14ChangeLabelIntEi
                0x00016638       0x78 Libraries/FEHLCD.o
                0x00016638                FEHIcon::Icon::ChangeLabelInt(int)
 .text._ZN7FEHIcon13DrawIconArrayEPNS_4IconEiiiiiiPA20_cjj
                0x000166b0      0x168 Libraries/FEHLCD.o
                0x000166b0                FEHIcon::DrawIconArray(FEHIcon::Icon*, int, int, int, int, int, int, char (*) [20], unsigned int, unsigned int)
 .text._Z41__static_initialization_and_destruction_0ii
                0x00016818       0x2c Libraries/FEHLCD.o
 .text._GLOBAL__sub_I_image
                0x00016844       0x10 Libraries/FEHLCD.o
 .text._ZN8FEHAccelC2Ev
                0x00016854       0x70 Libraries/FEHAccel.o
                0x00016854                FEHAccel::FEHAccel()
                0x00016854                FEHAccel::FEHAccel()
 .text._Z41__static_initialization_and_destruction_0ii
                0x000168c4       0x2c Libraries/FEHAccel.o
 .text._GLOBAL__sub_I_Accel
                0x000168f0       0x10 Libraries/FEHAccel.o
 .text._ZN10FEHBatteryC2EN5FEHIO8FEHIOPinE
                0x00016900       0x22 Libraries/FEHBattery.o
                0x00016900                FEHBattery::FEHBattery(FEHIO::FEHIOPin)
                0x00016900                FEHBattery::FEHBattery(FEHIO::FEHIOPin)
 *fill*         0x00016922        0x2 ff
 .text._Z41__static_initialization_and_destruction_0ii
                0x00016924       0x30 Libraries/FEHBattery.o
 .text._GLOBAL__sub_I_Battery
                0x00016954       0x10 Libraries/FEHBattery.o
 .text._ZN7FEHXBeeC2Ev
                0x00016964       0x1a Drivers/FEHXBee.o
                0x00016964                FEHXBee::FEHXBee()
                0x00016964                FEHXBee::FEHXBee()
 *fill*         0x0001697e        0x2 ff
 .text._ZN7FEHXBee10InitializeEv
                0x00016980       0xdc Drivers/FEHXBee.o
                0x00016980                FEHXBee::Initialize()
 .text._ZN7FEHXBee13IsInitializedEv
                0x00016a5c       0x16 Drivers/FEHXBee.o
                0x00016a5c                FEHXBee::IsInitialized()
 *fill*         0x00016a72        0x2 ff
 .text._ZN7FEHXBee17ReceiveDataSearchEPcjh
                0x00016a74       0x8c Drivers/FEHXBee.o
                0x00016a74                FEHXBee::ReceiveDataSearch(char*, unsigned int, unsigned char)
 .text._ZN7FEHXBee8SendDataEPcj
                0x00016b00       0x40 Drivers/FEHXBee.o
                0x00016b00                FEHXBee::SendData(char*, unsigned int)
 .text._ZN7FEHXBee17SetPacketCallBackEPFvPhhE
                0x00016b40       0x20 Drivers/FEHXBee.o
                0x00016b40                FEHXBee::SetPacketCallBack(void (*)(unsigned char*, unsigned char))
 .text._Z22UART0_RX_TX_IRQHandlerv
                0x00016b60       0xec Drivers/FEHXBee.o
                0x00016b60                UART0_RX_TX_IRQHandler()
 .text._ZN6FEHRPSC2Ev
                0x00016c4c       0x74 Libraries/FEHRPS.o
                0x00016c4c                FEHRPS::FEHRPS()
                0x00016c4c                FEHRPS::FEHRPS()
 .text._ZN6FEHRPS10InitializeEi
                0x00016cc0      0x664 Libraries/FEHRPS.o
                0x00016cc0                FEHRPS::Initialize(int)
 .text._ZN6FEHRPS10InitializeEc
                0x00017324       0x46 Libraries/FEHRPS.o
                0x00017324                FEHRPS::Initialize(char)
 *fill*         0x0001736a        0x2 ff
 .text._ZN6FEHRPS19InitializeTouchMenuEv
                0x0001736c      0x41c Libraries/FEHRPS.o
                0x0001736c                FEHRPS::InitializeTouchMenu()
 .text._ZN6FEHRPS19CurrentRegionLetterEv
                0x00017788       0x1c Libraries/FEHRPS.o
                0x00017788                FEHRPS::CurrentRegionLetter()
 .text._ZN6FEHRPS11GetIceCreamEv
                0x000177a4       0x1c Libraries/FEHRPS.o
                0x000177a4                FEHRPS::GetIceCream()
 .text._ZN6FEHRPS13WaitForPacketEv
                0x000177c0       0x58 Libraries/FEHRPS.o
                0x000177c0                FEHRPS::WaitForPacket()
 .text._ZN6FEHRPS1XEv
                0x00017818       0x1c Libraries/FEHRPS.o
                0x00017818                FEHRPS::X()
 .text._ZN6FEHRPS1YEv
                0x00017834       0x1c Libraries/FEHRPS.o
                0x00017834                FEHRPS::Y()
 .text._ZN6FEHRPS7HeadingEv
                0x00017850       0x1c Libraries/FEHRPS.o
                0x00017850                FEHRPS::Heading()
 .text._Z14RPSDataProcessPhh
                0x0001786c      0x148 Libraries/FEHRPS.o
                0x0001786c                RPSDataProcess(unsigned char*, unsigned char)
 .text._Z41__static_initialization_and_destruction_0ii
                0x000179b4       0x2c Libraries/FEHRPS.o
 .text._GLOBAL__sub_I_RPS
                0x000179e0       0x10 Libraries/FEHRPS.o
 .text._ZN7FEHFileC2Ev
                0x000179f0       0x2c Libraries/FEHSD.o
                0x000179f0                FEHFile::FEHFile()
                0x000179f0                FEHFile::FEHFile()
 .text._ZN5FEHSDC2Ev
                0x00017a1c       0x24 Libraries/FEHSD.o
                0x00017a1c                FEHSD::FEHSD()
                0x00017a1c                FEHSD::FEHSD()
 .text._ZN5FEHSD5FOpenEPKcS1_
                0x00017a40      0x198 Libraries/FEHSD.o
                0x00017a40                FEHSD::FOpen(char const*, char const*)
 .text._ZN5FEHSD6FCloseEP7FEHFile
                0x00017bd8       0xb4 Libraries/FEHSD.o
                0x00017bd8                FEHSD::FClose(FEHFile*)
 .text._ZN5FEHSD9FCloseAllEv
                0x00017c8c       0x6c Libraries/FEHSD.o
                0x00017c8c                FEHSD::FCloseAll()
 .text._ZN5FEHSD7FPrintfEP7FEHFilePKcz
                0x00017cf8       0x58 Libraries/FEHSD.o
                0x00017cf8                FEHSD::FPrintf(FEHFile*, char const*, ...)
 .text._ZN5FEHSD6FScanfEP7FEHFilePKcz
                0x00017d50       0xd4 Libraries/FEHSD.o
                0x00017d50                FEHSD::FScanf(FEHFile*, char const*, ...)
 .text._ZN5FEHSD10InitializeEv
                0x00017e24       0xe0 Libraries/FEHSD.o
                0x00017e24                FEHSD::Initialize()
 .text._Z41__static_initialization_and_destruction_0ii
                0x00017f04       0x2c Libraries/FEHSD.o
 .text._GLOBAL__sub_I_SD
                0x00017f30       0x10 Libraries/FEHSD.o
 .text._ZN9FEHRandom10InitializeEv
                0x00017f40       0x3c Libraries/FEHRandom.o
                0x00017f40                FEHRandom::Initialize()
 .text._ZdlPvj  0x00017f7c        0x4 c:/program files (x86)/gnu arm embedded toolchain/10 2020-q4-major/bin/../lib/gcc/arm-none-eabi/10.2.1/../../../../arm-none-eabi/lib/thumb/v7e-m/nofp\libstdc++.a(del_ops.o)
                0x00017f7c                operator delete(void*, unsigned int)
 .text._Znwj    0x00017f80       0x3c c:/program files (x86)/gnu arm embedded toolchain/10 2020-q4-major/bin/../lib/gcc/arm-none-eabi/10.2.1/../../../../arm-none-eabi/lib/thumb/v7e-m/nofp\libstdc++.a(new_op.o)
                0x00017f80                operator new(unsigned int)
 .text._ZNKSt9bad_alloc4whatEv
                0x00017fbc        0x8 c:/program files (x86)/gnu arm embedded toolchain/10 2020-q4-major/bin/../lib/gcc/arm-none-eabi/10.2.1/../../../../arm-none-eabi/lib/thumb/v7e-m/nofp\libstdc++.a(bad_alloc.o)
                0x00017fbc                std::bad_alloc::what() const
 .text._ZNSt9bad_allocD2Ev
                0x00017fc4       0x14 c:/program files (x86)/gnu arm embedded toolchain/10 2020-q4-major/bin/../lib/gcc/arm-none-eabi/10.2.1/../../../../arm-none-eabi/lib/thumb/v7e-m/nofp\libstdc++.a(bad_alloc.o)
                0x00017fc4                std::bad_alloc::~bad_alloc()
                0x00017fc4                std::bad_alloc::~bad_alloc()
 .text._ZNSt9bad_allocD0Ev
                0x00017fd8       0x1c c:/program files (x86)/gnu arm embedded toolchain/10 2020-q4-major/bin/../lib/gcc/arm-none-eabi/10.2.1/../../../../arm-none-eabi/lib/thumb/v7e-m/nofp\libstdc++.a(bad_alloc.o)
                0x00017fd8                std::bad_alloc::~bad_alloc()
 .text._ZdlPv   0x00017ff4        0x4 c:/program files (x86)/gnu arm embedded toolchain/10 2020-q4-major/bin/../lib/gcc/arm-none-eabi/10.2.1/../../../../arm-none-eabi/lib/thumb/v7e-m/nofp\libstdc++.a(del_op.o)
                0x00017ff4                operator delete(void*)
 .text._ZN12_GLOBAL__N_14pool4freeEPv.constprop.0
                0x00017ff8       0x88 c:/program files (x86)/gnu arm embedded toolchain/10 2020-q4-major/bin/../lib/gcc/arm-none-eabi/10.2.1/../../../../arm-none-eabi/lib/thumb/v7e-m/nofp\libstdc++.a(eh_alloc.o)
 .text._ZN12_GLOBAL__N_14pool8allocateEj.constprop.0
                0x00018080       0x5c c:/program files (x86)/gnu arm embedded toolchain/10 2020-q4-major/bin/../lib/gcc/arm-none-eabi/10.2.1/../../../../arm-none-eabi/lib/thumb/v7e-m/nofp\libstdc++.a(eh_alloc.o)
 .text.__cxa_allocate_exception
                0x000180dc       0x30 c:/program files (x86)/gnu arm embedded toolchain/10 2020-q4-major/bin/../lib/gcc/arm-none-eabi/10.2.1/../../../../arm-none-eabi/lib/thumb/v7e-m/nofp\libstdc++.a(eh_alloc.o)
                0x000180dc                __cxa_allocate_exception
 .text.__cxa_free_exception
                0x0001810c       0x20 c:/program files (x86)/gnu arm embedded toolchain/10 2020-q4-major/bin/../lib/gcc/arm-none-eabi/10.2.1/../../../../arm-none-eabi/lib/thumb/v7e-m/nofp\libstdc++.a(eh_alloc.o)
                0x0001810c                __cxa_free_exception
 .text.startup._GLOBAL__sub_I__ZN9__gnu_cxx9__freeresEv
                0x0001812c       0x28 c:/program files (x86)/gnu arm embedded toolchain/10 2020-q4-major/bin/../lib/gcc/arm-none-eabi/10.2.1/../../../../arm-none-eabi/lib/thumb/v7e-m/nofp\libstdc++.a(eh_alloc.o)
 .text._ZNSt9exceptionD2Ev
                0x00018154        0x4 c:/program files (x86)/gnu arm embedded toolchain/10 2020-q4-major/bin/../lib/gcc/arm-none-eabi/10.2.1/../../../../arm-none-eabi/lib/thumb/v7e-m/nofp\libstdc++.a(eh_exception.o)
                0x00018154                std::exception::~exception()
                0x00018154                std::exception::~exception()
 .text._ZNSt13bad_exceptionD2Ev
                0x00018158        0x4 c:/program files (x86)/gnu arm embedded toolchain/10 2020-q4-major/bin/../lib/gcc/arm-none-eabi/10.2.1/../../../../arm-none-eabi/lib/thumb/v7e-m/nofp\libstdc++.a(eh_exception.o)
                0x00018158                std::bad_exception::~bad_exception()
                0x00018158                std::bad_exception::~bad_exception()
 .text._ZNKSt13bad_exception4whatEv
                0x0001815c        0x8 c:/program files (x86)/gnu arm embedded toolchain/10 2020-q4-major/bin/../lib/gcc/arm-none-eabi/10.2.1/../../../../arm-none-eabi/lib/thumb/v7e-m/nofp\libstdc++.a(eh_exception.o)
                0x0001815c                std::bad_exception::what() const
                0x0001815c                transaction clone for std::bad_exception::what() const
 .text._ZNSt13bad_exceptionD0Ev
                0x00018164       0x10 c:/program files (x86)/gnu arm embedded toolchain/10 2020-q4-major/bin/../lib/gcc/arm-none-eabi/10.2.1/../../../../arm-none-eabi/lib/thumb/v7e-m/nofp\libstdc++.a(eh_exception.o)
                0x00018164                std::bad_exception::~bad_exception()
 .text._ZN10__cxxabiv111__terminateEPFvvE
                0x00018174       0x28 c:/program files (x86)/gnu arm embedded toolchain/10 2020-q4-major/bin/../lib/gcc/arm-none-eabi/10.2.1/../../../../arm-none-eabi/lib/thumb/v7e-m/nofp\libstdc++.a(eh_terminate.o)
                0x00018174                __cxxabiv1::__terminate(void (*)())
 .text._ZSt9terminatev
                0x0001819c       0x14 c:/program files (x86)/gnu arm embedded toolchain/10 2020-q4-major/bin/../lib/gcc/arm-none-eabi/10.2.1/../../../../arm-none-eabi/lib/thumb/v7e-m/nofp\libstdc++.a(eh_terminate.o)
                0x0001819c                std::terminate()
 .text._ZN10__cxxabiv112__unexpectedEPFvvE
                0x000181b0        0x8 c:/program files (x86)/gnu arm embedded toolchain/10 2020-q4-major/bin/../lib/gcc/arm-none-eabi/10.2.1/../../../../arm-none-eabi/lib/thumb/v7e-m/nofp\libstdc++.a(eh_terminate.o)
                0x000181b0                __cxxabiv1::__unexpected(void (*)())
 .text._ZSt10unexpectedv
                0x000181b8       0x14 c:/program files (x86)/gnu arm embedded toolchain/10 2020-q4-major/bin/../lib/gcc/arm-none-eabi/10.2.1/../../../../arm-none-eabi/lib/thumb/v7e-m/nofp\libstdc++.a(eh_terminate.o)
                0x000181b8                std::unexpected()
 .text._ZSt13get_terminatev
                0x000181cc       0x10 c:/program files (x86)/gnu arm embedded toolchain/10 2020-q4-major/bin/../lib/gcc/arm-none-eabi/10.2.1/../../../../arm-none-eabi/lib/thumb/v7e-m/nofp\libstdc++.a(eh_terminate.o)
                0x000181cc                std::get_terminate()
 .text._ZSt14get_unexpectedv
                0x000181dc       0x10 c:/program files (x86)/gnu arm embedded toolchain/10 2020-q4-major/bin/../lib/gcc/arm-none-eabi/10.2.1/../../../../arm-none-eabi/lib/thumb/v7e-m/nofp\libstdc++.a(eh_terminate.o)
                0x000181dc                std::get_unexpected()
 .text._ZL23__gxx_exception_cleanup19_Unwind_Reason_CodeP21_Unwind_Control_Block
                0x000181ec       0x44 c:/program files (x86)/gnu arm embedded toolchain/10 2020-q4-major/bin/../lib/gcc/arm-none-eabi/10.2.1/../../../../arm-none-eabi/lib/thumb/v7e-m/nofp\libstdc++.a(eh_throw.o)
 .text.__cxa_init_primary_exception
                0x00018230       0x58 c:/program files (x86)/gnu arm embedded toolchain/10 2020-q4-major/bin/../lib/gcc/arm-none-eabi/10.2.1/../../../../arm-none-eabi/lib/thumb/v7e-m/nofp\libstdc++.a(eh_throw.o)
                0x00018230                __cxa_init_primary_exception
 .text.__cxa_throw
                0x00018288       0x34 c:/program files (x86)/gnu arm embedded toolchain/10 2020-q4-major/bin/../lib/gcc/arm-none-eabi/10.2.1/../../../../arm-none-eabi/lib/thumb/v7e-m/nofp\libstdc++.a(eh_throw.o)
                0x00018288                __cxa_throw
 .text.__cxa_rethrow
                0x000182bc       0x70 c:/program files (x86)/gnu arm embedded toolchain/10 2020-q4-major/bin/../lib/gcc/arm-none-eabi/10.2.1/../../../../arm-none-eabi/lib/thumb/v7e-m/nofp\libstdc++.a(eh_throw.o)
                0x000182bc                __cxa_rethrow
 .text._ZSt15get_new_handlerv
                0x0001832c       0x10 c:/program files (x86)/gnu arm embedded toolchain/10 2020-q4-major/bin/../lib/gcc/arm-none-eabi/10.2.1/../../../../arm-none-eabi/lib/thumb/v7e-m/nofp\libstdc++.a(new_handler.o)
                0x0001832c                std::get_new_handler()
 .text._ZN10__cxxabiv120__si_class_type_infoD2Ev
                0x0001833c       0x14 c:/program files (x86)/gnu arm embedded toolchain/10 2020-q4-major/bin/../lib/gcc/arm-none-eabi/10.2.1/../../../../arm-none-eabi/lib/thumb/v7e-m/nofp\libstdc++.a(si_class_type_info.o)
                0x0001833c                __cxxabiv1::__si_class_type_info::~__si_class_type_info()
                0x0001833c                __cxxabiv1::__si_class_type_info::~__si_class_type_info()
 .text._ZN10__cxxabiv120__si_class_type_infoD0Ev
                0x00018350       0x1c c:/program files (x86)/gnu arm embedded toolchain/10 2020-q4-major/bin/../lib/gcc/arm-none-eabi/10.2.1/../../../../arm-none-eabi/lib/thumb/v7e-m/nofp\libstdc++.a(si_class_type_info.o)
                0x00018350                __cxxabiv1::__si_class_type_info::~__si_class_type_info()
 .text._ZNK10__cxxabiv120__si_class_type_info20__do_find_public_srcEiPKvPKNS_17__class_type_infoES2_
                0x0001836c       0x3c c:/program files (x86)/gnu arm embedded toolchain/10 2020-q4-major/bin/../lib/gcc/arm-none-eabi/10.2.1/../../../../arm-none-eabi/lib/thumb/v7e-m/nofp\libstdc++.a(si_class_type_info.o)
                0x0001836c                __cxxabiv1::__si_class_type_info::__do_find_public_src(int, void const*, __cxxabiv1::__class_type_info const*, void const*) const
 .text._ZNK10__cxxabiv120__si_class_type_info12__do_dyncastEiNS_17__class_type_info10__sub_kindEPKS1_PKvS4_S6_RNS1_16__dyncast_resultE
                0x000183a8       0x84 c:/program files (x86)/gnu arm embedded toolchain/10 2020-q4-major/bin/../lib/gcc/arm-none-eabi/10.2.1/../../../../arm-none-eabi/lib/thumb/v7e-m/nofp\libstdc++.a(si_class_type_info.o)
                0x000183a8                __cxxabiv1::__si_class_type_info::__do_dyncast(int, __cxxabiv1::__class_type_info::__sub_kind, __cxxabiv1::__class_type_info const*, void const*, __cxxabiv1::__class_type_info const*, void const*, __cxxabiv1::__class_type_info::__dyncast_result&) const
 .text._ZNK10__cxxabiv120__si_class_type_info11__do_upcastEPKNS_17__class_type_infoEPKvRNS1_15__upcast_resultE
                0x0001842c       0x2c c:/program files (x86)/gnu arm embedded toolchain/10 2020-q4-major/bin/../lib/gcc/arm-none-eabi/10.2.1/../../../../arm-none-eabi/lib/thumb/v7e-m/nofp\libstdc++.a(si_class_type_info.o)
                0x0001842c                __cxxabiv1::__si_class_type_info::__do_upcast(__cxxabiv1::__class_type_info const*, void const*, __cxxabiv1::__class_type_info::__upcast_result&) const
 .text._ZNSt9type_infoD2Ev
                0x00018458        0x4 c:/program files (x86)/gnu arm embedded toolchain/10 2020-q4-major/bin/../lib/gcc/arm-none-eabi/10.2.1/../../../../arm-none-eabi/lib/thumb/v7e-m/nofp\libstdc++.a(tinfo.o)
                0x00018458                std::type_info::~type_info()
                0x00018458                std::type_info::~type_info()
 .text._ZNKSt9type_info14__is_pointer_pEv
                0x0001845c        0x4 c:/program files (x86)/gnu arm embedded toolchain/10 2020-q4-major/bin/../lib/gcc/arm-none-eabi/10.2.1/../../../../arm-none-eabi/lib/thumb/v7e-m/nofp\libstdc++.a(tinfo.o)
                0x0001845c                std::type_info::__is_pointer_p() const
                0x0001845c                std::type_info::__is_function_p() const
 .text._ZNKSt9type_infoeqERKS_
                0x00018460       0x2c c:/program files (x86)/gnu arm embedded toolchain/10 2020-q4-major/bin/../lib/gcc/arm-none-eabi/10.2.1/../../../../arm-none-eabi/lib/thumb/v7e-m/nofp\libstdc++.a(tinfo.o)
                0x00018460                std::type_info::operator==(std::type_info const&) const
 .text._ZN9__gnu_cxx27__verbose_terminate_handlerEv
                0x0001848c      0x10c c:/program files (x86)/gnu arm embedded toolchain/10 2020-q4-major/bin/../lib/gcc/arm-none-eabi/10.2.1/../../../../arm-none-eabi/lib/thumb/v7e-m/nofp\libstdc++.a(vterminate.o)
                0x0001848c                __gnu_cxx::__verbose_terminate_handler()
 .text._ZNK10__cxxabiv117__class_type_info11__do_upcastEPKS0_PPv
                0x00018598       0x34 c:/program files (x86)/gnu arm embedded toolchain/10 2020-q4-major/bin/../lib/gcc/arm-none-eabi/10.2.1/../../../../arm-none-eabi/lib/thumb/v7e-m/nofp\libstdc++.a(class_type_info.o)
                0x00018598                __cxxabiv1::__class_type_info::__do_upcast(__cxxabiv1::__class_type_info const*, void**) const
 .text._ZNK10__cxxabiv117__class_type_info20__do_find_public_srcEiPKvPKS0_S2_
                0x000185cc        0xc c:/program files (x86)/gnu arm embedded toolchain/10 2020-q4-major/bin/../lib/gcc/arm-none-eabi/10.2.1/../../../../arm-none-eabi/lib/thumb/v7e-m/nofp\libstdc++.a(class_type_info.o)
                0x000185cc                __cxxabiv1::__class_type_info::__do_find_public_src(int, void const*, __cxxabiv1::__class_type_info const*, void const*) const
 .text._ZN10__cxxabiv117__class_type_infoD2Ev
                0x000185d8       0x14 c:/program files (x86)/gnu arm embedded toolchain/10 2020-q4-major/bin/../lib/gcc/arm-none-eabi/10.2.1/../../../../arm-none-eabi/lib/thumb/v7e-m/nofp\libstdc++.a(class_type_info.o)
                0x000185d8                __cxxabiv1::__class_type_info::~__class_type_info()
                0x000185d8                __cxxabiv1::__class_type_info::~__class_type_info()
 .text._ZN10__cxxabiv117__class_type_infoD0Ev
                0x000185ec       0x1c c:/program files (x86)/gnu arm embedded toolchain/10 2020-q4-major/bin/../lib/gcc/arm-none-eabi/10.2.1/../../../../arm-none-eabi/lib/thumb/v7e-m/nofp\libstdc++.a(class_type_info.o)
                0x000185ec                __cxxabiv1::__class_type_info::~__class_type_info()
 .text._ZNK10__cxxabiv117__class_type_info12__do_dyncastEiNS0_10__sub_kindEPKS0_PKvS3_S5_RNS0_16__dyncast_resultE
                0x00018608       0x44 c:/program files (x86)/gnu arm embedded toolchain/10 2020-q4-major/bin/../lib/gcc/arm-none-eabi/10.2.1/../../../../arm-none-eabi/lib/thumb/v7e-m/nofp\libstdc++.a(class_type_info.o)
                0x00018608                __cxxabiv1::__class_type_info::__do_dyncast(int, __cxxabiv1::__class_type_info::__sub_kind, __cxxabiv1::__class_type_info const*, void const*, __cxxabiv1::__class_type_info const*, void const*, __cxxabiv1::__class_type_info::__dyncast_result&) const
 .text._ZNK10__cxxabiv117__class_type_info11__do_upcastEPKS0_PKvRNS0_15__upcast_resultE
                0x0001864c       0x1c c:/program files (x86)/gnu arm embedded toolchain/10 2020-q4-major/bin/../lib/gcc/arm-none-eabi/10.2.1/../../../../arm-none-eabi/lib/thumb/v7e-m/nofp\libstdc++.a(class_type_info.o)
                0x0001864c                __cxxabiv1::__class_type_info::__do_upcast(__cxxabiv1::__class_type_info const*, void const*, __cxxabiv1::__class_type_info::__upcast_result&) const
 .text._ZNK10__cxxabiv117__class_type_info10__do_catchEPKSt9type_infoPPvj
                0x00018668       0x2c c:/program files (x86)/gnu arm embedded toolchain/10 2020-q4-major/bin/../lib/gcc/arm-none-eabi/10.2.1/../../../../arm-none-eabi/lib/thumb/v7e-m/nofp\libstdc++.a(class_type_info.o)
                0x00018668                __cxxabiv1::__class_type_info::__do_catch(std::type_info const*, void**, unsigned int) const
 .text          0x00018694     0x5fa4 c:/program files (x86)/gnu arm embedded toolchain/10 2020-q4-major/bin/../lib/gcc/arm-none-eabi/10.2.1/../../../../arm-none-eabi/lib/thumb/v7e-m/nofp\libstdc++.a(cp-demangle.o)
                0x0001e550                __cxa_demangle
                0x0001e614                __gcclibcxx_demangle_callback
 .text.__cxa_end_cleanup
                0x0001e638        0xc c:/program files (x86)/gnu arm embedded toolchain/10 2020-q4-major/bin/../lib/gcc/arm-none-eabi/10.2.1/../../../../arm-none-eabi/lib/thumb/v7e-m/nofp\libstdc++.a(eh_arm.o)
                0x0001e638                __cxa_end_cleanup
 .text.__cxa_type_match
                0x0001e644       0xb4 c:/program files (x86)/gnu arm embedded toolchain/10 2020-q4-major/bin/../lib/gcc/arm-none-eabi/10.2.1/../../../../arm-none-eabi/lib/thumb/v7e-m/nofp\libstdc++.a(eh_arm.o)
                0x0001e644                __cxa_type_match
 .text.__cxa_begin_cleanup
                0x0001e6f8       0x64 c:/program files (x86)/gnu arm embedded toolchain/10 2020-q4-major/bin/../lib/gcc/arm-none-eabi/10.2.1/../../../../arm-none-eabi/lib/thumb/v7e-m/nofp\libstdc++.a(eh_arm.o)
                0x0001e6f8                __cxa_begin_cleanup
 .text.__gnu_end_cleanup
                0x0001e75c       0x70 c:/program files (x86)/gnu arm embedded toolchain/10 2020-q4-major/bin/../lib/gcc/arm-none-eabi/10.2.1/../../../../arm-none-eabi/lib/thumb/v7e-m/nofp\libstdc++.a(eh_arm.o)
                0x0001e75c                __gnu_end_cleanup
 .text._ZN10__cxxabiv1L24__is_gxx_exception_classEPc
                0x0001e7cc       0x3c c:/program files (x86)/gnu arm embedded toolchain/10 2020-q4-major/bin/../lib/gcc/arm-none-eabi/10.2.1/../../../../arm-none-eabi/lib/thumb/v7e-m/nofp\libstdc++.a(eh_call.o)
 .text.__cxa_call_terminate
                0x0001e808       0x20 c:/program files (x86)/gnu arm embedded toolchain/10 2020-q4-major/bin/../lib/gcc/arm-none-eabi/10.2.1/../../../../arm-none-eabi/lib/thumb/v7e-m/nofp\libstdc++.a(eh_call.o)
                0x0001e808                __cxa_call_terminate
 .text.unlikely.__cxa_call_unexpected
                0x0001e828       0xe4 c:/program files (x86)/gnu arm embedded toolchain/10 2020-q4-major/bin/../lib/gcc/arm-none-eabi/10.2.1/../../../../arm-none-eabi/lib/thumb/v7e-m/nofp\libstdc++.a(eh_call.o)
                0x0001e828                __cxa_call_unexpected
 .text.__cxa_begin_catch
                0x0001e90c       0x7c c:/program files (x86)/gnu arm embedded toolchain/10 2020-q4-major/bin/../lib/gcc/arm-none-eabi/10.2.1/../../../../arm-none-eabi/lib/thumb/v7e-m/nofp\libstdc++.a(eh_catch.o)
                0x0001e90c                __cxa_begin_catch
 .text.__cxa_end_catch
                0x0001e988       0x8c c:/program files (x86)/gnu arm embedded toolchain/10 2020-q4-major/bin/../lib/gcc/arm-none-eabi/10.2.1/../../../../arm-none-eabi/lib/thumb/v7e-m/nofp\libstdc++.a(eh_catch.o)
                0x0001e988                __cxa_end_catch
 .text.__cxa_get_globals_fast
                0x0001ea14        0x8 c:/program files (x86)/gnu arm embedded toolchain/10 2020-q4-major/bin/../lib/gcc/arm-none-eabi/10.2.1/../../../../arm-none-eabi/lib/thumb/v7e-m/nofp\libstdc++.a(eh_globals.o)
                0x0001ea14                __cxa_get_globals_fast
 .text.__cxa_get_globals
                0x0001ea1c        0x8 c:/program files (x86)/gnu arm embedded toolchain/10 2020-q4-major/bin/../lib/gcc/arm-none-eabi/10.2.1/../../../../arm-none-eabi/lib/thumb/v7e-m/nofp\libstdc++.a(eh_globals.o)
                0x0001ea1c                __cxa_get_globals
 .text._ZL28read_encoded_value_with_basehjPKhPj
                0x0001ea24       0xc0 c:/program files (x86)/gnu arm embedded toolchain/10 2020-q4-major/bin/../lib/gcc/arm-none-eabi/10.2.1/../../../../arm-none-eabi/lib/thumb/v7e-m/nofp\libstdc++.a(eh_personality.o)
 .text._ZL21base_of_encoded_valuehP15_Unwind_Context
                0x0001eae4       0x48 c:/program files (x86)/gnu arm embedded toolchain/10 2020-q4-major/bin/../lib/gcc/arm-none-eabi/10.2.1/../../../../arm-none-eabi/lib/thumb/v7e-m/nofp\libstdc++.a(eh_personality.o)
 .text._ZL17parse_lsda_headerP15_Unwind_ContextPKhP16lsda_header_info
                0x0001eb2c       0x94 c:/program files (x86)/gnu arm embedded toolchain/10 2020-q4-major/bin/../lib/gcc/arm-none-eabi/10.2.1/../../../../arm-none-eabi/lib/thumb/v7e-m/nofp\libstdc++.a(eh_personality.o)
 .text.__gxx_personality_v0
                0x0001ebc0      0x4a8 c:/program files (x86)/gnu arm embedded toolchain/10 2020-q4-major/bin/../lib/gcc/arm-none-eabi/10.2.1/../../../../arm-none-eabi/lib/thumb/v7e-m/nofp\libstdc++.a(eh_personality.o)
                0x0001ebc0                __gxx_personality_v0
 .text.__cxa_current_exception_type
                0x0001f068       0x1c c:/program files (x86)/gnu arm embedded toolchain/10 2020-q4-major/bin/../lib/gcc/arm-none-eabi/10.2.1/../../../../arm-none-eabi/lib/thumb/v7e-m/nofp\libstdc++.a(eh_type.o)
                0x0001f068                __cxa_current_exception_type
 .text          0x0001f084      0x378 c:/program files (x86)/gnu arm embedded toolchain/10 2020-q4-major/bin/../lib/gcc/arm-none-eabi/10.2.1/thumb/v7e-m/nofp\libgcc.a(_arm_addsubdf3.o)
                0x0001f084                __aeabi_drsub
                0x0001f08c                __aeabi_dsub
                0x0001f08c                __subdf3
                0x0001f090                __aeabi_dadd
                0x0001f090                __adddf3
                0x0001f308                __floatunsidf
                0x0001f308                __aeabi_ui2d
                0x0001f328                __floatsidf
                0x0001f328                __aeabi_i2d
                0x0001f34c                __aeabi_f2d
                0x0001f34c                __extendsfdf2
                0x0001f390                __floatundidf
                0x0001f390                __aeabi_ul2d
                0x0001f3a0                __floatdidf
                0x0001f3a0                __aeabi_l2d
 .text          0x0001f3fc      0x424 c:/program files (x86)/gnu arm embedded toolchain/10 2020-q4-major/bin/../lib/gcc/arm-none-eabi/10.2.1/thumb/v7e-m/nofp\libgcc.a(_arm_muldivdf3.o)
                0x0001f3fc                __aeabi_dmul
                0x0001f3fc                __muldf3
                0x0001f650                __divdf3
                0x0001f650                __aeabi_ddiv
 .text          0x0001f820      0x110 c:/program files (x86)/gnu arm embedded toolchain/10 2020-q4-major/bin/../lib/gcc/arm-none-eabi/10.2.1/thumb/v7e-m/nofp\libgcc.a(_arm_cmpdf2.o)
                0x0001f820                __gtdf2
                0x0001f820                __gedf2
                0x0001f828                __ltdf2
                0x0001f828                __ledf2
                0x0001f830                __nedf2
                0x0001f830                __eqdf2
                0x0001f830                __cmpdf2
                0x0001f8ac                __aeabi_cdrcmple
                0x0001f8bc                __aeabi_cdcmpeq
                0x0001f8bc                __aeabi_cdcmple
                0x0001f8cc                __aeabi_dcmpeq
                0x0001f8e0                __aeabi_dcmplt
                0x0001f8f4                __aeabi_dcmple
                0x0001f908                __aeabi_dcmpge
                0x0001f91c                __aeabi_dcmpgt
 .text          0x0001f930       0x50 c:/program files (x86)/gnu arm embedded toolchain/10 2020-q4-major/bin/../lib/gcc/arm-none-eabi/10.2.1/thumb/v7e-m/nofp\libgcc.a(_arm_fixdfsi.o)
                0x0001f930                __aeabi_d2iz
                0x0001f930                __fixdfsi
 .text          0x0001f980       0x40 c:/program files (x86)/gnu arm embedded toolchain/10 2020-q4-major/bin/../lib/gcc/arm-none-eabi/10.2.1/thumb/v7e-m/nofp\libgcc.a(_arm_fixunsdfsi.o)
                0x0001f980                __aeabi_d2uiz
                0x0001f980                __fixunsdfsi
 .text          0x0001f9c0       0xa0 c:/program files (x86)/gnu arm embedded toolchain/10 2020-q4-major/bin/../lib/gcc/arm-none-eabi/10.2.1/thumb/v7e-m/nofp\libgcc.a(_arm_truncdfsf2.o)
                0x0001f9c0                __truncdfsf2
                0x0001f9c0                __aeabi_d2f
 .text          0x0001fa60      0x21c c:/program files (x86)/gnu arm embedded toolchain/10 2020-q4-major/bin/../lib/gcc/arm-none-eabi/10.2.1/thumb/v7e-m/nofp\libgcc.a(_arm_addsubsf3.o)
                0x0001fa60                __aeabi_frsub
                0x0001fa68                __subsf3
                0x0001fa68                __aeabi_fsub
                0x0001fa6c                __aeabi_fadd
                0x0001fa6c                __addsf3
                0x0001fbcc                __aeabi_ui2f
                0x0001fbcc                __floatunsisf
                0x0001fbd4                __aeabi_i2f
                0x0001fbd4                __floatsisf
                0x0001fbf0                __aeabi_ul2f
                0x0001fbf0                __floatundisf
                0x0001fc00                __aeabi_l2f
                0x0001fc00                __floatdisf
 .text          0x0001fc7c      0x2a0 c:/program files (x86)/gnu arm embedded toolchain/10 2020-q4-major/bin/../lib/gcc/arm-none-eabi/10.2.1/thumb/v7e-m/nofp\libgcc.a(_arm_muldivsf3.o)
                0x0001fc7c                __mulsf3
                0x0001fc7c                __aeabi_fmul
                0x0001fde4                __aeabi_fdiv
                0x0001fde4                __divsf3
 .text          0x0001ff1c       0xec c:/program files (x86)/gnu arm embedded toolchain/10 2020-q4-major/bin/../lib/gcc/arm-none-eabi/10.2.1/thumb/v7e-m/nofp\libgcc.a(_arm_cmpsf2.o)
                0x0001ff1c                __gesf2
                0x0001ff1c                __gtsf2
                0x0001ff24                __lesf2
                0x0001ff24                __ltsf2
                0x0001ff2c                __nesf2
                0x0001ff2c                __eqsf2
                0x0001ff2c                __cmpsf2
                0x0001ff8c                __aeabi_cfrcmple
                0x0001ff94                __aeabi_cfcmpeq
                0x0001ff94                __aeabi_cfcmple
                0x0001ffa4                __aeabi_fcmpeq
                0x0001ffb8                __aeabi_fcmplt
                0x0001ffcc                __aeabi_fcmple
                0x0001ffe0                __aeabi_fcmpge
                0x0001fff4                __aeabi_fcmpgt
 .text          0x00020008       0x4c c:/program files (x86)/gnu arm embedded toolchain/10 2020-q4-major/bin/../lib/gcc/arm-none-eabi/10.2.1/thumb/v7e-m/nofp\libgcc.a(_arm_fixsfsi.o)
                0x00020008                __aeabi_f2iz
                0x00020008                __fixsfsi
 .text          0x00020054       0x40 c:/program files (x86)/gnu arm embedded toolchain/10 2020-q4-major/bin/../lib/gcc/arm-none-eabi/10.2.1/thumb/v7e-m/nofp\libgcc.a(_arm_fixunssfsi.o)
                0x00020054                __fixunssfsi
                0x00020054                __aeabi_f2uiz
 .text          0x00020094      0x9d8 c:/program files (x86)/gnu arm embedded toolchain/10 2020-q4-major/bin/../lib/gcc/arm-none-eabi/10.2.1/thumb/v7e-m/nofp\libgcc.a(unwind-arm.o)
                0x0002033c                _Unwind_GetCFA
                0x00020340                __gnu_Unwind_RaiseException
                0x000203a8                __gnu_Unwind_ForcedUnwind
                0x000203b8                __gnu_Unwind_Resume
                0x000203fc                __gnu_Unwind_Resume_or_Rethrow
                0x0002040c                _Unwind_Complete
                0x00020410                _Unwind_DeleteException
                0x0002041c                _Unwind_VRS_Get
                0x00020468                _Unwind_VRS_Set
                0x000204b0                __gnu_Unwind_Backtrace
                0x000207dc                __aeabi_unwind_cpp_pr0
                0x000207e0                __aeabi_unwind_cpp_pr1
                0x000207e4                __aeabi_unwind_cpp_pr2
                0x000207e8                _Unwind_VRS_Pop
 .text          0x00020a6c      0x1ac c:/program files (x86)/gnu arm embedded toolchain/10 2020-q4-major/bin/../lib/gcc/arm-none-eabi/10.2.1/thumb/v7e-m/nofp\libgcc.a(libunwind.o)
                0x00020a6c                __restore_core_regs
                0x00020a6c                restore_core_regs
                0x00020a84                __gnu_Unwind_Restore_VFP
                0x00020a8c                __gnu_Unwind_Save_VFP
                0x00020a94                __gnu_Unwind_Restore_VFP_D
                0x00020a9c                __gnu_Unwind_Save_VFP_D
                0x00020aa4                __gnu_Unwind_Restore_VFP_D_16_to_31
                0x00020aac                __gnu_Unwind_Save_VFP_D_16_to_31
                0x00020ab4                __gnu_Unwind_Restore_WMMXD
                0x00020af8                __gnu_Unwind_Save_WMMXD
                0x00020b3c                __gnu_Unwind_Restore_WMMXC
                0x00020b50                __gnu_Unwind_Save_WMMXC
                0x00020b64                ___Unwind_RaiseException
                0x00020b64                _Unwind_RaiseException
                0x00020b88                _Unwind_Resume
                0x00020b88                ___Unwind_Resume
                0x00020bac                _Unwind_Resume_or_Rethrow
                0x00020bac                ___Unwind_Resume_or_Rethrow
                0x00020bd0                _Unwind_ForcedUnwind
                0x00020bd0                ___Unwind_ForcedUnwind
                0x00020bf4                ___Unwind_Backtrace
                0x00020bf4                _Unwind_Backtrace
 .text          0x00020c18      0x350 c:/program files (x86)/gnu arm embedded toolchain/10 2020-q4-major/bin/../lib/gcc/arm-none-eabi/10.2.1/thumb/v7e-m/nofp\libgcc.a(pr-support.o)
                0x00020c70                __gnu_unwind_execute
                0x00020f1c                __gnu_unwind_frame
                0x00020f48                _Unwind_GetRegionStart
                0x00020f54                _Unwind_GetLanguageSpecificData
 .text.unlikely
                0x00020f68        0xc c:/program files (x86)/gnu arm embedded toolchain/10 2020-q4-major/bin/../lib/gcc/arm-none-eabi/10.2.1/thumb/v7e-m/nofp\libgcc.a(pr-support.o)
                0x00020f68                _Unwind_GetDataRelBase
                0x00020f6e                _Unwind_GetTextRelBase
 .text.abort    0x00020f74       0x10 c:/program files (x86)/gnu arm embedded toolchain/10 2020-q4-major/bin/../lib/gcc/arm-none-eabi/10.2.1/../../../../arm-none-eabi/lib/thumb/v7e-m/nofp\libg.a(lib_a-abort.o)
                0x00020f74                abort
 .text.fputc    0x00020f84       0x58 c:/program files (x86)/gnu arm embedded toolchain/10 2020-q4-major/bin/../lib/gcc/arm-none-eabi/10.2.1/../../../../arm-none-eabi/lib/thumb/v7e-m/nofp\libg.a(lib_a-fputc.o)
                0x00020f84                fputc
 .text._fputs_r
                0x00020fdc       0x88 c:/program files (x86)/gnu arm embedded toolchain/10 2020-q4-major/bin/../lib/gcc/arm-none-eabi/10.2.1/../../../../arm-none-eabi/lib/thumb/v7e-m/nofp\libg.a(lib_a-fputs.o)
                0x00020fdc                _fputs_r
 .text.fputs    0x00021064       0x18 c:/program files (x86)/gnu arm embedded toolchain/10 2020-q4-major/bin/../lib/gcc/arm-none-eabi/10.2.1/../../../../arm-none-eabi/lib/thumb/v7e-m/nofp\libg.a(lib_a-fputs.o)
                0x00021064                fputs
 .text.__sfvwrite_r
                0x0002107c      0x2e8 c:/program files (x86)/gnu arm embedded toolchain/10 2020-q4-major/bin/../lib/gcc/arm-none-eabi/10.2.1/../../../../arm-none-eabi/lib/thumb/v7e-m/nofp\libg.a(lib_a-fvwrite.o)
                0x0002107c                __sfvwrite_r
 .text._fwrite_r
                0x00021364       0xa8 c:/program files (x86)/gnu arm embedded toolchain/10 2020-q4-major/bin/../lib/gcc/arm-none-eabi/10.2.1/../../../../arm-none-eabi/lib/thumb/v7e-m/nofp\libg.a(lib_a-fwrite.o)
                0x00021364                _fwrite_r
 .text.fwrite   0x0002140c       0x20 c:/program files (x86)/gnu arm embedded toolchain/10 2020-q4-major/bin/../lib/gcc/arm-none-eabi/10.2.1/../../../../arm-none-eabi/lib/thumb/v7e-m/nofp\libg.a(lib_a-fwrite.o)
                0x0002140c                fwrite
 .text.__libc_init_array
                0x0002142c       0x48 c:/program files (x86)/gnu arm embedded toolchain/10 2020-q4-major/bin/../lib/gcc/arm-none-eabi/10.2.1/../../../../arm-none-eabi/lib/thumb/v7e-m/nofp\libg.a(lib_a-init.o)
                0x0002142c                __libc_init_array
 .text.__retarget_lock_init_recursive
                0x00021474        0x4 c:/program files (x86)/gnu arm embedded toolchain/10 2020-q4-major/bin/../lib/gcc/arm-none-eabi/10.2.1/../../../../arm-none-eabi/lib/thumb/v7e-m/nofp\libg.a(lib_a-lock.o)
                0x00021474                __retarget_lock_init_recursive
 .text.__retarget_lock_close_recursive
                0x00021478        0x4 c:/program files (x86)/gnu arm embedded toolchain/10 2020-q4-major/bin/../lib/gcc/arm-none-eabi/10.2.1/../../../../arm-none-eabi/lib/thumb/v7e-m/nofp\libg.a(lib_a-lock.o)
                0x00021478                __retarget_lock_close_recursive
 .text.__retarget_lock_acquire_recursive
                0x0002147c        0x4 c:/program files (x86)/gnu arm embedded toolchain/10 2020-q4-major/bin/../lib/gcc/arm-none-eabi/10.2.1/../../../../arm-none-eabi/lib/thumb/v7e-m/nofp\libg.a(lib_a-lock.o)
                0x0002147c                __retarget_lock_acquire_recursive
 .text.__retarget_lock_release_recursive
                0x00021480        0x4 c:/program files (x86)/gnu arm embedded toolchain/10 2020-q4-major/bin/../lib/gcc/arm-none-eabi/10.2.1/../../../../arm-none-eabi/lib/thumb/v7e-m/nofp\libg.a(lib_a-lock.o)
                0x00021480                __retarget_lock_release_recursive
 .text.malloc   0x00021484       0x10 c:/program files (x86)/gnu arm embedded toolchain/10 2020-q4-major/bin/../lib/gcc/arm-none-eabi/10.2.1/../../../../arm-none-eabi/lib/thumb/v7e-m/nofp\libg.a(lib_a-malloc.o)